Archive member included to satisfy reference by file (symbol)

/usr/lib/gap_riscv_toolchain/bin/../lib/gcc/riscv32-unknown-elf/7.1.1/rv32imcxgap8/ilp32/libgcc.a(_bswapsi2.o)
                              /module/examples/other/lin_cluster_test_direct_sendimg/BUILD/GAP8_V2/GCC_RISCV_FREERTOS//gap_sdk/rtos/pmsis/bsp/fs/lfs/lfs.o (__bswapsi2)
/usr/lib/gap_riscv_toolchain/bin/../lib/gcc/riscv32-unknown-elf/7.1.1/rv32imcxgap8/ilp32/libgcc.a(_divdi3.o)
                              /module/examples/other/lin_cluster_test_direct_sendimg/BUILD/GAP8_V2/GCC_RISCV_FREERTOS//gap_sdk/rtos/freeRTOS/vendors/gwt/pmsis/backend/pmsis_backend_native_task_api.o (__divdi3)
/usr/lib/gap_riscv_toolchain/bin/../lib/gcc/riscv32-unknown-elf/7.1.1/rv32imcxgap8/ilp32/libgcc.a(_udivdi3.o)
                              /module/examples/other/lin_cluster_test_direct_sendimg/BUILD/GAP8_V2/GCC_RISCV_FREERTOS//gap_sdk/rtos/freeRTOS/vendors/gwt/pmsis/backend/pmsis_backend_native_task_api.o (__udivdi3)
/usr/lib/gap_riscv_toolchain/bin/../lib/gcc/riscv32-unknown-elf/7.1.1/rv32imcxgap8/ilp32/libgcc.a(adddf3.o)
                              /module/examples/other/lin_cluster_test_direct_sendimg/BUILD/GAP8_V2/GCC_RISCV_FREERTOS//gap_sdk/rtos/freeRTOS/vendors/gwt/libs/printf/printf.o (__adddf3)
/usr/lib/gap_riscv_toolchain/bin/../lib/gcc/riscv32-unknown-elf/7.1.1/rv32imcxgap8/ilp32/libgcc.a(divdf3.o)
                              /module/examples/other/lin_cluster_test_direct_sendimg/BUILD/GAP8_V2/GCC_RISCV_FREERTOS//gap_sdk/rtos/freeRTOS/vendors/gwt/libs/printf/printf.o (__divdf3)
/usr/lib/gap_riscv_toolchain/bin/../lib/gcc/riscv32-unknown-elf/7.1.1/rv32imcxgap8/ilp32/libgcc.a(eqdf2.o)
                              /module/examples/other/lin_cluster_test_direct_sendimg/BUILD/GAP8_V2/GCC_RISCV_FREERTOS//gap_sdk/rtos/freeRTOS/vendors/gwt/libs/printf/printf.o (__nedf2)
/usr/lib/gap_riscv_toolchain/bin/../lib/gcc/riscv32-unknown-elf/7.1.1/rv32imcxgap8/ilp32/libgcc.a(gedf2.o)
                              /module/examples/other/lin_cluster_test_direct_sendimg/BUILD/GAP8_V2/GCC_RISCV_FREERTOS//gap_sdk/rtos/freeRTOS/vendors/gwt/libs/printf/printf.o (__gedf2)
/usr/lib/gap_riscv_toolchain/bin/../lib/gcc/riscv32-unknown-elf/7.1.1/rv32imcxgap8/ilp32/libgcc.a(ledf2.o)
                              /module/examples/other/lin_cluster_test_direct_sendimg/BUILD/GAP8_V2/GCC_RISCV_FREERTOS//gap_sdk/rtos/freeRTOS/vendors/gwt/libs/printf/printf.o (__ltdf2)
/usr/lib/gap_riscv_toolchain/bin/../lib/gcc/riscv32-unknown-elf/7.1.1/rv32imcxgap8/ilp32/libgcc.a(muldf3.o)
                              /module/examples/other/lin_cluster_test_direct_sendimg/BUILD/GAP8_V2/GCC_RISCV_FREERTOS//gap_sdk/rtos/freeRTOS/vendors/gwt/libs/printf/printf.o (__muldf3)
/usr/lib/gap_riscv_toolchain/bin/../lib/gcc/riscv32-unknown-elf/7.1.1/rv32imcxgap8/ilp32/libgcc.a(subdf3.o)
                              /module/examples/other/lin_cluster_test_direct_sendimg/BUILD/GAP8_V2/GCC_RISCV_FREERTOS//gap_sdk/rtos/freeRTOS/vendors/gwt/libs/printf/printf.o (__subdf3)
/usr/lib/gap_riscv_toolchain/bin/../lib/gcc/riscv32-unknown-elf/7.1.1/rv32imcxgap8/ilp32/libgcc.a(fixdfsi.o)
                              /module/examples/other/lin_cluster_test_direct_sendimg/BUILD/GAP8_V2/GCC_RISCV_FREERTOS//gap_sdk/rtos/freeRTOS/vendors/gwt/libs/printf/printf.o (__fixdfsi)
/usr/lib/gap_riscv_toolchain/bin/../lib/gcc/riscv32-unknown-elf/7.1.1/rv32imcxgap8/ilp32/libgcc.a(fixunsdfsi.o)
                              /module/examples/other/lin_cluster_test_direct_sendimg/BUILD/GAP8_V2/GCC_RISCV_FREERTOS//gap_sdk/rtos/freeRTOS/vendors/gwt/libs/printf/printf.o (__fixunsdfsi)
/usr/lib/gap_riscv_toolchain/bin/../lib/gcc/riscv32-unknown-elf/7.1.1/rv32imcxgap8/ilp32/libgcc.a(floatsidf.o)
                              /module/examples/other/lin_cluster_test_direct_sendimg/BUILD/GAP8_V2/GCC_RISCV_FREERTOS//gap_sdk/rtos/freeRTOS/vendors/gwt/libs/printf/printf.o (__floatsidf)
/usr/lib/gap_riscv_toolchain/bin/../lib/gcc/riscv32-unknown-elf/7.1.1/rv32imcxgap8/ilp32/libgcc.a(floatunsidf.o)
                              /module/examples/other/lin_cluster_test_direct_sendimg/BUILD/GAP8_V2/GCC_RISCV_FREERTOS//gap_sdk/rtos/freeRTOS/vendors/gwt/libs/printf/printf.o (__floatunsidf)
/usr/lib/gap_riscv_toolchain/bin/../lib/gcc/riscv32-unknown-elf/7.1.1/rv32imcxgap8/ilp32/libgcc.a(divsf3.o)
                              /module/examples/other/lin_cluster_test_direct_sendimg/BUILD/GAP8_V2/GCC_RISCV_FREERTOS//gap_sdk/rtos/freeRTOS/vendors/gwt/gap8/pmsis/drivers/timer/timer.o (__divsf3)
/usr/lib/gap_riscv_toolchain/bin/../lib/gcc/riscv32-unknown-elf/7.1.1/rv32imcxgap8/ilp32/libgcc.a(mulsf3.o)
                              /module/examples/other/lin_cluster_test_direct_sendimg/BUILD/GAP8_V2/GCC_RISCV_FREERTOS//gap_sdk/rtos/freeRTOS/vendors/gwt/gap8/pmsis/drivers/timer/timer.o (__mulsf3)
/usr/lib/gap_riscv_toolchain/bin/../lib/gcc/riscv32-unknown-elf/7.1.1/rv32imcxgap8/ilp32/libgcc.a(fixunssfsi.o)
[...]
Memory Configuration

Name             Origin             Length             Attributes
FC_tcdm          0x000000001b000000 0x0000000000004000
fc_tcdm_aliased  0x0000000000000004 0x0000000000003ffc
L2               0x000000001c000000 0x0000000000080000
L1_sram          0x0000000010000000 0x0000000000010000
*default*        0x0000000000000000 0xffffffffffffffff

Linker script and memory map

LOAD /module/examples/other/lin_cluster_test_direct_sendimg/BUILD/GAP8_V2/GCC_RISCV_FREERTOS/wifi-img-streamer.o
LOAD /module/examples/other/lin_cluster_test_direct_sendimg/BUILD/GAP8_V2/GCC_RISCV_FREERTOS/../../../lib/cpx/src/com.o
LOAD /module/examples/other/lin_cluster_test_direct_sendimg/BUILD/GAP8_V2/GCC_RISCV_FREERTOS/../../../lib/cpx/src/cpx.o
LOAD /module/examples/other/lin_cluster_test_direct_sendimg/BUILD/GAP8_V2/GCC_RISCV_FREERTOS//gap_sdk/libs/gap_lib/jpeg/dct.o
LOAD /module/examples/other/lin_cluster_test_direct_sendimg/BUILD/GAP8_V2/GCC_RISCV_FREERTOS//gap_sdk/libs/gap_lib/jpeg/jpeg_constants.o
LOAD /module/examples/other/lin_cluster_test_direct_sendimg/BUILD/GAP8_V2/GCC_RISCV_FREERTOS//gap_sdk/libs/gap_lib/jpeg/jpeg_encoder.o
LOAD /module/examples/other/lin_cluster_test_direct_sendimg/BUILD/GAP8_V2/GCC_RISCV_FREERTOS//gap_sdk/libs/gap_lib/jpeg/cluster.o
LOAD /module/examples/other/lin_cluster_test_direct_sendimg/BUILD/GAP8_V2/GCC_RISCV_FREERTOS//gap_sdk/rtos/freeRTOS/vendors/gwt/gap8/src/device/gap8_iet.o
LOAD /module/examples/other/lin_cluster_test_direct_sendimg/BUILD/GAP8_V2/GCC_RISCV_FREERTOS//gap_sdk/rtos/freeRTOS/vendors/gwt/gap8/src/device/startup_gap8.o
LOAD /module/examples/other/lin_cluster_test_direct_sendimg/BUILD/GAP8_V2/GCC_RISCV_FREERTOS//gap_sdk/rtos/freeRTOS/vendors/gwt/gap8/pmsis/cluster/drivers/cluster_synchronisation/cluster_core.o
LOAD /module/examples/other/lin_cluster_test_direct_sendimg/BUILD/GAP8_V2/GCC_RISCV_FREERTOS//gap_sdk/rtos/freeRTOS/vendors/gwt/gap8/pmsis/util/asm_util.o
LOAD /module/examples/other/lin_cluster_test_direct_sendimg/BUILD/GAP8_V2/GCC_RISCV_FREERTOS//gap_sdk/rtos/freeRTOS/freertos_kernel/portable/GCC/RI5CY-GAP8/port_asm.o
LOAD /module/examples/other/lin_cluster_test_direct_sendimg/BUILD/GAP8_V2/GCC_RISCV_FREERTOS//gap_sdk/rtos/freeRTOS/vendors/gwt/gap8/src/device/system_gap8.o
LOAD /module/examples/other/lin_cluster_test_direct_sendimg/BUILD/GAP8_V2/GCC_RISCV_FREERTOS//gap_sdk/rtos/freeRTOS/vendors/gwt/gap8/src/device/gap8_it.o
LOAD /module/examples/other/lin_cluster_test_direct_sendimg/BUILD/GAP8_V2/GCC_RISCV_FREERTOS//gap_sdk/rtos/freeRTOS/vendors/gwt/gap8/src/driver/gap_io.o
LOAD /module/examples/other/lin_cluster_test_direct_sendimg/BUILD/GAP8_V2/GCC_RISCV_FREERTOS//gap_sdk/rtos/freeRTOS/vendors/gwt/libs/src/errno.o
LOAD /module/examples/other/lin_cluster_test_direct_sendimg/BUILD/GAP8_V2/GCC_RISCV_FREERTOS//gap_sdk/rtos/freeRTOS/vendors/gwt/libs/src/stdlib.o
LOAD /module/examples/other/lin_cluster_test_direct_sendimg/BUILD/GAP8_V2/GCC_RISCV_FREERTOS//gap_sdk/rtos/freeRTOS/vendors/gwt/libs/src/string.o
LOAD /module/examples/other/lin_cluster_test_direct_sendimg/BUILD/GAP8_V2/GCC_RISCV_FREERTOS//gap_sdk/rtos/freeRTOS/vendors/gwt/gap8/pmsis/cluster/malloc/cl_malloc.o
LOAD /module/examples/other/lin_cluster_test_direct_sendimg/BUILD/GAP8_V2/GCC_RISCV_FREERTOS//gap_sdk/rtos/freeRTOS/vendors/gwt/gap8/pmsis/cluster/drivers/cluster_synchronisation/cl_to_fc_delegate.o
LOAD /module/examples/other/lin_cluster_test_direct_sendimg/BUILD/GAP8_V2/GCC_RISCV_FREERTOS//gap_sdk/rtos/freeRTOS/vendors/gwt/gap8/pmsis/cluster/drivers/cluster_synchronisation/fc_to_cl_delegate.o
LOAD /module/examples/other/lin_cluster_test_direct_sendimg/BUILD/GAP8_V2/GCC_RISCV_FREERTOS//gap_sdk/rtos/freeRTOS/vendors/gwt/gap8/pmsis/cluster/drivers/cluster_team/cl_team.o
LOAD /module/examples/other/lin_cluster_test_direct_sendimg/BUILD/GAP8_V2/GCC_RISCV_FREERTOS//gap_sdk/rtos/freeRTOS/vendors/gwt/gap8/pmsis/cluster/drivers/delegate/hyperbus/hyperbus_cl_internal.o
LOAD /module/examples/other/lin_cluster_test_direct_sendimg/BUILD/GAP8_V2/GCC_RISCV_FREERTOS//gap_sdk/rtos/freeRTOS/vendors/gwt/gap8/pmsis/cluster/drivers/delegate/uart/uart_cl_internal.o
LOAD /module/examples/other/lin_cluster_test_direct_sendimg/BUILD/GAP8_V2/GCC_RISCV_FREERTOS//gap_sdk/rtos/freeRTOS/vendors/gwt/gap8/pmsis/cluster/drivers/dma/cl_dma_irq.o
LOAD /module/examples/other/lin_cluster_test_direct_sendimg/BUILD/GAP8_V2/GCC_RISCV_FREERTOS//gap_sdk/rtos/freeRTOS/vendors/gwt/gap8/pmsis/drivers/fc_event/fc_event.o
LOAD /module/examples/other/lin_cluster_test_direct_sendimg/BUILD/GAP8_V2/GCC_RISCV_FREERTOS//gap_sdk/rtos/freeRTOS/vendors/gwt/gap8/pmsis/drivers/fll/fll.o
LOAD /module/examples/other/lin_cluster_test_direct_sendimg/BUILD/GAP8_V2/GCC_RISCV_FREERTOS//gap_sdk/rtos/freeRTOS/vendors/gwt/gap8/pmsis/drivers/gpio/gpio.o
LOAD /module/examples/other/lin_cluster_test_direct_sendimg/BUILD/GAP8_V2/GCC_RISCV_FREERTOS//gap_sdk/rtos/freeRTOS/vendors/gwt/gap8/pmsis/drivers/pad/pad.o
LOAD /module/examples/other/lin_cluster_test_direct_sendimg/BUILD/GAP8_V2/GCC_RISCV_FREERTOS//gap_sdk/rtos/freeRTOS/vendors/gwt/gap8/pmsis/drivers/pmu/pmu.o
LOAD /module/examples/other/lin_cluster_test_direct_sendimg/BUILD/GAP8_V2/GCC_RISCV_FREERTOS//gap_sdk/rtos/freeRTOS/vendors/gwt/gap8/pmsis/drivers/pmu/pmu_internal.o
LOAD /module/examples/other/lin_cluster_test_direct_sendimg/BUILD/GAP8_V2/GCC_RISCV_FREERTOS//gap_sdk/rtos/freeRTOS/vendors/gwt/gap8/pmsis/drivers/pwm/pwm.o
LOAD /module/examples/other/lin_cluster_test_direct_sendimg/BUILD/GAP8_V2/GCC_RISCV_FREERTOS//gap_sdk/rtos/freeRTOS/vendors/gwt/gap8/pmsis/drivers/pwm/pwm_internal.o
LOAD /module/examples/other/lin_cluster_test_direct_sendimg/BUILD/GAP8_V2/GCC_RISCV_FREERTOS//gap_sdk/rtos/freeRTOS/vendors/gwt/gap8/pmsis/drivers/rtc/rtc.o
LOAD /module/examples/other/lin_cluster_test_direct_sendimg/BUILD/GAP8_V2/GCC_RISCV_FREERTOS//gap_sdk/rtos/freeRTOS/vendors/gwt/gap8/pmsis/drivers/rtc/rtc_internal.o
LOAD /module/examples/other/lin_cluster_test_direct_sendimg/BUILD/GAP8_V2/GCC_RISCV_FREERTOS//gap_sdk/rtos/freeRTOS/vendors/gwt/gap8/pmsis/drivers/timer/timer.o
LOAD /module/examples/other/lin_cluster_test_direct_sendimg/BUILD/GAP8_V2/GCC_RISCV_FREERTOS//gap_sdk/rtos/freeRTOS/vendors/gwt/gap8/pmsis/drivers/udma/hyperbus/hyperbus.o
LOAD /module/examples/other/lin_cluster_test_direct_sendimg/BUILD/GAP8_V2/GCC_RISCV_FREERTOS//gap_sdk/rtos/freeRTOS/vendors/gwt/gap8/pmsis/drivers/udma/hyperbus/hyperbus_internal.o
LOAD /module/examples/other/lin_cluster_test_direct_sendimg/BUILD/GAP8_V2/GCC_RISCV_FREERTOS//gap_sdk/rtos/freeRTOS/vendors/gwt/gap8/pmsis/drivers/udma/cpi/cpi.o
LOAD /module/examples/other/lin_cluster_test_direct_sendimg/BUILD/GAP8_V2/GCC_RISCV_FREERTOS//gap_sdk/rtos/freeRTOS/vendors/gwt/gap8/pmsis/drivers/udma/cpi/cpi_internal.o
LOAD /module/examples/other/lin_cluster_test_direct_sendimg/BUILD/GAP8_V2/GCC_RISCV_FREERTOS//gap_sdk/rtos/freeRTOS/vendors/gwt/gap8/pmsis/drivers/udma/dmacpy/dmacpy.o
LOAD /module/examples/other/lin_cluster_test_direct_sendimg/BUILD/GAP8_V2/GCC_RISCV_FREERTOS//gap_sdk/rtos/freeRTOS/vendors/gwt/gap8/pmsis/drivers/udma/dmacpy/dmacpy_internal.o
LOAD /module/examples/other/lin_cluster_test_direct_sendimg/BUILD/GAP8_V2/GCC_RISCV_FREERTOS//gap_sdk/rtos/freeRTOS/vendors/gwt/gap8/pmsis/drivers/udma/i2c/i2c.o
LOAD /module/examples/other/lin_cluster_test_direct_sendimg/BUILD/GAP8_V2/GCC_RISCV_FREERTOS//gap_sdk/rtos/freeRTOS/vendors/gwt/gap8/pmsis/drivers/udma/i2c/i2c_internal.o
LOAD /module/examples/other/lin_cluster_test_direct_sendimg/BUILD/GAP8_V2/GCC_RISCV_FREERTOS//gap_sdk/rtos/freeRTOS/vendors/gwt/gap8/pmsis/drivers/udma/i2s/i2s.o
LOAD /module/examples/other/lin_cluster_test_direct_sendimg/BUILD/GAP8_V2/GCC_RISCV_FREERTOS//gap_sdk/rtos/freeRTOS/vendors/gwt/gap8/pmsis/drivers/udma/i2s/i2s_internal.o
LOAD /module/examples/other/lin_cluster_test_direct_sendimg/BUILD/GAP8_V2/GCC_RISCV_FREERTOS//gap_sdk/rtos/freeRTOS/vendors/gwt/gap8/pmsis/drivers/udma/spi/spi.o
LOAD /module/examples/other/lin_cluster_test_direct_sendimg/BUILD/GAP8_V2/GCC_RISCV_FREERTOS//gap_sdk/rtos/freeRTOS/vendors/gwt/gap8/pmsis/drivers/udma/spi/spi_internal.o
LOAD /module/examples/other/lin_cluster_test_direct_sendimg/BUILD/GAP8_V2/GCC_RISCV_FREERTOS//gap_sdk/rtos/freeRTOS/vendors/gwt/gap8/pmsis/drivers/udma/uart/uart.o
LOAD /module/examples/other/lin_cluster_test_direct_sendimg/BUILD/GAP8_V2/GCC_RISCV_FREERTOS//gap_sdk/rtos/freeRTOS/vendors/gwt/gap8/pmsis/drivers/udma/uart/uart_internal.o
LOAD /module/examples/other/lin_cluster_test_direct_sendimg/BUILD/GAP8_V2/GCC_RISCV_FREERTOS//gap_sdk/rtos/pmsis/bsp/flash/flash.o
LOAD /module/examples/other/lin_cluster_test_direct_sendimg/BUILD/GAP8_V2/GCC_RISCV_FREERTOS//gap_sdk/rtos/pmsis/bsp/partition/partition.o
LOAD /module/examples/other/lin_cluster_test_direct_sendimg/BUILD/GAP8_V2/GCC_RISCV_FREERTOS//gap_sdk/rtos/pmsis/bsp/partition/flash_partition.o
LOAD /module/examples/other/lin_cluster_test_direct_sendimg/BUILD/GAP8_V2/GCC_RISCV_FREERTOS//gap_sdk/rtos/pmsis/bsp/crc/md5.o
LOAD /module/examples/other/lin_cluster_test_direct_sendimg/BUILD/GAP8_V2/GCC_RISCV_FREERTOS//gap_sdk/rtos/pmsis/bsp/fs/fs.o
LOAD /module/examples/other/lin_cluster_test_direct_sendimg/BUILD/GAP8_V2/GCC_RISCV_FREERTOS//gap_sdk/rtos/pmsis/bsp/fs/lfs/lfs.o
LOAD /module/examples/other/lin_cluster_test_direct_sendimg/BUILD/GAP8_V2/GCC_RISCV_FREERTOS//gap_sdk/rtos/pmsis/bsp/fs/lfs/lfs_util.o
LOAD /module/examples/other/lin_cluster_test_direct_sendimg/BUILD/GAP8_V2/GCC_RISCV_FREERTOS//gap_sdk/rtos/pmsis/bsp/fs/lfs/pi_lfs.o
LOAD /module/examples/other/lin_cluster_test_direct_sendimg/BUILD/GAP8_V2/GCC_RISCV_FREERTOS//gap_sdk/rtos/pmsis/bsp/fs/read_fs/read_fs.o
LOAD /module/examples/other/lin_cluster_test_direct_sendimg/BUILD/GAP8_V2/GCC_RISCV_FREERTOS//gap_sdk/rtos/pmsis/bsp/fs/host_fs/host_fs.o
LOAD /module/examples/other/lin_cluster_test_direct_sendimg/BUILD/GAP8_V2/GCC_RISCV_FREERTOS//gap_sdk/rtos/pmsis/bsp/ota/ota.o
LOAD /module/examples/other/lin_cluster_test_direct_sendimg/BUILD/GAP8_V2/GCC_RISCV_FREERTOS//gap_sdk/rtos/pmsis/bsp/ota/ota_utility.o
LOAD /module/examples/other/lin_cluster_test_direct_sendimg/BUILD/GAP8_V2/GCC_RISCV_FREERTOS//gap_sdk/rtos/pmsis/bsp/ota/updater.o
LOAD /module/examples/other/lin_cluster_test_direct_sendimg/BUILD/GAP8_V2/GCC_RISCV_FREERTOS//gap_sdk/rtos/pmsis/bsp/bootloader/bootloader_utility.o
LOAD /module/examples/other/lin_cluster_test_direct_sendimg/BUILD/GAP8_V2/GCC_RISCV_FREERTOS//gap_sdk/rtos/pmsis/bsp/bsp/ai_deck.o
LOAD /module/examples/other/lin_cluster_test_direct_sendimg/BUILD/GAP8_V2/GCC_RISCV_FREERTOS//gap_sdk/rtos/pmsis/bsp/camera/camera.o
LOAD /module/examples/other/lin_cluster_test_direct_sendimg/BUILD/GAP8_V2/GCC_RISCV_FREERTOS//gap_sdk/rtos/pmsis/bsp/camera/himax/himax.o
LOAD /module/examples/other/lin_cluster_test_direct_sendimg/BUILD/GAP8_V2/GCC_RISCV_FREERTOS//gap_sdk/rtos/pmsis/bsp/flash/hyperflash/hyperflash.o
LOAD /module/examples/other/lin_cluster_test_direct_sendimg/BUILD/GAP8_V2/GCC_RISCV_FREERTOS//gap_sdk/rtos/pmsis/bsp/ram/hyperram/hyperram.o
LOAD /module/examples/other/lin_cluster_test_direct_sendimg/BUILD/GAP8_V2/GCC_RISCV_FREERTOS//gap_sdk/rtos/pmsis/bsp/ram/spiram/spiram.o
LOAD /module/examples/other/lin_cluster_test_direct_sendimg/BUILD/GAP8_V2/GCC_RISCV_FREERTOS//gap_sdk/rtos/pmsis/bsp/flash/spiflash/spiflash.o
LOAD /module/examples/other/lin_cluster_test_direct_sendimg/BUILD/GAP8_V2/GCC_RISCV_FREERTOS//gap_sdk/rtos/pmsis/bsp/ram/ram.o
LOAD /module/examples/other/lin_cluster_test_direct_sendimg/BUILD/GAP8_V2/GCC_RISCV_FREERTOS//gap_sdk/rtos/pmsis/bsp/ram/alloc_extern.o
LOAD /module/examples/other/lin_cluster_test_direct_sendimg/BUILD/GAP8_V2/GCC_RISCV_FREERTOS//gap_sdk/rtos/freeRTOS/vendors/gwt/pmsis/rtos/pi_log.o
LOAD /module/examples/other/lin_cluster_test_direct_sendimg/BUILD/GAP8_V2/GCC_RISCV_FREERTOS//gap_sdk/rtos/freeRTOS/vendors/gwt/pmsis/rtos/event_kernel/event_kernel.o
LOAD /module/examples/other/lin_cluster_test_direct_sendimg/BUILD/GAP8_V2/GCC_RISCV_FREERTOS//gap_sdk/rtos/freeRTOS/vendors/gwt/pmsis/rtos/mem_slab/mem_slab.o
LOAD /module/examples/other/lin_cluster_test_direct_sendimg/BUILD/GAP8_V2/GCC_RISCV_FREERTOS//gap_sdk/rtos/freeRTOS/vendors/gwt/pmsis/rtos/malloc/cl_l1_malloc.o
LOAD /module/examples/other/lin_cluster_test_direct_sendimg/BUILD/GAP8_V2/GCC_RISCV_FREERTOS//gap_sdk/rtos/freeRTOS/vendors/gwt/pmsis/rtos/malloc/fc_l1_malloc.o
LOAD /module/examples/other/lin_cluster_test_direct_sendimg/BUILD/GAP8_V2/GCC_RISCV_FREERTOS//gap_sdk/rtos/freeRTOS/vendors/gwt/pmsis/rtos/malloc/l2_malloc.o
LOAD /module/examples/other/lin_cluster_test_direct_sendimg/BUILD/GAP8_V2/GCC_RISCV_FREERTOS//gap_sdk/rtos/freeRTOS/vendors/gwt/pmsis/rtos/malloc/malloc_external.o
LOAD /module/examples/other/lin_cluster_test_direct_sendimg/BUILD/GAP8_V2/GCC_RISCV_FREERTOS//gap_sdk/rtos/freeRTOS/vendors/gwt/pmsis/rtos/malloc/malloc_internal.o
LOAD /module/examples/other/lin_cluster_test_direct_sendimg/BUILD/GAP8_V2/GCC_RISCV_FREERTOS//gap_sdk/rtos/freeRTOS/vendors/gwt/pmsis/rtos/malloc/pi_malloc.o
LOAD /module/examples/other/lin_cluster_test_direct_sendimg/BUILD/GAP8_V2/GCC_RISCV_FREERTOS//gap_sdk/rtos/freeRTOS/vendors/gwt/pmsis/rtos/os/device.o
LOAD /module/examples/other/lin_cluster_test_direct_sendimg/BUILD/GAP8_V2/GCC_RISCV_FREERTOS//gap_sdk/rtos/freeRTOS/vendors/gwt/pmsis/rtos/os/pmsis_task.o
LOAD /module/examples/other/lin_cluster_test_direct_sendimg/BUILD/GAP8_V2/GCC_RISCV_FREERTOS//gap_sdk/rtos/freeRTOS/vendors/gwt/pmsis/backend/pmsis_backend_native_task_api.o
LOAD /module/examples/other/lin_cluster_test_direct_sendimg/BUILD/GAP8_V2/GCC_RISCV_FREERTOS//gap_sdk/rtos/freeRTOS/freertos_kernel/portable/GCC/RI5CY-GAP8/port.o
LOAD /module/examples/other/lin_cluster_test_direct_sendimg/BUILD/GAP8_V2/GCC_RISCV_FREERTOS//gap_sdk/rtos/freeRTOS/vendors/gwt/libs/printf/printf.o
LOAD /module/examples/other/lin_cluster_test_direct_sendimg/BUILD/GAP8_V2/GCC_RISCV_FREERTOS//gap_sdk/rtos/freeRTOS/freertos_kernel/list.o
LOAD /module/examples/other/lin_cluster_test_direct_sendimg/BUILD/GAP8_V2/GCC_RISCV_FREERTOS//gap_sdk/rtos/freeRTOS/freertos_kernel/queue.o
LOAD /module/examples/other/lin_cluster_test_direct_sendimg/BUILD/GAP8_V2/GCC_RISCV_FREERTOS//gap_sdk/rtos/freeRTOS/freertos_kernel/tasks.o
LOAD /module/examples/other/lin_cluster_test_direct_sendimg/BUILD/GAP8_V2/GCC_RISCV_FREERTOS//gap_sdk/rtos/freeRTOS/freertos_kernel/timers.o
LOAD /module/examples/other/lin_cluster_test_direct_sendimg/BUILD/GAP8_V2/GCC_RISCV_FREERTOS//gap_sdk/rtos/freeRTOS/freertos_kernel/event_groups.o
LOAD /module/examples/other/lin_cluster_test_direct_sendimg/BUILD/GAP8_V2/GCC_RISCV_FREERTOS//gap_sdk/rtos/freeRTOS/freertos_kernel/stream_buffer.o
LOAD /module/examples/other/lin_cluster_test_direct_sendimg/BUILD/GAP8_V2/GCC_RISCV_FREERTOS//gap_sdk/rtos/freeRTOS/demos/gwt/config/gap8/FreeRTOS_util.o
LOAD /usr/lib/gap_riscv_toolchain/bin/../lib/gcc/riscv32-unknown-elf/7.1.1/rv32imcxgap8/ilp32/libgcc.a
                0x0000000000000000                __DYNAMIC = 0x0
                0x0000000000001000                __STACK_FC_SIZE = 0x1000
                0x0000000000000400                __STACK_IRQ_SIZE = 0x400

.l1FcTiny       0x000000001b000000        0x0
                0x000000001b000000                . = ALIGN (0x4)
                0x000000001b000000                __l1FcShared_start = .
 *(.l1FcTiny)
 *(.l1FcTiny.*)
                0x000000001b000000                . = ALIGN (0x4)
                0x000000001b000000                __l1FcShared_end = .
                0x0000000000000000                __l1FcShared_size = (__l1FcShared_end - __l1FcShared_start)

.fcTcdmTiny     0x0000000000000004        0xc load address 0x000000001b000000
 *(.fcTcdmTiny)
 .fcTcdmTiny    0x0000000000000004        0xc /module/examples/other/lin_cluster_test_direct_sendimg/BUILD/GAP8_V2/GCC_RISCV_FREERTOS//gap_sdk/rtos/freeRTOS/vendors/gwt/gap8/pmsis/drivers/udma/hyperbus/hyperbus_internal.o
                0x0000000000000004                __global_hyper_fifo_head
                0x0000000000000008                __global_hyper_driver_fifo
                0x000000000000000c                __global_hyper_fifo_tail
 *(.fcTcdmTiny.*)

.fcTcdm
 *(.fcTcdm)
 *(.fcTcdm.*)

.fcTcdm_g       0x000000001b00000c      0x5bc
                0x000000001b000010                . = ALIGN (0x8)
 *fill*         0x000000001b00000c        0x4 
                0x000000001b000010                __fc_tcdm_g_start = .
 *(.fcTcdm_g)
 .fcTcdm_g      0x000000001b000010      0x264 /module/examples/other/lin_cluster_test_direct_sendimg/BUILD/GAP8_V2/GCC_RISCV_FREERTOS//gap_sdk/rtos/freeRTOS/vendors/gwt/gap8/pmsis/cluster/drivers/cluster_synchronisation/cl_to_fc_delegate.o
                0x000000001b000010                delegate_task_mask
                0x000000001b000014                delegate_task
 .fcTcdm_g      0x000000001b000274       0xe4 /module/examples/other/lin_cluster_test_direct_sendimg/BUILD/GAP8_V2/GCC_RISCV_FREERTOS//gap_sdk/rtos/freeRTOS/vendors/gwt/gap8/pmsis/drivers/fc_event/fc_event.o
 .fcTcdm_g      0x000000001b000358        0x4 /module/examples/other/lin_cluster_test_direct_sendimg/BUILD/GAP8_V2/GCC_RISCV_FREERTOS//gap_sdk/rtos/freeRTOS/vendors/gwt/pmsis/rtos/event_kernel/event_kernel.o
                0x000000001b000358                default_sched
 .fcTcdm_g      0x000000001b00035c       0x10 /module/examples/other/lin_cluster_test_direct_sendimg/BUILD/GAP8_V2/GCC_RISCV_FREERTOS//gap_sdk/rtos/freeRTOS/vendors/gwt/pmsis/backend/pmsis_backend_native_task_api.o
                0x000000001b00035c                delayed_task
                0x000000001b000364                timer_task
 .fcTcdm_g      0x000000001b00036c      0x258 /module/examples/other/lin_cluster_test_direct_sendimg/BUILD/GAP8_V2/GCC_RISCV_FREERTOS//gap_sdk/rtos/freeRTOS/demos/gwt/config/gap8/FreeRTOS_util.o
 *(.fcTcdm_g.*)
                0x000000001b0005c8                . = ALIGN (0x8)
 *fill*         0x000000001b0005c4        0x4 
                0x000000001b0005c8                __fc_tcdm_g_end = .

.stack_irq      0x000000001b0005c8      0x400
                0x000000001b0005c8                . = ALIGN (0x4)
                0x000000001b0005c8                __stack_irq_end__ = .
                0x000000001b0009c8                . = (. + __STACK_IRQ_SIZE)
 *fill*         0x000000001b0005c8      0x400 
                0x000000001b0009c8                __stack_irq_start__ = .

.heapfcram      0x000000001b0009c8     0x1000
                0x000000001b0009c8                . = ALIGN (0x8)
 *(.heapfcram)
 *(.heapfcram.*)
                0x000000001b0009c8                . = ALIGN (0x8)
                0x000000001b0009c8                __heapfcram_start = .
                0x000000001b0009c8                __stack_fc_end__ = .
                0x000000001b0019c8                . = (. + __STACK_FC_SIZE)
 *fill*         0x000000001b0009c8     0x1000 
                0x000000001b0019c8                __stack_fc_start__ = .
                0x0000000000003638                __heapfcram_size = ((ORIGIN (FC_tcdm) + LENGTH (FC_tcdm)) - __heapfcram_start)

.vectors_irq    0x000000001c000000       0x94
                0x000000001c000000                . = ALIGN (0x100)
                0x000000001c000000                __irq_vector_base_m__ = .
 *(.vectors_irq)
 .vectors_irq   0x000000001c000000       0x94 /module/examples/other/lin_cluster_test_direct_sendimg/BUILD/GAP8_V2/GCC_RISCV_FREERTOS//gap_sdk/rtos/freeRTOS/vendors/gwt/gap8/src/device/startup_gap8.o
                0x000000001c000090                __rt_debug_struct_ptr

.text           0x000000001c000094     0xfa94
                0x000000001c000094                . = ALIGN (0x4)
                0x000000001c000094                _stext = .
 *(.text.reset)
 .text.reset    0x000000001c000094       0x7e /module/examples/other/lin_cluster_test_direct_sendimg/BUILD/GAP8_V2/GCC_RISCV_FREERTOS//gap_sdk/rtos/freeRTOS/vendors/gwt/gap8/src/device/startup_gap8.o
                0x000000001c000094                reset_handler
 *(.text)
 .text          0x000000001c000112      0x2c8 /module/examples/other/lin_cluster_test_direct_sendimg/BUILD/GAP8_V2/GCC_RISCV_FREERTOS//gap_sdk/rtos/freeRTOS/vendors/gwt/gap8/src/device/gap8_iet.o
                0x000000001c000112                default_handler
                0x000000001c000116                cluster_notify_fc_handler
                0x000000001c00014e                pendSV_handler
                0x000000001c0001be                systick_handler
                0x000000001c00023a                hi_res_timer_handler
                0x000000001c000272                fc_event_handler
                0x000000001c0002aa                fc_hyper_handler
                0x000000001c000358                dma_irq_handler
                0x000000001c000380                ecall_handler
                0x000000001c0003d2                ill_ins_handler
 .text          0x000000001c0003da      0x126 /module/examples/other/lin_cluster_test_direct_sendimg/BUILD/GAP8_V2/GCC_RISCV_FREERTOS//gap_sdk/rtos/freeRTOS/vendors/gwt/gap8/pmsis/cluster/drivers/cluster_synchronisation/cluster_core.o
                0x000000001c0003da                cluster_exec_loop
                0x000000001c0004f2                cl_slave_stack_setup
 .text          0x000000001c000500       0xd8 /module/examples/other/lin_cluster_test_direct_sendimg/BUILD/GAP8_V2/GCC_RISCV_FREERTOS//gap_sdk/rtos/freeRTOS/vendors/gwt/gap8/pmsis/util/asm_util.o
                0x000000001c000500                ASM_FUNC_SAVE_MINIMAL_CONTEXT
                0x000000001c000544                ASM_FUNC_RESTORE_MINIMAL_CONTEXT
                0x000000001c000588                ASM_FUNC_SAVE_SAVE_CONTEXT
                0x000000001c0005a2                ASM_FUNC_RESTORE_SAVE_CONTEXT
                0x000000001c0005bc                ASM_FUNC_SAVE_CSR_CONTEXT
                0x000000001c0005ca                ASM_FUNC_RESTORE_CSR_CONTEXT
 .text          0x000000001c0005d8       0x8e /module/examples/other/lin_cluster_test_direct_sendimg/BUILD/GAP8_V2/GCC_RISCV_FREERTOS//gap_sdk/rtos/freeRTOS/freertos_kernel/portable/GCC/RI5CY-GAP8/port_asm.o
                0x000000001c0005d8                xPortStartScheduler
 .text          0x000000001c000666       0x4e /module/examples/other/lin_cluster_test_direct_sendimg/BUILD/GAP8_V2/GCC_RISCV_FREERTOS//gap_sdk/rtos/freeRTOS/vendors/gwt/gap8/pmsis/drivers/fc_event/fc_event.o
                0x000000001c000666                fc_soc_event_handler
 .text          0x000000001c0006b4      0x168 /module/examples/other/lin_cluster_test_direct_sendimg/BUILD/GAP8_V2/GCC_RISCV_FREERTOS//gap_sdk/rtos/freeRTOS/vendors/gwt/gap8/pmsis/drivers/udma/hyperbus/hyperbus_internal.o
                0x000000001c0006b4                hyper_handler
 .text          0x000000001c00081c      0x5fe /usr/lib/gap_riscv_toolchain/bin/../lib/gcc/riscv32-unknown-elf/7.1.1/rv32imcxgap8/ilp32/libgcc.a(adddf3.o)
                0x000000001c00081c                __adddf3
 .text          0x000000001c000e1a      0x4d2 /usr/lib/gap_riscv_toolchain/bin/../lib/gcc/riscv32-unknown-elf/7.1.1/rv32imcxgap8/ilp32/libgcc.a(divdf3.o)
                0x000000001c000e1a                __divdf3
 .text          0x000000001c0012ec       0x60 /usr/lib/gap_riscv_toolchain/bin/../lib/gcc/riscv32-unknown-elf/7.1.1/rv32imcxgap8/ilp32/libgcc.a(eqdf2.o)
                0x000000001c0012ec                __eqdf2
                0x000000001c0012ec                __nedf2
 .text          0x000000001c00134c       0xae /usr/lib/gap_riscv_toolchain/bin/../lib/gcc/riscv32-unknown-elf/7.1.1/rv32imcxgap8/ilp32/libgcc.a(gedf2.o)
                0x000000001c00134c                __gtdf2
                0x000000001c00134c                __gedf2
 .text          0x000000001c0013fa       0xae /usr/lib/gap_riscv_toolchain/bin/../lib/gcc/riscv32-unknown-elf/7.1.1/rv32imcxgap8/ilp32/libgcc.a(ledf2.o)
                0x000000001c0013fa                __ltdf2
                0x000000001c0013fa                __ledf2
 .text          0x000000001c0014a8      0x43a /usr/lib/gap_riscv_toolchain/bin/../lib/gcc/riscv32-unknown-elf/7.1.1/rv32imcxgap8/ilp32/libgcc.a(muldf3.o)
                0x000000001c0014a8                __muldf3
 .text          0x000000001c0018e2      0x612 /usr/lib/gap_riscv_toolchain/bin/../lib/gcc/riscv32-unknown-elf/7.1.1/rv32imcxgap8/ilp32/libgcc.a(subdf3.o)
                0x000000001c0018e2                __subdf3
 .text          0x000000001c001ef4       0x5c /usr/lib/gap_riscv_toolchain/bin/../lib/gcc/riscv32-unknown-elf/7.1.1/rv32imcxgap8/ilp32/libgcc.a(fixdfsi.o)
                0x000000001c001ef4                __fixdfsi
 .text          0x000000001c001f50       0x52 /usr/lib/gap_riscv_toolchain/bin/../lib/gcc/riscv32-unknown-elf/7.1.1/rv32imcxgap8/ilp32/libgcc.a(fixunsdfsi.o)
                0x000000001c001f50                __fixunsdfsi
 .text          0x000000001c001fa2       0x58 /usr/lib/gap_riscv_toolchain/bin/../lib/gcc/riscv32-unknown-elf/7.1.1/rv32imcxgap8/ilp32/libgcc.a(floatsidf.o)
                0x000000001c001fa2                __floatsidf
 .text          0x000000001c001ffa       0x4c /usr/lib/gap_riscv_toolchain/bin/../lib/gcc/riscv32-unknown-elf/7.1.1/rv32imcxgap8/ilp32/libgcc.a(floatunsidf.o)
                0x000000001c001ffa                __floatunsidf
 *(.text.*)
 .text.rx_task  0x000000001c002046       0x8c /module/examples/other/lin_cluster_test_direct_sendimg/BUILD/GAP8_V2/GCC_RISCV_FREERTOS/wifi-img-streamer.o
                0x000000001c002046                rx_task
 .text.capture_done_cb
                0x000000001c0020d2        0xe /module/examples/other/lin_cluster_test_direct_sendimg/BUILD/GAP8_V2/GCC_RISCV_FREERTOS/wifi-img-streamer.o
 .text.hb_task  0x000000001c0020e0       0x46 /module/examples/other/lin_cluster_test_direct_sendimg/BUILD/GAP8_V2/GCC_RISCV_FREERTOS/wifi-img-streamer.o
                0x000000001c0020e0                hb_task
 .text.start_example
                0x000000001c002126      0x104 /module/examples/other/lin_cluster_test_direct_sendimg/BUILD/GAP8_V2/GCC_RISCV_FREERTOS/wifi-img-streamer.o
                0x000000001c002126                start_example
 .text.jpeg_encoding_cluster
                0x000000001c00222a       0x50 /module/examples/other/lin_cluster_test_direct_sendimg/BUILD/GAP8_V2/GCC_RISCV_FREERTOS/wifi-img-streamer.o
                0x000000001c00222a                jpeg_encoding_cluster
 .text.camera_task
                0x000000001c00227a      0x516 /module/examples/other/lin_cluster_test_direct_sendimg/BUILD/GAP8_V2/GCC_RISCV_FREERTOS/wifi-img-streamer.o
                0x000000001c00227a                camera_task
 .text.startup.main
                0x000000001c002790       0x32 /module/examples/other/lin_cluster_test_direct_sendimg/BUILD/GAP8_V2/GCC_RISCV_FREERTOS/wifi-img-streamer.o
                0x000000001c002790                main
 .text.vDataReadyISR
                0x000000001c0027c2       0x2c /module/examples/other/lin_cluster_test_direct_sendimg/BUILD/GAP8_V2/GCC_RISCV_FREERTOS/../../../lib/cpx/src/com.o
                0x000000001c0027c2                vDataReadyISR
 .text.com_task
                0x000000001c0027ee      0x180 /module/examples/other/lin_cluster_test_direct_sendimg/BUILD/GAP8_V2/GCC_RISCV_FREERTOS/../../../lib/cpx/src/com.o
                0x000000001c0027ee                com_task
 .text.com_init
                0x000000001c00296e      0x17c /module/examples/other/lin_cluster_test_direct_sendimg/BUILD/GAP8_V2/GCC_RISCV_FREERTOS/../../../lib/cpx/src/com.o
                0x000000001c00296e                com_init
 .text.com_read
                0x000000001c002aea       0x10 /module/examples/other/lin_cluster_test_direct_sendimg/BUILD/GAP8_V2/GCC_RISCV_FREERTOS/../../../lib/cpx/src/com.o
                0x000000001c002aea                com_read
 .text.com_write
                0x000000001c002afa       0x32 /module/examples/other/lin_cluster_test_direct_sendimg/BUILD/GAP8_V2/GCC_RISCV_FREERTOS/../../../lib/cpx/src/com.o
                0x000000001c002afa                com_write
 .text.cpx_rx_task
                0x000000001c002b2c       0xb6 /module/examples/other/lin_cluster_test_direct_sendimg/BUILD/GAP8_V2/GCC_RISCV_FREERTOS/../../../lib/cpx/src/cpx.o
 .text.cpxEnableFunction
                0x000000001c002be2       0x2a /module/examples/other/lin_cluster_test_direct_sendimg/BUILD/GAP8_V2/GCC_RISCV_FREERTOS/../../../lib/cpx/src/cpx.o
                0x000000001c002be2                cpxEnableFunction
 .text.cpxReceivePacketBlocking
                0x000000001c002c0c       0x14 /module/examples/other/lin_cluster_test_direct_sendimg/BUILD/GAP8_V2/GCC_RISCV_FREERTOS/../../../lib/cpx/src/cpx.o
                0x000000001c002c0c                cpxReceivePacketBlocking
 .text.cpxSendPacketBlocking
                0x000000001c002c20       0x6a /module/examples/other/lin_cluster_test_direct_sendimg/BUILD/GAP8_V2/GCC_RISCV_FREERTOS/../../../lib/cpx/src/cpx.o
                0x000000001c002c20                cpxSendPacketBlocking
 .text.cpxPrintToConsole
                0x000000001c002c8a       0xea /module/examples/other/lin_cluster_test_direct_sendimg/BUILD/GAP8_V2/GCC_RISCV_FREERTOS/../../../lib/cpx/src/cpx.o
                0x000000001c002c8a                cpxPrintToConsole
 .text.cpxInitRoute
                0x000000001c002d74       0x12 /module/examples/other/lin_cluster_test_direct_sendimg/BUILD/GAP8_V2/GCC_RISCV_FREERTOS/../../../lib/cpx/src/cpx.o
                0x000000001c002d74                cpxInitRoute
 .text.cpxInit  0x000000001c002d86       0x66 /module/examples/other/lin_cluster_test_direct_sendimg/BUILD/GAP8_V2/GCC_RISCV_FREERTOS/../../../lib/cpx/src/cpx.o
                0x000000001c002d86                cpxInit
 .text.Dct8x8   0x000000001c002dec      0x1e8 /module/examples/other/lin_cluster_test_direct_sendimg/BUILD/GAP8_V2/GCC_RISCV_FREERTOS//gap_sdk/libs/gap_lib/jpeg/dct.o
                0x000000001c002dec                Dct8x8
 .text.process_du
                0x000000001c002fd4      0x66c /module/examples/other/lin_cluster_test_direct_sendimg/BUILD/GAP8_V2/GCC_RISCV_FREERTOS//gap_sdk/libs/gap_lib/jpeg/jpeg_encoder.o
                0x000000001c002fd4                process_du
 .text.jpeg_encoder_process_async
                0x000000001c003640     0x1114 /module/examples/other/lin_cluster_test_direct_sendimg/BUILD/GAP8_V2/GCC_RISCV_FREERTOS//gap_sdk/libs/gap_lib/jpeg/jpeg_encoder.o
                0x000000001c003640                jpeg_encoder_process_async
 .text.jpeg_encoder_process
                0x000000001c004754       0x40 /module/examples/other/lin_cluster_test_direct_sendimg/BUILD/GAP8_V2/GCC_RISCV_FREERTOS//gap_sdk/libs/gap_lib/jpeg/jpeg_encoder.o
                0x000000001c004754                jpeg_encoder_process
 .text.jpeg_encoder_open
                0x000000001c004794       0x20 /module/examples/other/lin_cluster_test_direct_sendimg/BUILD/GAP8_V2/GCC_RISCV_FREERTOS//gap_sdk/libs/gap_lib/jpeg/jpeg_encoder.o
                0x000000001c004794                jpeg_encoder_open
 .text.jpeg_encoder_conf_init
                0x000000001c0047b4        0xe /module/examples/other/lin_cluster_test_direct_sendimg/BUILD/GAP8_V2/GCC_RISCV_FREERTOS//gap_sdk/libs/gap_lib/jpeg/jpeg_encoder.o
                0x000000001c0047b4                jpeg_encoder_conf_init
 .text.jpeg_encoder_header
                0x000000001c0047c2      0x430 /module/examples/other/lin_cluster_test_direct_sendimg/BUILD/GAP8_V2/GCC_RISCV_FREERTOS//gap_sdk/libs/gap_lib/jpeg/jpeg_encoder.o
                0x000000001c0047c2                jpeg_encoder_header
 .text.jpeg_encoder_footer
                0x000000001c004bf2       0x14 /module/examples/other/lin_cluster_test_direct_sendimg/BUILD/GAP8_V2/GCC_RISCV_FREERTOS//gap_sdk/libs/gap_lib/jpeg/jpeg_encoder.o
                0x000000001c004bf2                jpeg_encoder_footer
 .text.exec_quantization
                0x000000001c004c06      0x164 /module/examples/other/lin_cluster_test_direct_sendimg/BUILD/GAP8_V2/GCC_RISCV_FREERTOS//gap_sdk/libs/gap_lib/jpeg/cluster.o
 .text.AppendBytes_cl
                0x000000001c004d6a      0x268 /module/examples/other/lin_cluster_test_direct_sendimg/BUILD/GAP8_V2/GCC_RISCV_FREERTOS//gap_sdk/libs/gap_lib/jpeg/cluster.o
 .text.exec_check_bitstream
                0x000000001c004fd2      0x6d8 /module/examples/other/lin_cluster_test_direct_sendimg/BUILD/GAP8_V2/GCC_RISCV_FREERTOS//gap_sdk/libs/gap_lib/jpeg/cluster.o
 .text.process_du_cluster
                0x000000001c0056aa       0xc8 /module/examples/other/lin_cluster_test_direct_sendimg/BUILD/GAP8_V2/GCC_RISCV_FREERTOS//gap_sdk/libs/gap_lib/jpeg/cluster.o
                0x000000001c0056aa                process_du_cluster
 .text.__jpeg_encoder_process_pe_entry
                0x000000001c005772      0x558 /module/examples/other/lin_cluster_test_direct_sendimg/BUILD/GAP8_V2/GCC_RISCV_FREERTOS//gap_sdk/libs/gap_lib/jpeg/cluster.o
 .text.__jpeg_encoder_process_cl_entry
                0x000000001c005cca      0x4ec /module/examples/other/lin_cluster_test_direct_sendimg/BUILD/GAP8_V2/GCC_RISCV_FREERTOS//gap_sdk/libs/gap_lib/jpeg/cluster.o
 .text.__jpeg_encoder_process_cl
                0x000000001c0061b6       0x4a /module/examples/other/lin_cluster_test_direct_sendimg/BUILD/GAP8_V2/GCC_RISCV_FREERTOS//gap_sdk/libs/gap_lib/jpeg/cluster.o
                0x000000001c0061b6                __jpeg_encoder_process_cl
 .text.system_init
                0x000000001c006200       0x5e /module/examples/other/lin_cluster_test_direct_sendimg/BUILD/GAP8_V2/GCC_RISCV_FREERTOS//gap_sdk/rtos/freeRTOS/vendors/gwt/gap8/src/device/system_gap8.o
                0x000000001c006200                system_init
 .text.system_setup_systick
                0x000000001c00625e       0x38 /module/examples/other/lin_cluster_test_direct_sendimg/BUILD/GAP8_V2/GCC_RISCV_FREERTOS//gap_sdk/rtos/freeRTOS/vendors/gwt/gap8/src/device/system_gap8.o
                0x000000001c00625e                system_setup_systick
 .text.system_core_clock_update
                0x000000001c006296       0x54 /module/examples/other/lin_cluster_test_direct_sendimg/BUILD/GAP8_V2/GCC_RISCV_FREERTOS//gap_sdk/rtos/freeRTOS/vendors/gwt/gap8/src/device/system_gap8.o
                0x000000001c006296                system_core_clock_update
 .text.system_setup_timer
                0x000000001c0062ea        0xc /module/examples/other/lin_cluster_test_direct_sendimg/BUILD/GAP8_V2/GCC_RISCV_FREERTOS//gap_sdk/rtos/freeRTOS/vendors/gwt/gap8/src/device/system_gap8.o
                0x000000001c0062ea                system_setup_timer
 .text.system_core_clock_get
                0x000000001c0062f6        0xa /module/examples/other/lin_cluster_test_direct_sendimg/BUILD/GAP8_V2/GCC_RISCV_FREERTOS//gap_sdk/rtos/freeRTOS/vendors/gwt/gap8/src/device/system_gap8.o
                0x000000001c0062f6                system_core_clock_get
 .text.system_exit
                0x000000001c006300       0x6e /module/examples/other/lin_cluster_test_direct_sendimg/BUILD/GAP8_V2/GCC_RISCV_FREERTOS//gap_sdk/rtos/freeRTOS/vendors/gwt/gap8/src/device/system_gap8.o
                0x000000001c006300                system_exit
 .text._procid  0x000000001c00636e        0xa /module/examples/other/lin_cluster_test_direct_sendimg/BUILD/GAP8_V2/GCC_RISCV_FREERTOS//gap_sdk/rtos/freeRTOS/vendors/gwt/gap8/src/device/gap8_it.o
                0x000000001c00636e                _procid
 .text._clusterid
                0x000000001c006378        0x8 /module/examples/other/lin_cluster_test_direct_sendimg/BUILD/GAP8_V2/GCC_RISCV_FREERTOS//gap_sdk/rtos/freeRTOS/vendors/gwt/gap8/src/device/gap8_it.o
                0x000000001c006378                _clusterid
 .text._isr_default
                0x000000001c006380        0xe /module/examples/other/lin_cluster_test_direct_sendimg/BUILD/GAP8_V2/GCC_RISCV_FREERTOS//gap_sdk/rtos/freeRTOS/vendors/gwt/gap8/src/device/gap8_it.o
                0x000000001c006380                _isr_default
 .text.vSetPendSV
                0x000000001c00638e        0xa /module/examples/other/lin_cluster_test_direct_sendimg/BUILD/GAP8_V2/GCC_RISCV_FREERTOS//gap_sdk/rtos/freeRTOS/vendors/gwt/gap8/src/device/gap8_it.o
                0x000000001c00638e                vSetPendSV
 .text._ill_insn_print
                0x000000001c006398        0xa /module/examples/other/lin_cluster_test_direct_sendimg/BUILD/GAP8_V2/GCC_RISCV_FREERTOS//gap_sdk/rtos/freeRTOS/vendors/gwt/gap8/src/device/gap8_it.o
                0x000000001c006398                _ill_insn_print
 .text.__uart_putc_cluster_req
                0x000000001c0063a2       0x48 /module/examples/other/lin_cluster_test_direct_sendimg/BUILD/GAP8_V2/GCC_RISCV_FREERTOS//gap_sdk/rtos/freeRTOS/vendors/gwt/gap8/src/driver/gap_io.o
 .text.printf_uart_init
                0x000000001c0063ea       0x5e /module/examples/other/lin_cluster_test_direct_sendimg/BUILD/GAP8_V2/GCC_RISCV_FREERTOS//gap_sdk/rtos/freeRTOS/vendors/gwt/gap8/src/driver/gap_io.o
                0x000000001c0063ea                printf_uart_init
 .text._putchar
                0x000000001c006448      0x126 /module/examples/other/lin_cluster_test_direct_sendimg/BUILD/GAP8_V2/GCC_RISCV_FREERTOS//gap_sdk/rtos/freeRTOS/vendors/gwt/gap8/src/driver/gap_io.o
                0x000000001c006448                _putchar
 .text.system_exit_printf_flush
                0x000000001c00656e       0x96 /module/examples/other/lin_cluster_test_direct_sendimg/BUILD/GAP8_V2/GCC_RISCV_FREERTOS//gap_sdk/rtos/freeRTOS/vendors/gwt/gap8/src/driver/gap_io.o
                0x000000001c00656e                system_exit_printf_flush
 .text.exit     0x000000001c006604        0x8 /module/examples/other/lin_cluster_test_direct_sendimg/BUILD/GAP8_V2/GCC_RISCV_FREERTOS//gap_sdk/rtos/freeRTOS/vendors/gwt/libs/src/stdlib.o
                0x000000001c006604                exit
 .text.memcpy   0x000000001c00660c      0x10a /module/examples/other/lin_cluster_test_direct_sendimg/BUILD/GAP8_V2/GCC_RISCV_FREERTOS//gap_sdk/rtos/freeRTOS/vendors/gwt/libs/src/string.o
                0x000000001c00660c                memcpy
 .text.memset   0x000000001c006716       0xb6 /module/examples/other/lin_cluster_test_direct_sendimg/BUILD/GAP8_V2/GCC_RISCV_FREERTOS//gap_sdk/rtos/freeRTOS/vendors/gwt/libs/src/string.o
                0x000000001c006716                memset
 .text.cl_notify_fc_event_handler
                0x000000001c0067cc       0x9c /module/examples/other/lin_cluster_test_direct_sendimg/BUILD/GAP8_V2/GCC_RISCV_FREERTOS//gap_sdk/rtos/freeRTOS/vendors/gwt/gap8/pmsis/cluster/drivers/cluster_synchronisation/cl_to_fc_delegate.o
                0x000000001c0067cc                cl_notify_fc_event_handler
 .text.pi_cl_send_task_to_fc
                0x000000001c006868       0x42 /module/examples/other/lin_cluster_test_direct_sendimg/BUILD/GAP8_V2/GCC_RISCV_FREERTOS//gap_sdk/rtos/freeRTOS/vendors/gwt/gap8/pmsis/cluster/drivers/cluster_synchronisation/cl_to_fc_delegate.o
                0x000000001c006868                pi_cl_send_task_to_fc
 .text.mc_fc_delegate_init
                0x000000001c0068aa        0xc /module/examples/other/lin_cluster_test_direct_sendimg/BUILD/GAP8_V2/GCC_RISCV_FREERTOS//gap_sdk/rtos/freeRTOS/vendors/gwt/gap8/pmsis/cluster/drivers/cluster_synchronisation/cl_to_fc_delegate.o
                0x000000001c0068aa                mc_fc_delegate_init
 .text.pi_cluster_close_async
                0x000000001c0068b6        0x4 /module/examples/other/lin_cluster_test_direct_sendimg/BUILD/GAP8_V2/GCC_RISCV_FREERTOS//gap_sdk/rtos/freeRTOS/vendors/gwt/gap8/pmsis/cluster/drivers/cluster_synchronisation/fc_to_cl_delegate.o
                0x000000001c0068b6                pi_cluster_close_async
 .text.pi_cluster_ioctl
                0x000000001c0068ba       0x48 /module/examples/other/lin_cluster_test_direct_sendimg/BUILD/GAP8_V2/GCC_RISCV_FREERTOS//gap_sdk/rtos/freeRTOS/vendors/gwt/gap8/pmsis/cluster/drivers/cluster_synchronisation/fc_to_cl_delegate.o
                0x000000001c0068ba                pi_cluster_ioctl
 .text.pi_cluster_ioctl_async
                0x000000001c006902       0x5a /module/examples/other/lin_cluster_test_direct_sendimg/BUILD/GAP8_V2/GCC_RISCV_FREERTOS//gap_sdk/rtos/freeRTOS/vendors/gwt/gap8/pmsis/cluster/drivers/cluster_synchronisation/fc_to_cl_delegate.o
                0x000000001c006902                pi_cluster_ioctl_async
 .text.pi_cluster_open_async
                0x000000001c00695c       0x72 /module/examples/other/lin_cluster_test_direct_sendimg/BUILD/GAP8_V2/GCC_RISCV_FREERTOS//gap_sdk/rtos/freeRTOS/vendors/gwt/gap8/pmsis/cluster/drivers/cluster_synchronisation/fc_to_cl_delegate.o
                0x000000001c00695c                pi_cluster_open_async
 .text.__os_native_api_mutex_lock
                0x000000001c0069ce        0x6 /module/examples/other/lin_cluster_test_direct_sendimg/BUILD/GAP8_V2/GCC_RISCV_FREERTOS//gap_sdk/rtos/freeRTOS/vendors/gwt/gap8/pmsis/cluster/drivers/cluster_synchronisation/fc_to_cl_delegate.o
 .text.__os_native_api_mutex_release
                0x000000001c0069d4       0x1e /module/examples/other/lin_cluster_test_direct_sendimg/BUILD/GAP8_V2/GCC_RISCV_FREERTOS//gap_sdk/rtos/freeRTOS/vendors/gwt/gap8/pmsis/cluster/drivers/cluster_synchronisation/fc_to_cl_delegate.o
 .text.pi_cluster_close
                0x000000001c0069f2       0x96 /module/examples/other/lin_cluster_test_direct_sendimg/BUILD/GAP8_V2/GCC_RISCV_FREERTOS//gap_sdk/rtos/freeRTOS/vendors/gwt/gap8/pmsis/cluster/drivers/cluster_synchronisation/fc_to_cl_delegate.o
                0x000000001c0069f2                pi_cluster_close
 .text.pi_cluster_open
                0x000000001c006a88      0x284 /module/examples/other/lin_cluster_test_direct_sendimg/BUILD/GAP8_V2/GCC_RISCV_FREERTOS//gap_sdk/rtos/freeRTOS/vendors/gwt/gap8/pmsis/cluster/drivers/cluster_synchronisation/fc_to_cl_delegate.o
                0x000000001c006a88                pi_cluster_open
 .text.cl_task_finish
                0x000000001c006d0c       0x7a /module/examples/other/lin_cluster_test_direct_sendimg/BUILD/GAP8_V2/GCC_RISCV_FREERTOS//gap_sdk/rtos/freeRTOS/vendors/gwt/gap8/pmsis/cluster/drivers/cluster_synchronisation/fc_to_cl_delegate.o
                0x000000001c006d0c                cl_task_finish
 .text.pi_cluster_send_task_to_cl
                0x000000001c006d86       0xdc /module/examples/other/lin_cluster_test_direct_sendimg/BUILD/GAP8_V2/GCC_RISCV_FREERTOS//gap_sdk/rtos/freeRTOS/vendors/gwt/gap8/pmsis/cluster/drivers/cluster_synchronisation/fc_to_cl_delegate.o
                0x000000001c006d86                pi_cluster_send_task_to_cl
 .text.pi_cluster_conf_init
                0x000000001c006e62        0xa /module/examples/other/lin_cluster_test_direct_sendimg/BUILD/GAP8_V2/GCC_RISCV_FREERTOS//gap_sdk/rtos/freeRTOS/vendors/gwt/gap8/pmsis/cluster/drivers/cluster_synchronisation/fc_to_cl_delegate.o
                0x000000001c006e62                pi_cluster_conf_init
 .text.pi_cl_dma_2d_handler
                0x000000001c006e6c       0x94 /module/examples/other/lin_cluster_test_direct_sendimg/BUILD/GAP8_V2/GCC_RISCV_FREERTOS//gap_sdk/rtos/freeRTOS/vendors/gwt/gap8/pmsis/cluster/drivers/dma/cl_dma_irq.o
                0x000000001c006e6c                pi_cl_dma_2d_handler
 .text.fc_event_null_event
                0x000000001c006f00        0x2 /module/examples/other/lin_cluster_test_direct_sendimg/BUILD/GAP8_V2/GCC_RISCV_FREERTOS//gap_sdk/rtos/freeRTOS/vendors/gwt/gap8/pmsis/drivers/fc_event/fc_event.o
 .text.pi_fc_event_handler_init
                0x000000001c006f02       0x30 /module/examples/other/lin_cluster_test_direct_sendimg/BUILD/GAP8_V2/GCC_RISCV_FREERTOS//gap_sdk/rtos/freeRTOS/vendors/gwt/gap8/pmsis/drivers/fc_event/fc_event.o
                0x000000001c006f02                pi_fc_event_handler_init
 .text.pi_fc_event_handler_set
                0x000000001c006f32       0x10 /module/examples/other/lin_cluster_test_direct_sendimg/BUILD/GAP8_V2/GCC_RISCV_FREERTOS//gap_sdk/rtos/freeRTOS/vendors/gwt/gap8/pmsis/drivers/fc_event/fc_event.o
                0x000000001c006f32                pi_fc_event_handler_set
 .text.pi_fc_event_handler_clear
                0x000000001c006f42       0x18 /module/examples/other/lin_cluster_test_direct_sendimg/BUILD/GAP8_V2/GCC_RISCV_FREERTOS//gap_sdk/rtos/freeRTOS/vendors/gwt/gap8/pmsis/drivers/fc_event/fc_event.o
                0x000000001c006f42                pi_fc_event_handler_clear
 .text.pi_fll_init
                0x000000001c006f5a       0xd2 /module/examples/other/lin_cluster_test_direct_sendimg/BUILD/GAP8_V2/GCC_RISCV_FREERTOS//gap_sdk/rtos/freeRTOS/vendors/gwt/gap8/pmsis/drivers/fll/fll.o
                0x000000001c006f5a                pi_fll_init
 .text.pi_fll_frequency_set
                0x000000001c00702c       0xb0 /module/examples/other/lin_cluster_test_direct_sendimg/BUILD/GAP8_V2/GCC_RISCV_FREERTOS//gap_sdk/rtos/freeRTOS/vendors/gwt/gap8/pmsis/drivers/fll/fll.o
                0x000000001c00702c                pi_fll_frequency_set
 .text.pi_fll_frequency_get
                0x000000001c0070dc       0x46 /module/examples/other/lin_cluster_test_direct_sendimg/BUILD/GAP8_V2/GCC_RISCV_FREERTOS//gap_sdk/rtos/freeRTOS/vendors/gwt/gap8/pmsis/drivers/fll/fll.o
                0x000000001c0070dc                pi_fll_frequency_get
 .text.pi_freq_callback_add
                0x000000001c007122       0x28 /module/examples/other/lin_cluster_test_direct_sendimg/BUILD/GAP8_V2/GCC_RISCV_FREERTOS//gap_sdk/rtos/freeRTOS/vendors/gwt/gap8/pmsis/drivers/fll/fll.o
                0x000000001c007122                pi_freq_callback_add
 .text.pi_freq_callback_remove
                0x000000001c00714a       0x46 /module/examples/other/lin_cluster_test_direct_sendimg/BUILD/GAP8_V2/GCC_RISCV_FREERTOS//gap_sdk/rtos/freeRTOS/vendors/gwt/gap8/pmsis/drivers/fll/fll.o
                0x000000001c00714a                pi_freq_callback_remove
 .text.gpio_handler
                0x000000001c007190       0xa0 /module/examples/other/lin_cluster_test_direct_sendimg/BUILD/GAP8_V2/GCC_RISCV_FREERTOS//gap_sdk/rtos/freeRTOS/vendors/gwt/gap8/pmsis/drivers/gpio/gpio.o
 .text.pi_gpio_conf_init
                0x000000001c007230        0xa /module/examples/other/lin_cluster_test_direct_sendimg/BUILD/GAP8_V2/GCC_RISCV_FREERTOS//gap_sdk/rtos/freeRTOS/vendors/gwt/gap8/pmsis/drivers/gpio/gpio.o
                0x000000001c007230                pi_gpio_conf_init
 .text.pi_gpio_open
                0x000000001c00723a       0xae /module/examples/other/lin_cluster_test_direct_sendimg/BUILD/GAP8_V2/GCC_RISCV_FREERTOS//gap_sdk/rtos/freeRTOS/vendors/gwt/gap8/pmsis/drivers/gpio/gpio.o
                0x000000001c00723a                pi_gpio_open
 .text.pi_gpio_pin_configure
                0x000000001c0072e8       0xde /module/examples/other/lin_cluster_test_direct_sendimg/BUILD/GAP8_V2/GCC_RISCV_FREERTOS//gap_sdk/rtos/freeRTOS/vendors/gwt/gap8/pmsis/drivers/gpio/gpio.o
                0x000000001c0072e8                pi_gpio_pin_configure
 .text.pi_gpio_pin_write
                0x000000001c0073c6       0x36 /module/examples/other/lin_cluster_test_direct_sendimg/BUILD/GAP8_V2/GCC_RISCV_FREERTOS//gap_sdk/rtos/freeRTOS/vendors/gwt/gap8/pmsis/drivers/gpio/gpio.o
                0x000000001c0073c6                pi_gpio_pin_write
 .text.pi_gpio_pin_read
                0x000000001c0073fc       0x4a /module/examples/other/lin_cluster_test_direct_sendimg/BUILD/GAP8_V2/GCC_RISCV_FREERTOS//gap_sdk/rtos/freeRTOS/vendors/gwt/gap8/pmsis/drivers/gpio/gpio.o
                0x000000001c0073fc                pi_gpio_pin_read
 .text.pi_gpio_pin_notif_configure
                0x000000001c007446       0x72 /module/examples/other/lin_cluster_test_direct_sendimg/BUILD/GAP8_V2/GCC_RISCV_FREERTOS//gap_sdk/rtos/freeRTOS/vendors/gwt/gap8/pmsis/drivers/gpio/gpio.o
                0x000000001c007446                pi_gpio_pin_notif_configure
 .text.pi_gpio_callback_add
                0x000000001c0074b8       0x22 /module/examples/other/lin_cluster_test_direct_sendimg/BUILD/GAP8_V2/GCC_RISCV_FREERTOS//gap_sdk/rtos/freeRTOS/vendors/gwt/gap8/pmsis/drivers/gpio/gpio.o
                0x000000001c0074b8                pi_gpio_callback_add
 .text.pi_pad_set_function
                0x000000001c0074da       0x38 /module/examples/other/lin_cluster_test_direct_sendimg/BUILD/GAP8_V2/GCC_RISCV_FREERTOS//gap_sdk/rtos/freeRTOS/vendors/gwt/gap8/pmsis/drivers/pad/pad.o
                0x000000001c0074da                pi_pad_set_function
 .text.pi_pad_init
                0x000000001c007512       0x26 /module/examples/other/lin_cluster_test_direct_sendimg/BUILD/GAP8_V2/GCC_RISCV_FREERTOS//gap_sdk/rtos/freeRTOS/vendors/gwt/gap8/pmsis/drivers/pad/pad.o
                0x000000001c007512                pi_pad_init
 .text.__pi_pmu_handler
                0x000000001c007538       0x1e /module/examples/other/lin_cluster_test_direct_sendimg/BUILD/GAP8_V2/GCC_RISCV_FREERTOS//gap_sdk/rtos/freeRTOS/vendors/gwt/gap8/pmsis/drivers/pmu/pmu_internal.o
 .text.__pi_pmu_init
                0x000000001c007556       0xfa /module/examples/other/lin_cluster_test_direct_sendimg/BUILD/GAP8_V2/GCC_RISCV_FREERTOS//gap_sdk/rtos/freeRTOS/vendors/gwt/gap8/pmsis/drivers/pmu/pmu_internal.o
                0x000000001c007556                __pi_pmu_init
 .text.__pi_pmu_voltage_set
                0x000000001c007650      0x140 /module/examples/other/lin_cluster_test_direct_sendimg/BUILD/GAP8_V2/GCC_RISCV_FREERTOS//gap_sdk/rtos/freeRTOS/vendors/gwt/gap8/pmsis/drivers/pmu/pmu_internal.o
                0x000000001c007650                __pi_pmu_voltage_set
 .text.__pi_pmu_cluster_power_on
                0x000000001c007790      0x12c /module/examples/other/lin_cluster_test_direct_sendimg/BUILD/GAP8_V2/GCC_RISCV_FREERTOS//gap_sdk/rtos/freeRTOS/vendors/gwt/gap8/pmsis/drivers/pmu/pmu_internal.o
                0x000000001c007790                __pi_pmu_cluster_power_on
 .text.__pi_pmu_cluster_power_off
                0x000000001c0078bc       0xde /module/examples/other/lin_cluster_test_direct_sendimg/BUILD/GAP8_V2/GCC_RISCV_FREERTOS//gap_sdk/rtos/freeRTOS/vendors/gwt/gap8/pmsis/drivers/pmu/pmu_internal.o
                0x000000001c0078bc                __pi_pmu_cluster_power_off
 .text.pi_timer_init
                0x000000001c00799a       0x34 /module/examples/other/lin_cluster_test_direct_sendimg/BUILD/GAP8_V2/GCC_RISCV_FREERTOS//gap_sdk/rtos/freeRTOS/vendors/gwt/gap8/pmsis/drivers/timer/timer.o
                0x000000001c00799a                pi_timer_init
 .text.pi_timer_stop
                0x000000001c0079ce       0x28 /module/examples/other/lin_cluster_test_direct_sendimg/BUILD/GAP8_V2/GCC_RISCV_FREERTOS//gap_sdk/rtos/freeRTOS/vendors/gwt/gap8/pmsis/drivers/timer/timer.o
                0x000000001c0079ce                pi_timer_stop
 .text.__pi_hyper_copy_aligned.isra.6
                0x000000001c0079f6       0x48 /module/examples/other/lin_cluster_test_direct_sendimg/BUILD/GAP8_V2/GCC_RISCV_FREERTOS//gap_sdk/rtos/freeRTOS/vendors/gwt/gap8/pmsis/drivers/udma/hyperbus/hyperbus_internal.o
 .text.__pi_hyper_copy_misaligned
                0x000000001c007a3e      0x2ee /module/examples/other/lin_cluster_test_direct_sendimg/BUILD/GAP8_V2/GCC_RISCV_FREERTOS//gap_sdk/rtos/freeRTOS/vendors/gwt/gap8/pmsis/drivers/udma/hyperbus/hyperbus_internal.o
 .text.pi_cpi_conf_init
                0x000000001c007d2c        0x2 /module/examples/other/lin_cluster_test_direct_sendimg/BUILD/GAP8_V2/GCC_RISCV_FREERTOS//gap_sdk/rtos/freeRTOS/vendors/gwt/gap8/pmsis/drivers/udma/cpi/cpi.o
                0x000000001c007d2c                pi_cpi_conf_init
 .text.pi_cpi_open
                0x000000001c007d2e        0x8 /module/examples/other/lin_cluster_test_direct_sendimg/BUILD/GAP8_V2/GCC_RISCV_FREERTOS//gap_sdk/rtos/freeRTOS/vendors/gwt/gap8/pmsis/drivers/udma/cpi/cpi.o
                0x000000001c007d2e                pi_cpi_open
 .text.pi_cpi_close
                0x000000001c007d36       0x1e /module/examples/other/lin_cluster_test_direct_sendimg/BUILD/GAP8_V2/GCC_RISCV_FREERTOS//gap_sdk/rtos/freeRTOS/vendors/gwt/gap8/pmsis/drivers/udma/cpi/cpi.o
                0x000000001c007d36                pi_cpi_close
 .text.pi_cpi_capture_async
                0x000000001c007d54        0x4 /module/examples/other/lin_cluster_test_direct_sendimg/BUILD/GAP8_V2/GCC_RISCV_FREERTOS//gap_sdk/rtos/freeRTOS/vendors/gwt/gap8/pmsis/drivers/udma/cpi/cpi.o
                0x000000001c007d54                pi_cpi_capture_async
 .text.__pi_cpi_handler
                0x000000001c007d58      0x204 /module/examples/other/lin_cluster_test_direct_sendimg/BUILD/GAP8_V2/GCC_RISCV_FREERTOS//gap_sdk/rtos/freeRTOS/vendors/gwt/gap8/pmsis/drivers/udma/cpi/cpi_internal.o
 .text.__pi_cpi_conf_init
                0x000000001c007f5c        0xc /module/examples/other/lin_cluster_test_direct_sendimg/BUILD/GAP8_V2/GCC_RISCV_FREERTOS//gap_sdk/rtos/freeRTOS/vendors/gwt/gap8/pmsis/drivers/udma/cpi/cpi_internal.o
                0x000000001c007f5c                __pi_cpi_conf_init
 .text.__pi_cpi_open
                0x000000001c007f68       0xfc /module/examples/other/lin_cluster_test_direct_sendimg/BUILD/GAP8_V2/GCC_RISCV_FREERTOS//gap_sdk/rtos/freeRTOS/vendors/gwt/gap8/pmsis/drivers/udma/cpi/cpi_internal.o
                0x000000001c007f68                __pi_cpi_open
 .text.__pi_cpi_close
                0x000000001c008064       0x84 /module/examples/other/lin_cluster_test_direct_sendimg/BUILD/GAP8_V2/GCC_RISCV_FREERTOS//gap_sdk/rtos/freeRTOS/vendors/gwt/gap8/pmsis/drivers/udma/cpi/cpi_internal.o
                0x000000001c008064                __pi_cpi_close
 .text.__pi_cpi_copy
                0x000000001c0080e8      0x114 /module/examples/other/lin_cluster_test_direct_sendimg/BUILD/GAP8_V2/GCC_RISCV_FREERTOS//gap_sdk/rtos/freeRTOS/vendors/gwt/gap8/pmsis/drivers/udma/cpi/cpi_internal.o
                0x000000001c0080e8                __pi_cpi_copy
 .text.pi_i2c_conf_init
                0x000000001c0081fc        0x2 /module/examples/other/lin_cluster_test_direct_sendimg/BUILD/GAP8_V2/GCC_RISCV_FREERTOS//gap_sdk/rtos/freeRTOS/vendors/gwt/gap8/pmsis/drivers/udma/i2c/i2c.o
                0x000000001c0081fc                pi_i2c_conf_init
 .text.pi_i2c_open
                0x000000001c0081fe        0x8 /module/examples/other/lin_cluster_test_direct_sendimg/BUILD/GAP8_V2/GCC_RISCV_FREERTOS//gap_sdk/rtos/freeRTOS/vendors/gwt/gap8/pmsis/drivers/udma/i2c/i2c.o
                0x000000001c0081fe                pi_i2c_open
 .text.pi_i2c_read
                0x000000001c008206       0x46 /module/examples/other/lin_cluster_test_direct_sendimg/BUILD/GAP8_V2/GCC_RISCV_FREERTOS//gap_sdk/rtos/freeRTOS/vendors/gwt/gap8/pmsis/drivers/udma/i2c/i2c.o
                0x000000001c008206                pi_i2c_read
 .text.pi_i2c_write
                0x000000001c00824c       0x46 /module/examples/other/lin_cluster_test_direct_sendimg/BUILD/GAP8_V2/GCC_RISCV_FREERTOS//gap_sdk/rtos/freeRTOS/vendors/gwt/gap8/pmsis/drivers/udma/i2c/i2c.o
                0x000000001c00824c                pi_i2c_write
 .text.__pi_i2c_copy_exec_read
                0x000000001c008292       0xda /module/examples/other/lin_cluster_test_direct_sendimg/BUILD/GAP8_V2/GCC_RISCV_FREERTOS//gap_sdk/rtos/freeRTOS/vendors/gwt/gap8/pmsis/drivers/udma/i2c/i2c_internal.o
 .text.__pi_i2c_copy_exec_write
                0x000000001c00836c       0xf0 /module/examples/other/lin_cluster_test_direct_sendimg/BUILD/GAP8_V2/GCC_RISCV_FREERTOS//gap_sdk/rtos/freeRTOS/vendors/gwt/gap8/pmsis/drivers/udma/i2c/i2c_internal.o
 .text.__pi_i2c_handler
                0x000000001c00845c      0x12a /module/examples/other/lin_cluster_test_direct_sendimg/BUILD/GAP8_V2/GCC_RISCV_FREERTOS//gap_sdk/rtos/freeRTOS/vendors/gwt/gap8/pmsis/drivers/udma/i2c/i2c_internal.o
 .text.__pi_i2c_freq_cb
                0x000000001c008586       0x7c /module/examples/other/lin_cluster_test_direct_sendimg/BUILD/GAP8_V2/GCC_RISCV_FREERTOS//gap_sdk/rtos/freeRTOS/vendors/gwt/gap8/pmsis/drivers/udma/i2c/i2c_internal.o
 .text.__pi_i2c_conf_init
                0x000000001c008602       0x18 /module/examples/other/lin_cluster_test_direct_sendimg/BUILD/GAP8_V2/GCC_RISCV_FREERTOS//gap_sdk/rtos/freeRTOS/vendors/gwt/gap8/pmsis/drivers/udma/i2c/i2c_internal.o
                0x000000001c008602                __pi_i2c_conf_init
 .text.__pi_i2c_open
                0x000000001c00861a      0x1fa /module/examples/other/lin_cluster_test_direct_sendimg/BUILD/GAP8_V2/GCC_RISCV_FREERTOS//gap_sdk/rtos/freeRTOS/vendors/gwt/gap8/pmsis/drivers/udma/i2c/i2c_internal.o
                0x000000001c00861a                __pi_i2c_open
 .text.__pi_i2c_copy
                0x000000001c008814       0x6a /module/examples/other/lin_cluster_test_direct_sendimg/BUILD/GAP8_V2/GCC_RISCV_FREERTOS//gap_sdk/rtos/freeRTOS/vendors/gwt/gap8/pmsis/drivers/udma/i2c/i2c_internal.o
                0x000000001c008814                __pi_i2c_copy
 .text.pi_spi_open
                0x000000001c00887e       0x1c /module/examples/other/lin_cluster_test_direct_sendimg/BUILD/GAP8_V2/GCC_RISCV_FREERTOS//gap_sdk/rtos/freeRTOS/vendors/gwt/gap8/pmsis/drivers/udma/spi/spi.o
                0x000000001c00887e                pi_spi_open
 .text.pi_spi_transfer
                0x000000001c00889a       0x48 /module/examples/other/lin_cluster_test_direct_sendimg/BUILD/GAP8_V2/GCC_RISCV_FREERTOS//gap_sdk/rtos/freeRTOS/vendors/gwt/gap8/pmsis/drivers/udma/spi/spi.o
                0x000000001c00889a                pi_spi_transfer
 .text.__pi_spi_freq_cb
                0x000000001c0088e2       0x84 /module/examples/other/lin_cluster_test_direct_sendimg/BUILD/GAP8_V2/GCC_RISCV_FREERTOS//gap_sdk/rtos/freeRTOS/vendors/gwt/gap8/pmsis/drivers/udma/spi/spi_internal.o
                0x000000001c0088e2                __pi_spi_freq_cb
 .text.pi_spi_conf_init
                0x000000001c008966       0x26 /module/examples/other/lin_cluster_test_direct_sendimg/BUILD/GAP8_V2/GCC_RISCV_FREERTOS//gap_sdk/rtos/freeRTOS/vendors/gwt/gap8/pmsis/drivers/udma/spi/spi_internal.o
                0x000000001c008966                pi_spi_conf_init
 .text.__pi_spi_open
                0x000000001c00898c      0x300 /module/examples/other/lin_cluster_test_direct_sendimg/BUILD/GAP8_V2/GCC_RISCV_FREERTOS//gap_sdk/rtos/freeRTOS/vendors/gwt/gap8/pmsis/drivers/udma/spi/spi_internal.o
                0x000000001c00898c                __pi_spi_open
 .text.__pi_spi_receive_async
                0x000000001c008c8c      0x110 /module/examples/other/lin_cluster_test_direct_sendimg/BUILD/GAP8_V2/GCC_RISCV_FREERTOS//gap_sdk/rtos/freeRTOS/vendors/gwt/gap8/pmsis/drivers/udma/spi/spi_internal.o
                0x000000001c008c8c                __pi_spi_receive_async
 .text.__pi_spi_send_async
                0x000000001c008d9c      0x146 /module/examples/other/lin_cluster_test_direct_sendimg/BUILD/GAP8_V2/GCC_RISCV_FREERTOS//gap_sdk/rtos/freeRTOS/vendors/gwt/gap8/pmsis/drivers/udma/spi/spi_internal.o
                0x000000001c008d9c                __pi_spi_send_async
 .text.__pi_spi_xfer_async
                0x000000001c008ee2      0x138 /module/examples/other/lin_cluster_test_direct_sendimg/BUILD/GAP8_V2/GCC_RISCV_FREERTOS//gap_sdk/rtos/freeRTOS/vendors/gwt/gap8/pmsis/drivers/udma/spi/spi_internal.o
                0x000000001c008ee2                __pi_spi_xfer_async
 .text.__pi_spi_copy_async
                0x000000001c00901a      0x792 /module/examples/other/lin_cluster_test_direct_sendimg/BUILD/GAP8_V2/GCC_RISCV_FREERTOS//gap_sdk/rtos/freeRTOS/vendors/gwt/gap8/pmsis/drivers/udma/spi/spi_internal.o
                0x000000001c00901a                __pi_spi_copy_async
 .text.__pi_spi_copy_async_2d
                0x000000001c0097ac      0x700 /module/examples/other/lin_cluster_test_direct_sendimg/BUILD/GAP8_V2/GCC_RISCV_FREERTOS//gap_sdk/rtos/freeRTOS/vendors/gwt/gap8/pmsis/drivers/udma/spi/spi_internal.o
                0x000000001c0097ac                __pi_spi_copy_async_2d
 .text.spim_eot_handler
                0x000000001c009eac      0x872 /module/examples/other/lin_cluster_test_direct_sendimg/BUILD/GAP8_V2/GCC_RISCV_FREERTOS//gap_sdk/rtos/freeRTOS/vendors/gwt/gap8/pmsis/drivers/udma/spi/spi_internal.o
                0x000000001c009eac                spim_eot_handler
 .text.spim_tx_handler
                0x000000001c00a71e       0x3e /module/examples/other/lin_cluster_test_direct_sendimg/BUILD/GAP8_V2/GCC_RISCV_FREERTOS//gap_sdk/rtos/freeRTOS/vendors/gwt/gap8/pmsis/drivers/udma/spi/spi_internal.o
                0x000000001c00a71e                spim_tx_handler
 .text.spim_rx_handler
                0x000000001c00a75c       0x3a /module/examples/other/lin_cluster_test_direct_sendimg/BUILD/GAP8_V2/GCC_RISCV_FREERTOS//gap_sdk/rtos/freeRTOS/vendors/gwt/gap8/pmsis/drivers/udma/spi/spi_internal.o
                0x000000001c00a75c                spim_rx_handler
 .text.pi_uart_conf_init
                0x000000001c00a796        0x2 /module/examples/other/lin_cluster_test_direct_sendimg/BUILD/GAP8_V2/GCC_RISCV_FREERTOS//gap_sdk/rtos/freeRTOS/vendors/gwt/gap8/pmsis/drivers/udma/uart/uart.o
                0x000000001c00a796                pi_uart_conf_init
 .text.pi_uart_open
                0x000000001c00a798        0x6 /module/examples/other/lin_cluster_test_direct_sendimg/BUILD/GAP8_V2/GCC_RISCV_FREERTOS//gap_sdk/rtos/freeRTOS/vendors/gwt/gap8/pmsis/drivers/udma/uart/uart.o
                0x000000001c00a798                pi_uart_open
 .text.pi_uart_close
                0x000000001c00a79e       0x1e /module/examples/other/lin_cluster_test_direct_sendimg/BUILD/GAP8_V2/GCC_RISCV_FREERTOS//gap_sdk/rtos/freeRTOS/vendors/gwt/gap8/pmsis/drivers/udma/uart/uart.o
                0x000000001c00a79e                pi_uart_close
 .text.pi_uart_write
                0x000000001c00a7bc       0x4c /module/examples/other/lin_cluster_test_direct_sendimg/BUILD/GAP8_V2/GCC_RISCV_FREERTOS//gap_sdk/rtos/freeRTOS/vendors/gwt/gap8/pmsis/drivers/udma/uart/uart.o
                0x000000001c00a7bc                pi_uart_write
 .text.__pi_uart_freq_cb
                0x000000001c00a808       0xa6 /module/examples/other/lin_cluster_test_direct_sendimg/BUILD/GAP8_V2/GCC_RISCV_FREERTOS//gap_sdk/rtos/freeRTOS/vendors/gwt/gap8/pmsis/drivers/udma/uart/uart_internal.o
 .text.__pi_uart_handler
                0x000000001c00a8ae       0xca /module/examples/other/lin_cluster_test_direct_sendimg/BUILD/GAP8_V2/GCC_RISCV_FREERTOS//gap_sdk/rtos/freeRTOS/vendors/gwt/gap8/pmsis/drivers/udma/uart/uart_internal.o
 .text.__pi_uart_conf_init
                0x000000001c00a978       0x18 /module/examples/other/lin_cluster_test_direct_sendimg/BUILD/GAP8_V2/GCC_RISCV_FREERTOS//gap_sdk/rtos/freeRTOS/vendors/gwt/gap8/pmsis/drivers/udma/uart/uart_internal.o
                0x000000001c00a978                __pi_uart_conf_init
 .text.__pi_uart_open
                0x000000001c00a990      0x1f0 /module/examples/other/lin_cluster_test_direct_sendimg/BUILD/GAP8_V2/GCC_RISCV_FREERTOS//gap_sdk/rtos/freeRTOS/vendors/gwt/gap8/pmsis/drivers/udma/uart/uart_internal.o
                0x000000001c00a990                __pi_uart_open
 .text.__pi_uart_close
                0x000000001c00ab80      0x144 /module/examples/other/lin_cluster_test_direct_sendimg/BUILD/GAP8_V2/GCC_RISCV_FREERTOS//gap_sdk/rtos/freeRTOS/vendors/gwt/gap8/pmsis/drivers/udma/uart/uart_internal.o
                0x000000001c00ab80                __pi_uart_close
 .text.__pi_uart_copy
                0x000000001c00acc4       0xb0 /module/examples/other/lin_cluster_test_direct_sendimg/BUILD/GAP8_V2/GCC_RISCV_FREERTOS//gap_sdk/rtos/freeRTOS/vendors/gwt/gap8/pmsis/drivers/udma/uart/uart_internal.o
                0x000000001c00acc4                __pi_uart_copy
 .text.bsp_himax_conf_init
                0x000000001c00ad74       0x48 /module/examples/other/lin_cluster_test_direct_sendimg/BUILD/GAP8_V2/GCC_RISCV_FREERTOS//gap_sdk/rtos/pmsis/bsp/bsp/ai_deck.o
                0x000000001c00ad74                bsp_himax_conf_init
 .text.bsp_himax_open
                0x000000001c00adbc       0x40 /module/examples/other/lin_cluster_test_direct_sendimg/BUILD/GAP8_V2/GCC_RISCV_FREERTOS//gap_sdk/rtos/pmsis/bsp/bsp/ai_deck.o
                0x000000001c00adbc                bsp_himax_open
 .text.pi_bsp_init
                0x000000001c00adfc       0x3c /module/examples/other/lin_cluster_test_direct_sendimg/BUILD/GAP8_V2/GCC_RISCV_FREERTOS//gap_sdk/rtos/pmsis/bsp/bsp/ai_deck.o
                0x000000001c00adfc                pi_bsp_init
 .text.pi_camera_open
                0x000000001c00ae38        0xc /module/examples/other/lin_cluster_test_direct_sendimg/BUILD/GAP8_V2/GCC_RISCV_FREERTOS//gap_sdk/rtos/pmsis/bsp/camera/camera.o
                0x000000001c00ae38                pi_camera_open
 .text.__camera_conf_init
                0x000000001c00ae44        0x2 /module/examples/other/lin_cluster_test_direct_sendimg/BUILD/GAP8_V2/GCC_RISCV_FREERTOS//gap_sdk/rtos/pmsis/bsp/camera/camera.o
                0x000000001c00ae44                __camera_conf_init
 .text.__himax_reg_set
                0x000000001c00ae46       0x3e /module/examples/other/lin_cluster_test_direct_sendimg/BUILD/GAP8_V2/GCC_RISCV_FREERTOS//gap_sdk/rtos/pmsis/bsp/camera/himax/himax.o
                0x000000001c00ae46                __himax_reg_set
 .text.__himax_capture_async
                0x000000001c00ae84        0xa /module/examples/other/lin_cluster_test_direct_sendimg/BUILD/GAP8_V2/GCC_RISCV_FREERTOS//gap_sdk/rtos/pmsis/bsp/camera/himax/himax.o
                0x000000001c00ae84                __himax_capture_async
 .text.__himax_reg_get
                0x000000001c00ae8e       0x5c /module/examples/other/lin_cluster_test_direct_sendimg/BUILD/GAP8_V2/GCC_RISCV_FREERTOS//gap_sdk/rtos/pmsis/bsp/camera/himax/himax.o
                0x000000001c00ae8e                __himax_reg_get
 .text.__himax_close
                0x000000001c00aeea       0x42 /module/examples/other/lin_cluster_test_direct_sendimg/BUILD/GAP8_V2/GCC_RISCV_FREERTOS//gap_sdk/rtos/pmsis/bsp/camera/himax/himax.o
 .text.__himax_open
                0x000000001c00af2c      0x2ec /module/examples/other/lin_cluster_test_direct_sendimg/BUILD/GAP8_V2/GCC_RISCV_FREERTOS//gap_sdk/rtos/pmsis/bsp/camera/himax/himax.o
                0x000000001c00af2c                __himax_open
 .text.__himax_reopen
                0x000000001c00b218      0x1d6 /module/examples/other/lin_cluster_test_direct_sendimg/BUILD/GAP8_V2/GCC_RISCV_FREERTOS//gap_sdk/rtos/pmsis/bsp/camera/himax/himax.o
                0x000000001c00b218                __himax_reopen
 .text.__himax_control
                0x000000001c00b3ee      0x124 /module/examples/other/lin_cluster_test_direct_sendimg/BUILD/GAP8_V2/GCC_RISCV_FREERTOS//gap_sdk/rtos/pmsis/bsp/camera/himax/himax.o
 .text.pi_himax_conf_init
                0x000000001c00b512       0x2e /module/examples/other/lin_cluster_test_direct_sendimg/BUILD/GAP8_V2/GCC_RISCV_FREERTOS//gap_sdk/rtos/pmsis/bsp/camera/himax/himax.o
                0x000000001c00b512                pi_himax_conf_init
 .text.pmsis_event_push
                0x000000001c00b540       0x4e /module/examples/other/lin_cluster_test_direct_sendimg/BUILD/GAP8_V2/GCC_RISCV_FREERTOS//gap_sdk/rtos/freeRTOS/vendors/gwt/pmsis/rtos/event_kernel/event_kernel.o
                0x000000001c00b540                pmsis_event_push
 .text.pmsis_event_kernel_init
                0x000000001c00b58e       0x78 /module/examples/other/lin_cluster_test_direct_sendimg/BUILD/GAP8_V2/GCC_RISCV_FREERTOS//gap_sdk/rtos/freeRTOS/vendors/gwt/pmsis/rtos/event_kernel/event_kernel.o
                0x000000001c00b58e                pmsis_event_kernel_init
 .text.pmsis_event_kernel_main
                0x000000001c00b606       0xa2 /module/examples/other/lin_cluster_test_direct_sendimg/BUILD/GAP8_V2/GCC_RISCV_FREERTOS//gap_sdk/rtos/freeRTOS/vendors/gwt/pmsis/rtos/event_kernel/event_kernel.o
                0x000000001c00b606                pmsis_event_kernel_main
 .text.pmsis_event_get_default_scheduler
                0x000000001c00b6a8        0xa /module/examples/other/lin_cluster_test_direct_sendimg/BUILD/GAP8_V2/GCC_RISCV_FREERTOS//gap_sdk/rtos/freeRTOS/vendors/gwt/pmsis/rtos/event_kernel/event_kernel.o
                0x000000001c00b6a8                pmsis_event_get_default_scheduler
 .text.pmsis_event_set_default_scheduler
                0x000000001c00b6b2        0xa /module/examples/other/lin_cluster_test_direct_sendimg/BUILD/GAP8_V2/GCC_RISCV_FREERTOS//gap_sdk/rtos/freeRTOS/vendors/gwt/pmsis/rtos/event_kernel/event_kernel.o
                0x000000001c00b6b2                pmsis_event_set_default_scheduler
 .text.pi_cl_l1_malloc
                0x000000001c00b6bc       0x20 /module/examples/other/lin_cluster_test_direct_sendimg/BUILD/GAP8_V2/GCC_RISCV_FREERTOS//gap_sdk/rtos/freeRTOS/vendors/gwt/pmsis/rtos/malloc/cl_l1_malloc.o
                0x000000001c00b6bc                pi_cl_l1_malloc
 .text.pi_cl_l1_free
                0x000000001c00b6dc       0x20 /module/examples/other/lin_cluster_test_direct_sendimg/BUILD/GAP8_V2/GCC_RISCV_FREERTOS//gap_sdk/rtos/freeRTOS/vendors/gwt/pmsis/rtos/malloc/cl_l1_malloc.o
                0x000000001c00b6dc                pi_cl_l1_free
 .text.pi_cl_l1_malloc_init
                0x000000001c00b6fc        0xe /module/examples/other/lin_cluster_test_direct_sendimg/BUILD/GAP8_V2/GCC_RISCV_FREERTOS//gap_sdk/rtos/freeRTOS/vendors/gwt/pmsis/rtos/malloc/cl_l1_malloc.o
                0x000000001c00b6fc                pi_cl_l1_malloc_init
 .text.pi_fc_l1_malloc
                0x000000001c00b70a       0x22 /module/examples/other/lin_cluster_test_direct_sendimg/BUILD/GAP8_V2/GCC_RISCV_FREERTOS//gap_sdk/rtos/freeRTOS/vendors/gwt/pmsis/rtos/malloc/fc_l1_malloc.o
                0x000000001c00b70a                pi_fc_l1_malloc
 .text.pi_fc_l1_free
                0x000000001c00b72c       0x24 /module/examples/other/lin_cluster_test_direct_sendimg/BUILD/GAP8_V2/GCC_RISCV_FREERTOS//gap_sdk/rtos/freeRTOS/vendors/gwt/pmsis/rtos/malloc/fc_l1_malloc.o
                0x000000001c00b72c                pi_fc_l1_free
 .text.pi_fc_l1_malloc_init
                0x000000001c00b750       0x20 /module/examples/other/lin_cluster_test_direct_sendimg/BUILD/GAP8_V2/GCC_RISCV_FREERTOS//gap_sdk/rtos/freeRTOS/vendors/gwt/pmsis/rtos/malloc/fc_l1_malloc.o
                0x000000001c00b750                pi_fc_l1_malloc_init
 .text.pi_l2_malloc
                0x000000001c00b770       0x5a /module/examples/other/lin_cluster_test_direct_sendimg/BUILD/GAP8_V2/GCC_RISCV_FREERTOS//gap_sdk/rtos/freeRTOS/vendors/gwt/pmsis/rtos/malloc/l2_malloc.o
                0x000000001c00b770                pi_l2_malloc
 .text.pi_l2_free
                0x000000001c00b7ca       0x3a /module/examples/other/lin_cluster_test_direct_sendimg/BUILD/GAP8_V2/GCC_RISCV_FREERTOS//gap_sdk/rtos/freeRTOS/vendors/gwt/pmsis/rtos/malloc/l2_malloc.o
                0x000000001c00b7ca                pi_l2_free
 .text.pi_l2_malloc_init
                0x000000001c00b804       0x20 /module/examples/other/lin_cluster_test_direct_sendimg/BUILD/GAP8_V2/GCC_RISCV_FREERTOS//gap_sdk/rtos/freeRTOS/vendors/gwt/pmsis/rtos/malloc/l2_malloc.o
                0x000000001c00b804                pi_l2_malloc_init
 .text.__malloc_init
                0x000000001c00b824       0x20 /module/examples/other/lin_cluster_test_direct_sendimg/BUILD/GAP8_V2/GCC_RISCV_FREERTOS//gap_sdk/rtos/freeRTOS/vendors/gwt/pmsis/rtos/malloc/malloc_internal.o
                0x000000001c00b824                __malloc_init
 .text.__malloc
                0x000000001c00b844       0x4a /module/examples/other/lin_cluster_test_direct_sendimg/BUILD/GAP8_V2/GCC_RISCV_FREERTOS//gap_sdk/rtos/freeRTOS/vendors/gwt/pmsis/rtos/malloc/malloc_internal.o
                0x000000001c00b844                __malloc
 .text.__malloc_free
                0x000000001c00b88e       0x5c /module/examples/other/lin_cluster_test_direct_sendimg/BUILD/GAP8_V2/GCC_RISCV_FREERTOS//gap_sdk/rtos/freeRTOS/vendors/gwt/pmsis/rtos/malloc/malloc_internal.o
                0x000000001c00b88e                __malloc_free
 .text.pi_malloc_init
                0x000000001c00b8ea       0x20 /module/examples/other/lin_cluster_test_direct_sendimg/BUILD/GAP8_V2/GCC_RISCV_FREERTOS//gap_sdk/rtos/freeRTOS/vendors/gwt/pmsis/rtos/malloc/pi_malloc.o
                0x000000001c00b8ea                pi_malloc_init
 .text.pi_malloc
                0x000000001c00b90a       0x30 /module/examples/other/lin_cluster_test_direct_sendimg/BUILD/GAP8_V2/GCC_RISCV_FREERTOS//gap_sdk/rtos/freeRTOS/vendors/gwt/pmsis/rtos/malloc/pi_malloc.o
                0x000000001c00b90a                pi_malloc
 .text.pi_free  0x000000001c00b93a       0x20 /module/examples/other/lin_cluster_test_direct_sendimg/BUILD/GAP8_V2/GCC_RISCV_FREERTOS//gap_sdk/rtos/freeRTOS/vendors/gwt/pmsis/rtos/malloc/pi_malloc.o
                0x000000001c00b93a                pi_free
 .text.pi_open_from_conf
                0x000000001c00b95a        0x4 /module/examples/other/lin_cluster_test_direct_sendimg/BUILD/GAP8_V2/GCC_RISCV_FREERTOS//gap_sdk/rtos/freeRTOS/vendors/gwt/pmsis/rtos/os/device.o
                0x000000001c00b95a                pi_open_from_conf
 .text.__pi_task_block
                0x000000001c00b95e       0x2e /module/examples/other/lin_cluster_test_direct_sendimg/BUILD/GAP8_V2/GCC_RISCV_FREERTOS//gap_sdk/rtos/freeRTOS/vendors/gwt/pmsis/rtos/os/pmsis_task.o
                0x000000001c00b95e                __pi_task_block
 .text.__pi_task_destroy
                0x000000001c00b98c        0x6 /module/examples/other/lin_cluster_test_direct_sendimg/BUILD/GAP8_V2/GCC_RISCV_FREERTOS//gap_sdk/rtos/freeRTOS/vendors/gwt/pmsis/rtos/os/pmsis_task.o
                0x000000001c00b98c                __pi_task_destroy
 .text.__pi_task_wait_on
                0x000000001c00b992       0x30 /module/examples/other/lin_cluster_test_direct_sendimg/BUILD/GAP8_V2/GCC_RISCV_FREERTOS//gap_sdk/rtos/freeRTOS/vendors/gwt/pmsis/rtos/os/pmsis_task.o
                0x000000001c00b992                __pi_task_wait_on
 .text.__pi_task_push_locked
                0x000000001c00b9c2       0x8c /module/examples/other/lin_cluster_test_direct_sendimg/BUILD/GAP8_V2/GCC_RISCV_FREERTOS//gap_sdk/rtos/freeRTOS/vendors/gwt/pmsis/rtos/os/pmsis_task.o
                0x000000001c00b9c2                __pi_task_push_locked
 .text.pi_task_release
                0x000000001c00ba4e       0x4e /module/examples/other/lin_cluster_test_direct_sendimg/BUILD/GAP8_V2/GCC_RISCV_FREERTOS//gap_sdk/rtos/freeRTOS/vendors/gwt/pmsis/rtos/os/pmsis_task.o
                0x000000001c00ba4e                pi_task_release
 .text.pi_cl_pi_task_wait
                0x000000001c00ba9c       0x28 /module/examples/other/lin_cluster_test_direct_sendimg/BUILD/GAP8_V2/GCC_RISCV_FREERTOS//gap_sdk/rtos/freeRTOS/vendors/gwt/pmsis/rtos/os/pmsis_task.o
                0x000000001c00ba9c                pi_cl_pi_task_wait
 .text.__os_native_kickoff
                0x000000001c00bac4       0x9a /module/examples/other/lin_cluster_test_direct_sendimg/BUILD/GAP8_V2/GCC_RISCV_FREERTOS//gap_sdk/rtos/freeRTOS/vendors/gwt/pmsis/backend/pmsis_backend_native_task_api.o
                0x000000001c00bac4                __os_native_kickoff
 .text.pi_time_wait_us
                0x000000001c00bb5e       0x72 /module/examples/other/lin_cluster_test_direct_sendimg/BUILD/GAP8_V2/GCC_RISCV_FREERTOS//gap_sdk/rtos/freeRTOS/vendors/gwt/pmsis/backend/pmsis_backend_native_task_api.o
                0x000000001c00bb5e                pi_time_wait_us
 .text.__pi_task_timer_irq
                0x000000001c00bbd0       0x6e /module/examples/other/lin_cluster_test_direct_sendimg/BUILD/GAP8_V2/GCC_RISCV_FREERTOS//gap_sdk/rtos/freeRTOS/vendors/gwt/pmsis/backend/pmsis_backend_native_task_api.o
                0x000000001c00bbd0                __pi_task_timer_irq
 .text.pi_task_delayed_increment_push
                0x000000001c00bc3e       0x7e /module/examples/other/lin_cluster_test_direct_sendimg/BUILD/GAP8_V2/GCC_RISCV_FREERTOS//gap_sdk/rtos/freeRTOS/vendors/gwt/pmsis/backend/pmsis_backend_native_task_api.o
                0x000000001c00bc3e                pi_task_delayed_increment_push
 .text.pxPortInitialiseStack
                0x000000001c00bcbc       0x38 /module/examples/other/lin_cluster_test_direct_sendimg/BUILD/GAP8_V2/GCC_RISCV_FREERTOS//gap_sdk/rtos/freeRTOS/freertos_kernel/portable/GCC/RI5CY-GAP8/port.o
                0x000000001c00bcbc                pxPortInitialiseStack
 .text.prvSetupTimerInterrupt
                0x000000001c00bcf4        0x8 /module/examples/other/lin_cluster_test_direct_sendimg/BUILD/GAP8_V2/GCC_RISCV_FREERTOS//gap_sdk/rtos/freeRTOS/freertos_kernel/portable/GCC/RI5CY-GAP8/port.o
                0x000000001c00bcf4                prvSetupTimerInterrupt
 .text.vPortEnter_Critical
                0x000000001c00bcfc       0x14 /module/examples/other/lin_cluster_test_direct_sendimg/BUILD/GAP8_V2/GCC_RISCV_FREERTOS//gap_sdk/rtos/freeRTOS/freertos_kernel/portable/GCC/RI5CY-GAP8/port.o
                0x000000001c00bcfc                vPortEnter_Critical
 .text.vPortExit_Critical
                0x000000001c00bd10       0x1c /module/examples/other/lin_cluster_test_direct_sendimg/BUILD/GAP8_V2/GCC_RISCV_FREERTOS//gap_sdk/rtos/freeRTOS/freertos_kernel/portable/GCC/RI5CY-GAP8/port.o
                0x000000001c00bd10                vPortExit_Critical
 .text.uPortSet_Interrupt_Mask_From_ISR
                0x000000001c00bd2c        0x6 /module/examples/other/lin_cluster_test_direct_sendimg/BUILD/GAP8_V2/GCC_RISCV_FREERTOS//gap_sdk/rtos/freeRTOS/freertos_kernel/portable/GCC/RI5CY-GAP8/port.o
                0x000000001c00bd2c                uPortSet_Interrupt_Mask_From_ISR
 .text.vPortClear_Interrupt_Mask_From_ISR
                0x000000001c00bd32        0x6 /module/examples/other/lin_cluster_test_direct_sendimg/BUILD/GAP8_V2/GCC_RISCV_FREERTOS//gap_sdk/rtos/freeRTOS/freertos_kernel/portable/GCC/RI5CY-GAP8/port.o
                0x000000001c00bd32                vPortClear_Interrupt_Mask_From_ISR
 .text._out_buffer
                0x000000001c00bd38        0xa /module/examples/other/lin_cluster_test_direct_sendimg/BUILD/GAP8_V2/GCC_RISCV_FREERTOS//gap_sdk/rtos/freeRTOS/vendors/gwt/libs/printf/printf.o
 .text._out_null
                0x000000001c00bd42        0x2 /module/examples/other/lin_cluster_test_direct_sendimg/BUILD/GAP8_V2/GCC_RISCV_FREERTOS//gap_sdk/rtos/freeRTOS/vendors/gwt/libs/printf/printf.o
 .text._out_char
                0x000000001c00bd44        0x8 /module/examples/other/lin_cluster_test_direct_sendimg/BUILD/GAP8_V2/GCC_RISCV_FREERTOS//gap_sdk/rtos/freeRTOS/vendors/gwt/libs/printf/printf.o
 .text._ntoa_long
                0x000000001c00bd4c      0x34c /module/examples/other/lin_cluster_test_direct_sendimg/BUILD/GAP8_V2/GCC_RISCV_FREERTOS//gap_sdk/rtos/freeRTOS/vendors/gwt/libs/printf/printf.o
 .text._etoa    0x000000001c00c098      0x68e /module/examples/other/lin_cluster_test_direct_sendimg/BUILD/GAP8_V2/GCC_RISCV_FREERTOS//gap_sdk/rtos/freeRTOS/vendors/gwt/libs/printf/printf.o
 .text._ftoa.part.1
                0x000000001c00c726      0x53a /module/examples/other/lin_cluster_test_direct_sendimg/BUILD/GAP8_V2/GCC_RISCV_FREERTOS//gap_sdk/rtos/freeRTOS/vendors/gwt/libs/printf/printf.o
 .text._vsnprintf
                0x000000001c00cc60      0x7dc /module/examples/other/lin_cluster_test_direct_sendimg/BUILD/GAP8_V2/GCC_RISCV_FREERTOS//gap_sdk/rtos/freeRTOS/vendors/gwt/libs/printf/printf.o
 .text.printf_  0x000000001c00d43c       0x32 /module/examples/other/lin_cluster_test_direct_sendimg/BUILD/GAP8_V2/GCC_RISCV_FREERTOS//gap_sdk/rtos/freeRTOS/vendors/gwt/libs/printf/printf.o
                0x000000001c00d43c                printf_
 .text.vsnprintf_
                0x000000001c00d46e       0x14 /module/examples/other/lin_cluster_test_direct_sendimg/BUILD/GAP8_V2/GCC_RISCV_FREERTOS//gap_sdk/rtos/freeRTOS/vendors/gwt/libs/printf/printf.o
                0x000000001c00d46e                vsnprintf_
 .text.vListInitialise
                0x000000001c00d482       0x14 /module/examples/other/lin_cluster_test_direct_sendimg/BUILD/GAP8_V2/GCC_RISCV_FREERTOS//gap_sdk/rtos/freeRTOS/freertos_kernel/list.o
                0x000000001c00d482                vListInitialise
 .text.vListInitialiseItem
                0x000000001c00d496        0x6 /module/examples/other/lin_cluster_test_direct_sendimg/BUILD/GAP8_V2/GCC_RISCV_FREERTOS//gap_sdk/rtos/freeRTOS/freertos_kernel/list.o
                0x000000001c00d496                vListInitialiseItem
 .text.vListInsertEnd
                0x000000001c00d49c       0x18 /module/examples/other/lin_cluster_test_direct_sendimg/BUILD/GAP8_V2/GCC_RISCV_FREERTOS//gap_sdk/rtos/freeRTOS/freertos_kernel/list.o
                0x000000001c00d49c                vListInsertEnd
 .text.vListInsert
                0x000000001c00d4b4       0x2e /module/examples/other/lin_cluster_test_direct_sendimg/BUILD/GAP8_V2/GCC_RISCV_FREERTOS//gap_sdk/rtos/freeRTOS/freertos_kernel/list.o
                0x000000001c00d4b4                vListInsert
 .text.uxListRemove
                0x000000001c00d4e2       0x22 /module/examples/other/lin_cluster_test_direct_sendimg/BUILD/GAP8_V2/GCC_RISCV_FREERTOS//gap_sdk/rtos/freeRTOS/freertos_kernel/list.o
                0x000000001c00d4e2                uxListRemove
 .text.xQueueGenericCreateStatic
                0x000000001c00d504       0x6e /module/examples/other/lin_cluster_test_direct_sendimg/BUILD/GAP8_V2/GCC_RISCV_FREERTOS//gap_sdk/rtos/freeRTOS/freertos_kernel/queue.o
                0x000000001c00d504                xQueueGenericCreateStatic
 .text.xQueueGenericCreate
                0x000000001c00d572       0x80 /module/examples/other/lin_cluster_test_direct_sendimg/BUILD/GAP8_V2/GCC_RISCV_FREERTOS//gap_sdk/rtos/freeRTOS/freertos_kernel/queue.o
                0x000000001c00d572                xQueueGenericCreate
 .text.xQueueGenericSend
                0x000000001c00d5f2      0x35e /module/examples/other/lin_cluster_test_direct_sendimg/BUILD/GAP8_V2/GCC_RISCV_FREERTOS//gap_sdk/rtos/freeRTOS/freertos_kernel/queue.o
                0x000000001c00d5f2                xQueueGenericSend
 .text.xQueueCreateMutex
                0x000000001c00d950       0x80 /module/examples/other/lin_cluster_test_direct_sendimg/BUILD/GAP8_V2/GCC_RISCV_FREERTOS//gap_sdk/rtos/freeRTOS/freertos_kernel/queue.o
                0x000000001c00d950                xQueueCreateMutex
 .text.xQueueGenericSendFromISR
                0x000000001c00d9d0      0x108 /module/examples/other/lin_cluster_test_direct_sendimg/BUILD/GAP8_V2/GCC_RISCV_FREERTOS//gap_sdk/rtos/freeRTOS/freertos_kernel/queue.o
                0x000000001c00d9d0                xQueueGenericSendFromISR
 .text.xQueueGiveFromISR
                0x000000001c00dad8       0x70 /module/examples/other/lin_cluster_test_direct_sendimg/BUILD/GAP8_V2/GCC_RISCV_FREERTOS//gap_sdk/rtos/freeRTOS/freertos_kernel/queue.o
                0x000000001c00dad8                xQueueGiveFromISR
 .text.xQueueReceive
                0x000000001c00db48      0x2b6 /module/examples/other/lin_cluster_test_direct_sendimg/BUILD/GAP8_V2/GCC_RISCV_FREERTOS//gap_sdk/rtos/freeRTOS/freertos_kernel/queue.o
                0x000000001c00db48                xQueueReceive
 .text.xQueueSemaphoreTake
                0x000000001c00ddfe      0x2ea /module/examples/other/lin_cluster_test_direct_sendimg/BUILD/GAP8_V2/GCC_RISCV_FREERTOS//gap_sdk/rtos/freeRTOS/freertos_kernel/queue.o
                0x000000001c00ddfe                xQueueSemaphoreTake
 .text.uxQueueMessagesWaiting
                0x000000001c00e0e8       0x1c /module/examples/other/lin_cluster_test_direct_sendimg/BUILD/GAP8_V2/GCC_RISCV_FREERTOS//gap_sdk/rtos/freeRTOS/freertos_kernel/queue.o
                0x000000001c00e0e8                uxQueueMessagesWaiting
 .text.vQueueDelete
                0x000000001c00e104       0x70 /module/examples/other/lin_cluster_test_direct_sendimg/BUILD/GAP8_V2/GCC_RISCV_FREERTOS//gap_sdk/rtos/freeRTOS/freertos_kernel/queue.o
                0x000000001c00e104                vQueueDelete
 .text.vQueueAddToRegistry
                0x000000001c00e174       0x58 /module/examples/other/lin_cluster_test_direct_sendimg/BUILD/GAP8_V2/GCC_RISCV_FREERTOS//gap_sdk/rtos/freeRTOS/freertos_kernel/queue.o
                0x000000001c00e174                vQueueAddToRegistry
 .text.vQueueWaitForMessageRestricted
                0x000000001c00e1cc       0xea /module/examples/other/lin_cluster_test_direct_sendimg/BUILD/GAP8_V2/GCC_RISCV_FREERTOS//gap_sdk/rtos/freeRTOS/freertos_kernel/queue.o
                0x000000001c00e1cc                vQueueWaitForMessageRestricted
 .text.prvAddNewTaskToReadyList
                0x000000001c00e2b6      0x15c /module/examples/other/lin_cluster_test_direct_sendimg/BUILD/GAP8_V2/GCC_RISCV_FREERTOS//gap_sdk/rtos/freeRTOS/freertos_kernel/tasks.o
 .text.prvIdleTask
                0x000000001c00e412       0x90 /module/examples/other/lin_cluster_test_direct_sendimg/BUILD/GAP8_V2/GCC_RISCV_FREERTOS//gap_sdk/rtos/freeRTOS/freertos_kernel/tasks.o
 .text.xTaskIncrementTick.part.6
                0x000000001c00e4a2      0x168 /module/examples/other/lin_cluster_test_direct_sendimg/BUILD/GAP8_V2/GCC_RISCV_FREERTOS//gap_sdk/rtos/freeRTOS/freertos_kernel/tasks.o
 .text.xTaskCreateStatic
                0x000000001c00e60a      0x186 /module/examples/other/lin_cluster_test_direct_sendimg/BUILD/GAP8_V2/GCC_RISCV_FREERTOS//gap_sdk/rtos/freeRTOS/freertos_kernel/tasks.o
                0x000000001c00e60a                xTaskCreateStatic
 .text.xTaskCreate
                0x000000001c00e790      0x1aa /module/examples/other/lin_cluster_test_direct_sendimg/BUILD/GAP8_V2/GCC_RISCV_FREERTOS//gap_sdk/rtos/freeRTOS/freertos_kernel/tasks.o
                0x000000001c00e790                xTaskCreate
 .text.vTaskStartScheduler
                0x000000001c00e93a       0xf4 /module/examples/other/lin_cluster_test_direct_sendimg/BUILD/GAP8_V2/GCC_RISCV_FREERTOS//gap_sdk/rtos/freeRTOS/freertos_kernel/tasks.o
                0x000000001c00e93a                vTaskStartScheduler
 .text.vTaskSuspendAll
                0x000000001c00ea2e       0x10 /module/examples/other/lin_cluster_test_direct_sendimg/BUILD/GAP8_V2/GCC_RISCV_FREERTOS//gap_sdk/rtos/freeRTOS/freertos_kernel/tasks.o
                0x000000001c00ea2e                vTaskSuspendAll
 .text.xTaskResumeAll
                0x000000001c00ea3e      0x13e /module/examples/other/lin_cluster_test_direct_sendimg/BUILD/GAP8_V2/GCC_RISCV_FREERTOS//gap_sdk/rtos/freeRTOS/freertos_kernel/tasks.o
                0x000000001c00ea3e                xTaskResumeAll
 .text.vTaskDelay
                0x000000001c00eb7c       0x9c /module/examples/other/lin_cluster_test_direct_sendimg/BUILD/GAP8_V2/GCC_RISCV_FREERTOS//gap_sdk/rtos/freeRTOS/freertos_kernel/tasks.o
                0x000000001c00eb7c                vTaskDelay
 .text.xTaskGetTickCount
                0x000000001c00ec18        0xa /module/examples/other/lin_cluster_test_direct_sendimg/BUILD/GAP8_V2/GCC_RISCV_FREERTOS//gap_sdk/rtos/freeRTOS/freertos_kernel/tasks.o
                0x000000001c00ec18                xTaskGetTickCount
 .text.pcTaskGetName
                0x000000001c00ec22       0x10 /module/examples/other/lin_cluster_test_direct_sendimg/BUILD/GAP8_V2/GCC_RISCV_FREERTOS//gap_sdk/rtos/freeRTOS/freertos_kernel/tasks.o
                0x000000001c00ec22                pcTaskGetName
 .text.xTaskIncrementTick
                0x000000001c00ec32       0x20 /module/examples/other/lin_cluster_test_direct_sendimg/BUILD/GAP8_V2/GCC_RISCV_FREERTOS//gap_sdk/rtos/freeRTOS/freertos_kernel/tasks.o
                0x000000001c00ec32                xTaskIncrementTick
 .text.vTaskSwitchContext
                0x000000001c00ec52       0xb2 /module/examples/other/lin_cluster_test_direct_sendimg/BUILD/GAP8_V2/GCC_RISCV_FREERTOS//gap_sdk/rtos/freeRTOS/freertos_kernel/tasks.o
                0x000000001c00ec52                vTaskSwitchContext
 .text.vTaskPlaceOnEventList
                0x000000001c00ed04       0x9c /module/examples/other/lin_cluster_test_direct_sendimg/BUILD/GAP8_V2/GCC_RISCV_FREERTOS//gap_sdk/rtos/freeRTOS/freertos_kernel/tasks.o
                0x000000001c00ed04                vTaskPlaceOnEventList
 .text.vTaskPlaceOnUnorderedEventList
                0x000000001c00eda0       0xac /module/examples/other/lin_cluster_test_direct_sendimg/BUILD/GAP8_V2/GCC_RISCV_FREERTOS//gap_sdk/rtos/freeRTOS/freertos_kernel/tasks.o
                0x000000001c00eda0                vTaskPlaceOnUnorderedEventList
 .text.vTaskPlaceOnEventListRestricted
                0x000000001c00ee4c       0xaa /module/examples/other/lin_cluster_test_direct_sendimg/BUILD/GAP8_V2/GCC_RISCV_FREERTOS//gap_sdk/rtos/freeRTOS/freertos_kernel/tasks.o
                0x000000001c00ee4c                vTaskPlaceOnEventListRestricted
 .text.xTaskRemoveFromEventList
                0x000000001c00eef6       0x8e /module/examples/other/lin_cluster_test_direct_sendimg/BUILD/GAP8_V2/GCC_RISCV_FREERTOS//gap_sdk/rtos/freeRTOS/freertos_kernel/tasks.o
                0x000000001c00eef6                xTaskRemoveFromEventList
 .text.vTaskRemoveFromUnorderedEventList
                0x000000001c00ef84       0x74 /module/examples/other/lin_cluster_test_direct_sendimg/BUILD/GAP8_V2/GCC_RISCV_FREERTOS//gap_sdk/rtos/freeRTOS/freertos_kernel/tasks.o
                0x000000001c00ef84                vTaskRemoveFromUnorderedEventList
 .text.vTaskInternalSetTimeOutState
                0x000000001c00eff8       0x16 /module/examples/other/lin_cluster_test_direct_sendimg/BUILD/GAP8_V2/GCC_RISCV_FREERTOS//gap_sdk/rtos/freeRTOS/freertos_kernel/tasks.o
                0x000000001c00eff8                vTaskInternalSetTimeOutState
 .text.xTaskCheckForTimeOut
                0x000000001c00f00e       0x84 /module/examples/other/lin_cluster_test_direct_sendimg/BUILD/GAP8_V2/GCC_RISCV_FREERTOS//gap_sdk/rtos/freeRTOS/freertos_kernel/tasks.o
                0x000000001c00f00e                xTaskCheckForTimeOut
 .text.vTaskMissedYield
                0x000000001c00f092        0xc /module/examples/other/lin_cluster_test_direct_sendimg/BUILD/GAP8_V2/GCC_RISCV_FREERTOS//gap_sdk/rtos/freeRTOS/freertos_kernel/tasks.o
                0x000000001c00f092                vTaskMissedYield
 .text.xTaskGetCurrentTaskHandle
                0x000000001c00f09e        0xa /module/examples/other/lin_cluster_test_direct_sendimg/BUILD/GAP8_V2/GCC_RISCV_FREERTOS//gap_sdk/rtos/freeRTOS/freertos_kernel/tasks.o
                0x000000001c00f09e                xTaskGetCurrentTaskHandle
 .text.xTaskGetSchedulerState
                0x000000001c00f0a8       0x1c /module/examples/other/lin_cluster_test_direct_sendimg/BUILD/GAP8_V2/GCC_RISCV_FREERTOS//gap_sdk/rtos/freeRTOS/freertos_kernel/tasks.o
                0x000000001c00f0a8                xTaskGetSchedulerState
 .text.xTaskPriorityInherit
                0x000000001c00f0c4       0xb0 /module/examples/other/lin_cluster_test_direct_sendimg/BUILD/GAP8_V2/GCC_RISCV_FREERTOS//gap_sdk/rtos/freeRTOS/freertos_kernel/tasks.o
                0x000000001c00f0c4                xTaskPriorityInherit
 .text.xTaskPriorityDisinherit
                0x000000001c00f174       0x70 /module/examples/other/lin_cluster_test_direct_sendimg/BUILD/GAP8_V2/GCC_RISCV_FREERTOS//gap_sdk/rtos/freeRTOS/freertos_kernel/tasks.o
                0x000000001c00f174                xTaskPriorityDisinherit
 .text.vTaskPriorityDisinheritAfterTimeout
                0x000000001c00f1e4       0x94 /module/examples/other/lin_cluster_test_direct_sendimg/BUILD/GAP8_V2/GCC_RISCV_FREERTOS//gap_sdk/rtos/freeRTOS/freertos_kernel/tasks.o
                0x000000001c00f1e4                vTaskPriorityDisinheritAfterTimeout
 .text.uxTaskResetEventItemValue
                0x000000001c00f278       0x1a /module/examples/other/lin_cluster_test_direct_sendimg/BUILD/GAP8_V2/GCC_RISCV_FREERTOS//gap_sdk/rtos/freeRTOS/freertos_kernel/tasks.o
                0x000000001c00f278                uxTaskResetEventItemValue
 .text.pvTaskIncrementMutexHeldCount
                0x000000001c00f292       0x18 /module/examples/other/lin_cluster_test_direct_sendimg/BUILD/GAP8_V2/GCC_RISCV_FREERTOS//gap_sdk/rtos/freeRTOS/freertos_kernel/tasks.o
                0x000000001c00f292                pvTaskIncrementMutexHeldCount
 .text.ulTaskGenericNotifyTake
                0x000000001c00f2aa       0xf8 /module/examples/other/lin_cluster_test_direct_sendimg/BUILD/GAP8_V2/GCC_RISCV_FREERTOS//gap_sdk/rtos/freeRTOS/freertos_kernel/tasks.o
                0x000000001c00f2aa                ulTaskGenericNotifyTake
 .text.vTaskGenericNotifyGiveFromISR
                0x000000001c00f3a2       0xc0 /module/examples/other/lin_cluster_test_direct_sendimg/BUILD/GAP8_V2/GCC_RISCV_FREERTOS//gap_sdk/rtos/freeRTOS/freertos_kernel/tasks.o
                0x000000001c00f3a2                vTaskGenericNotifyGiveFromISR
 .text.prvTimerTask
                0x000000001c00f462      0x35e /module/examples/other/lin_cluster_test_direct_sendimg/BUILD/GAP8_V2/GCC_RISCV_FREERTOS//gap_sdk/rtos/freeRTOS/freertos_kernel/timers.o
 .text.xTimerCreateTimerTask
                0x000000001c00f7c0       0xc2 /module/examples/other/lin_cluster_test_direct_sendimg/BUILD/GAP8_V2/GCC_RISCV_FREERTOS//gap_sdk/rtos/freeRTOS/freertos_kernel/timers.o
                0x000000001c00f7c0                xTimerCreateTimerTask
 .text.xTimerPendFunctionCallFromISR
                0x000000001c00f882       0x28 /module/examples/other/lin_cluster_test_direct_sendimg/BUILD/GAP8_V2/GCC_RISCV_FREERTOS//gap_sdk/rtos/freeRTOS/freertos_kernel/timers.o
                0x000000001c00f882                xTimerPendFunctionCallFromISR
 .text.xEventGroupCreate
                0x000000001c00f8aa       0x26 /module/examples/other/lin_cluster_test_direct_sendimg/BUILD/GAP8_V2/GCC_RISCV_FREERTOS//gap_sdk/rtos/freeRTOS/freertos_kernel/event_groups.o
                0x000000001c00f8aa                xEventGroupCreate
 .text.xEventGroupWaitBits
                0x000000001c00f8d0       0xdc /module/examples/other/lin_cluster_test_direct_sendimg/BUILD/GAP8_V2/GCC_RISCV_FREERTOS//gap_sdk/rtos/freeRTOS/freertos_kernel/event_groups.o
                0x000000001c00f8d0                xEventGroupWaitBits
 .text.xEventGroupSetBits
                0x000000001c00f9ac       0x9a /module/examples/other/lin_cluster_test_direct_sendimg/BUILD/GAP8_V2/GCC_RISCV_FREERTOS//gap_sdk/rtos/freeRTOS/freertos_kernel/event_groups.o
                0x000000001c00f9ac                xEventGroupSetBits
 .text.vEventGroupSetBitsCallback
                0x000000001c00fa46       0x96 /module/examples/other/lin_cluster_test_direct_sendimg/BUILD/GAP8_V2/GCC_RISCV_FREERTOS//gap_sdk/rtos/freeRTOS/freertos_kernel/event_groups.o