Archive member included to satisfy reference by file (symbol)

/usr/lib/gap_riscv_toolchain/bin/../lib/gcc/riscv32-unknown-elf/7.1.1/rv32imcxgap8/ilp32/libgcc.a(_bswapsi2.o)
                              /module/examples/other/stm_gap8_cpx/BUILD/GAP8_V2/GCC_RISCV_FREERTOS//gap_sdk/rtos/pmsis/bsp/fs/lfs/lfs.o (__bswapsi2)
/usr/lib/gap_riscv_toolchain/bin/../lib/gcc/riscv32-unknown-elf/7.1.1/rv32imcxgap8/ilp32/libgcc.a(_divdi3.o)
                              /module/examples/other/stm_gap8_cpx/BUILD/GAP8_V2/GCC_RISCV_FREERTOS//gap_sdk/rtos/freeRTOS/vendors/gwt/pmsis/backend/pmsis_backend_native_task_api.o (__divdi3)
/usr/lib/gap_riscv_toolchain/bin/../lib/gcc/riscv32-unknown-elf/7.1.1/rv32imcxgap8/ilp32/libgcc.a(_udivdi3.o)
                              /module/examples/other/stm_gap8_cpx/BUILD/GAP8_V2/GCC_RISCV_FREERTOS//gap_sdk/rtos/freeRTOS/vendors/gwt/pmsis/backend/pmsis_backend_native_task_api.o (__udivdi3)
/usr/lib/gap_riscv_toolchain/bin/../lib/gcc/riscv32-unknown-elf/7.1.1/rv32imcxgap8/ilp32/libgcc.a(adddf3.o)
                              /module/examples/other/stm_gap8_cpx/BUILD/GAP8_V2/GCC_RISCV_FREERTOS//gap_sdk/rtos/freeRTOS/vendors/gwt/libs/printf/printf.o (__adddf3)
/usr/lib/gap_riscv_toolchain/bin/../lib/gcc/riscv32-unknown-elf/7.1.1/rv32imcxgap8/ilp32/libgcc.a(divdf3.o)
                              /module/examples/other/stm_gap8_cpx/BUILD/GAP8_V2/GCC_RISCV_FREERTOS//gap_sdk/rtos/freeRTOS/vendors/gwt/libs/printf/printf.o (__divdf3)
/usr/lib/gap_riscv_toolchain/bin/../lib/gcc/riscv32-unknown-elf/7.1.1/rv32imcxgap8/ilp32/libgcc.a(eqdf2.o)
                              /module/examples/other/stm_gap8_cpx/BUILD/GAP8_V2/GCC_RISCV_FREERTOS//gap_sdk/rtos/freeRTOS/vendors/gwt/libs/printf/printf.o (__nedf2)
/usr/lib/gap_riscv_toolchain/bin/../lib/gcc/riscv32-unknown-elf/7.1.1/rv32imcxgap8/ilp32/libgcc.a(gedf2.o)
                              /module/examples/other/stm_gap8_cpx/BUILD/GAP8_V2/GCC_RISCV_FREERTOS//gap_sdk/rtos/freeRTOS/vendors/gwt/libs/printf/printf.o (__gedf2)
/usr/lib/gap_riscv_toolchain/bin/../lib/gcc/riscv32-unknown-elf/7.1.1/rv32imcxgap8/ilp32/libgcc.a(ledf2.o)
                              /module/examples/other/stm_gap8_cpx/BUILD/GAP8_V2/GCC_RISCV_FREERTOS//gap_sdk/rtos/freeRTOS/vendors/gwt/libs/printf/printf.o (__ltdf2)
/usr/lib/gap_riscv_toolchain/bin/../lib/gcc/riscv32-unknown-elf/7.1.1/rv32imcxgap8/ilp32/libgcc.a(muldf3.o)
                              /module/examples/other/stm_gap8_cpx/BUILD/GAP8_V2/GCC_RISCV_FREERTOS//gap_sdk/rtos/freeRTOS/vendors/gwt/libs/printf/printf.o (__muldf3)
/usr/lib/gap_riscv_toolchain/bin/../lib/gcc/riscv32-unknown-elf/7.1.1/rv32imcxgap8/ilp32/libgcc.a(subdf3.o)
                              /module/examples/other/stm_gap8_cpx/BUILD/GAP8_V2/GCC_RISCV_FREERTOS//gap_sdk/rtos/freeRTOS/vendors/gwt/libs/printf/printf.o (__subdf3)
/usr/lib/gap_riscv_toolchain/bin/../lib/gcc/riscv32-unknown-elf/7.1.1/rv32imcxgap8/ilp32/libgcc.a(fixdfsi.o)
                              /module/examples/other/stm_gap8_cpx/BUILD/GAP8_V2/GCC_RISCV_FREERTOS//gap_sdk/rtos/freeRTOS/vendors/gwt/libs/printf/printf.o (__fixdfsi)
/usr/lib/gap_riscv_toolchain/bin/../lib/gcc/riscv32-unknown-elf/7.1.1/rv32imcxgap8/ilp32/libgcc.a(fixunsdfsi.o)
                              /module/examples/other/stm_gap8_cpx/BUILD/GAP8_V2/GCC_RISCV_FREERTOS//gap_sdk/rtos/freeRTOS/vendors/gwt/libs/printf/printf.o (__fixunsdfsi)
/usr/lib/gap_riscv_toolchain/bin/../lib/gcc/riscv32-unknown-elf/7.1.1/rv32imcxgap8/ilp32/libgcc.a(floatsidf.o)
                              /module/examples/other/stm_gap8_cpx/BUILD/GAP8_V2/GCC_RISCV_FREERTOS//gap_sdk/rtos/freeRTOS/vendors/gwt/libs/printf/printf.o (__floatsidf)
/usr/lib/gap_riscv_toolchain/bin/../lib/gcc/riscv32-unknown-elf/7.1.1/rv32imcxgap8/ilp32/libgcc.a(floatunsidf.o)
                              /module/examples/other/stm_gap8_cpx/BUILD/GAP8_V2/GCC_RISCV_FREERTOS//gap_sdk/rtos/freeRTOS/vendors/gwt/libs/printf/printf.o (__floatunsidf)
/usr/lib/gap_riscv_toolchain/bin/../lib/gcc/riscv32-unknown-elf/7.1.1/rv32imcxgap8/ilp32/libgcc.a(divsf3.o)
                              /module/examples/other/stm_gap8_cpx/BUILD/GAP8_V2/GCC_RISCV_FREERTOS//gap_sdk/rtos/freeRTOS/vendors/gwt/gap8/pmsis/drivers/timer/timer.o (__divsf3)
/usr/lib/gap_riscv_toolchain/bin/../lib/gcc/riscv32-unknown-elf/7.1.1/rv32imcxgap8/ilp32/libgcc.a(mulsf3.o)
                              /module/examples/other/stm_gap8_cpx/BUILD/GAP8_V2/GCC_RISCV_FREERTOS//gap_sdk/rtos/freeRTOS/vendors/gwt/gap8/pmsis/drivers/timer/timer.o (__mulsf3)
/usr/lib/gap_riscv_toolchain/bin/../lib/gcc/riscv32-unknown-elf/7.1.1/rv32imcxgap8/ilp32/libgcc.a(fixunssfsi.o)
                              /module/examples/other/stm_gap8_cpx/BUILD/GAP8_V2/GCC_RISCV_FREERTOS//gap_sdk/rtos/freeRTOS/vendors/gwt/gap8/pmsis/drivers/timer/timer.o (__fixunssfsi)
/usr/lib/gap_riscv_toolchain/bin/../lib/gcc/riscv32-unknown-elf/7.1.1/rv32imcxgap8/ilp32/libgcc.a(floatunsisf.o)
[...]
Memory Configuration

Name             Origin             Length             Attributes
FC_tcdm          0x000000001b000000 0x0000000000004000
fc_tcdm_aliased  0x0000000000000004 0x0000000000003ffc
L2               0x000000001c000000 0x0000000000080000
L1_sram          0x0000000010000000 0x0000000000010000
*default*        0x0000000000000000 0xffffffffffffffff

Linker script and memory map

LOAD /module/examples/other/stm_gap8_cpx/BUILD/GAP8_V2/GCC_RISCV_FREERTOS/stm_gap8_cpx.o
LOAD /module/examples/other/stm_gap8_cpx/BUILD/GAP8_V2/GCC_RISCV_FREERTOS/../../../lib/cpx/src/com.o
LOAD /module/examples/other/stm_gap8_cpx/BUILD/GAP8_V2/GCC_RISCV_FREERTOS/../../../lib/cpx/src/cpx.o
LOAD /module/examples/other/stm_gap8_cpx/BUILD/GAP8_V2/GCC_RISCV_FREERTOS//gap_sdk/rtos/freeRTOS/vendors/gwt/gap8/src/device/gap8_iet.o
LOAD /module/examples/other/stm_gap8_cpx/BUILD/GAP8_V2/GCC_RISCV_FREERTOS//gap_sdk/rtos/freeRTOS/vendors/gwt/gap8/src/device/startup_gap8.o
LOAD /module/examples/other/stm_gap8_cpx/BUILD/GAP8_V2/GCC_RISCV_FREERTOS//gap_sdk/rtos/freeRTOS/vendors/gwt/gap8/pmsis/cluster/drivers/cluster_synchronisation/cluster_core.o
LOAD /module/examples/other/stm_gap8_cpx/BUILD/GAP8_V2/GCC_RISCV_FREERTOS//gap_sdk/rtos/freeRTOS/vendors/gwt/gap8/pmsis/util/asm_util.o
LOAD /module/examples/other/stm_gap8_cpx/BUILD/GAP8_V2/GCC_RISCV_FREERTOS//gap_sdk/rtos/freeRTOS/freertos_kernel/portable/GCC/RI5CY-GAP8/port_asm.o
LOAD /module/examples/other/stm_gap8_cpx/BUILD/GAP8_V2/GCC_RISCV_FREERTOS//gap_sdk/rtos/freeRTOS/vendors/gwt/gap8/src/device/system_gap8.o
LOAD /module/examples/other/stm_gap8_cpx/BUILD/GAP8_V2/GCC_RISCV_FREERTOS//gap_sdk/rtos/freeRTOS/vendors/gwt/gap8/src/device/gap8_it.o
LOAD /module/examples/other/stm_gap8_cpx/BUILD/GAP8_V2/GCC_RISCV_FREERTOS//gap_sdk/rtos/freeRTOS/vendors/gwt/gap8/src/driver/gap_io.o
LOAD /module/examples/other/stm_gap8_cpx/BUILD/GAP8_V2/GCC_RISCV_FREERTOS//gap_sdk/rtos/freeRTOS/vendors/gwt/libs/src/errno.o
LOAD /module/examples/other/stm_gap8_cpx/BUILD/GAP8_V2/GCC_RISCV_FREERTOS//gap_sdk/rtos/freeRTOS/vendors/gwt/libs/src/stdlib.o
LOAD /module/examples/other/stm_gap8_cpx/BUILD/GAP8_V2/GCC_RISCV_FREERTOS//gap_sdk/rtos/freeRTOS/vendors/gwt/libs/src/string.o
LOAD /module/examples/other/stm_gap8_cpx/BUILD/GAP8_V2/GCC_RISCV_FREERTOS//gap_sdk/rtos/freeRTOS/vendors/gwt/gap8/pmsis/cluster/malloc/cl_malloc.o
LOAD /module/examples/other/stm_gap8_cpx/BUILD/GAP8_V2/GCC_RISCV_FREERTOS//gap_sdk/rtos/freeRTOS/vendors/gwt/gap8/pmsis/cluster/drivers/cluster_synchronisation/cl_to_fc_delegate.o
LOAD /module/examples/other/stm_gap8_cpx/BUILD/GAP8_V2/GCC_RISCV_FREERTOS//gap_sdk/rtos/freeRTOS/vendors/gwt/gap8/pmsis/cluster/drivers/cluster_synchronisation/fc_to_cl_delegate.o
LOAD /module/examples/other/stm_gap8_cpx/BUILD/GAP8_V2/GCC_RISCV_FREERTOS//gap_sdk/rtos/freeRTOS/vendors/gwt/gap8/pmsis/cluster/drivers/cluster_team/cl_team.o
LOAD /module/examples/other/stm_gap8_cpx/BUILD/GAP8_V2/GCC_RISCV_FREERTOS//gap_sdk/rtos/freeRTOS/vendors/gwt/gap8/pmsis/cluster/drivers/delegate/hyperbus/hyperbus_cl_internal.o
LOAD /module/examples/other/stm_gap8_cpx/BUILD/GAP8_V2/GCC_RISCV_FREERTOS//gap_sdk/rtos/freeRTOS/vendors/gwt/gap8/pmsis/cluster/drivers/delegate/uart/uart_cl_internal.o
LOAD /module/examples/other/stm_gap8_cpx/BUILD/GAP8_V2/GCC_RISCV_FREERTOS//gap_sdk/rtos/freeRTOS/vendors/gwt/gap8/pmsis/cluster/drivers/dma/cl_dma_irq.o
LOAD /module/examples/other/stm_gap8_cpx/BUILD/GAP8_V2/GCC_RISCV_FREERTOS//gap_sdk/rtos/freeRTOS/vendors/gwt/gap8/pmsis/drivers/fc_event/fc_event.o
LOAD /module/examples/other/stm_gap8_cpx/BUILD/GAP8_V2/GCC_RISCV_FREERTOS//gap_sdk/rtos/freeRTOS/vendors/gwt/gap8/pmsis/drivers/fll/fll.o
LOAD /module/examples/other/stm_gap8_cpx/BUILD/GAP8_V2/GCC_RISCV_FREERTOS//gap_sdk/rtos/freeRTOS/vendors/gwt/gap8/pmsis/drivers/gpio/gpio.o
LOAD /module/examples/other/stm_gap8_cpx/BUILD/GAP8_V2/GCC_RISCV_FREERTOS//gap_sdk/rtos/freeRTOS/vendors/gwt/gap8/pmsis/drivers/pad/pad.o
LOAD /module/examples/other/stm_gap8_cpx/BUILD/GAP8_V2/GCC_RISCV_FREERTOS//gap_sdk/rtos/freeRTOS/vendors/gwt/gap8/pmsis/drivers/pmu/pmu.o
LOAD /module/examples/other/stm_gap8_cpx/BUILD/GAP8_V2/GCC_RISCV_FREERTOS//gap_sdk/rtos/freeRTOS/vendors/gwt/gap8/pmsis/drivers/pmu/pmu_internal.o
LOAD /module/examples/other/stm_gap8_cpx/BUILD/GAP8_V2/GCC_RISCV_FREERTOS//gap_sdk/rtos/freeRTOS/vendors/gwt/gap8/pmsis/drivers/pwm/pwm.o
LOAD /module/examples/other/stm_gap8_cpx/BUILD/GAP8_V2/GCC_RISCV_FREERTOS//gap_sdk/rtos/freeRTOS/vendors/gwt/gap8/pmsis/drivers/pwm/pwm_internal.o
LOAD /module/examples/other/stm_gap8_cpx/BUILD/GAP8_V2/GCC_RISCV_FREERTOS//gap_sdk/rtos/freeRTOS/vendors/gwt/gap8/pmsis/drivers/rtc/rtc.o
LOAD /module/examples/other/stm_gap8_cpx/BUILD/GAP8_V2/GCC_RISCV_FREERTOS//gap_sdk/rtos/freeRTOS/vendors/gwt/gap8/pmsis/drivers/rtc/rtc_internal.o
LOAD /module/examples/other/stm_gap8_cpx/BUILD/GAP8_V2/GCC_RISCV_FREERTOS//gap_sdk/rtos/freeRTOS/vendors/gwt/gap8/pmsis/drivers/timer/timer.o
LOAD /module/examples/other/stm_gap8_cpx/BUILD/GAP8_V2/GCC_RISCV_FREERTOS//gap_sdk/rtos/freeRTOS/vendors/gwt/gap8/pmsis/drivers/udma/hyperbus/hyperbus.o
LOAD /module/examples/other/stm_gap8_cpx/BUILD/GAP8_V2/GCC_RISCV_FREERTOS//gap_sdk/rtos/freeRTOS/vendors/gwt/gap8/pmsis/drivers/udma/hyperbus/hyperbus_internal.o
LOAD /module/examples/other/stm_gap8_cpx/BUILD/GAP8_V2/GCC_RISCV_FREERTOS//gap_sdk/rtos/freeRTOS/vendors/gwt/gap8/pmsis/drivers/udma/cpi/cpi.o
LOAD /module/examples/other/stm_gap8_cpx/BUILD/GAP8_V2/GCC_RISCV_FREERTOS//gap_sdk/rtos/freeRTOS/vendors/gwt/gap8/pmsis/drivers/udma/cpi/cpi_internal.o
LOAD /module/examples/other/stm_gap8_cpx/BUILD/GAP8_V2/GCC_RISCV_FREERTOS//gap_sdk/rtos/freeRTOS/vendors/gwt/gap8/pmsis/drivers/udma/dmacpy/dmacpy.o
LOAD /module/examples/other/stm_gap8_cpx/BUILD/GAP8_V2/GCC_RISCV_FREERTOS//gap_sdk/rtos/freeRTOS/vendors/gwt/gap8/pmsis/drivers/udma/dmacpy/dmacpy_internal.o
LOAD /module/examples/other/stm_gap8_cpx/BUILD/GAP8_V2/GCC_RISCV_FREERTOS//gap_sdk/rtos/freeRTOS/vendors/gwt/gap8/pmsis/drivers/udma/i2c/i2c.o
LOAD /module/examples/other/stm_gap8_cpx/BUILD/GAP8_V2/GCC_RISCV_FREERTOS//gap_sdk/rtos/freeRTOS/vendors/gwt/gap8/pmsis/drivers/udma/i2c/i2c_internal.o
LOAD /module/examples/other/stm_gap8_cpx/BUILD/GAP8_V2/GCC_RISCV_FREERTOS//gap_sdk/rtos/freeRTOS/vendors/gwt/gap8/pmsis/drivers/udma/i2s/i2s.o
LOAD /module/examples/other/stm_gap8_cpx/BUILD/GAP8_V2/GCC_RISCV_FREERTOS//gap_sdk/rtos/freeRTOS/vendors/gwt/gap8/pmsis/drivers/udma/i2s/i2s_internal.o
LOAD /module/examples/other/stm_gap8_cpx/BUILD/GAP8_V2/GCC_RISCV_FREERTOS//gap_sdk/rtos/freeRTOS/vendors/gwt/gap8/pmsis/drivers/udma/spi/spi.o
LOAD /module/examples/other/stm_gap8_cpx/BUILD/GAP8_V2/GCC_RISCV_FREERTOS//gap_sdk/rtos/freeRTOS/vendors/gwt/gap8/pmsis/drivers/udma/spi/spi_internal.o
LOAD /module/examples/other/stm_gap8_cpx/BUILD/GAP8_V2/GCC_RISCV_FREERTOS//gap_sdk/rtos/freeRTOS/vendors/gwt/gap8/pmsis/drivers/udma/uart/uart.o
LOAD /module/examples/other/stm_gap8_cpx/BUILD/GAP8_V2/GCC_RISCV_FREERTOS//gap_sdk/rtos/freeRTOS/vendors/gwt/gap8/pmsis/drivers/udma/uart/uart_internal.o
LOAD /module/examples/other/stm_gap8_cpx/BUILD/GAP8_V2/GCC_RISCV_FREERTOS//gap_sdk/rtos/pmsis/bsp/flash/flash.o
LOAD /module/examples/other/stm_gap8_cpx/BUILD/GAP8_V2/GCC_RISCV_FREERTOS//gap_sdk/rtos/pmsis/bsp/partition/partition.o
LOAD /module/examples/other/stm_gap8_cpx/BUILD/GAP8_V2/GCC_RISCV_FREERTOS//gap_sdk/rtos/pmsis/bsp/partition/flash_partition.o
LOAD /module/examples/other/stm_gap8_cpx/BUILD/GAP8_V2/GCC_RISCV_FREERTOS//gap_sdk/rtos/pmsis/bsp/crc/md5.o
LOAD /module/examples/other/stm_gap8_cpx/BUILD/GAP8_V2/GCC_RISCV_FREERTOS//gap_sdk/rtos/pmsis/bsp/fs/fs.o
LOAD /module/examples/other/stm_gap8_cpx/BUILD/GAP8_V2/GCC_RISCV_FREERTOS//gap_sdk/rtos/pmsis/bsp/fs/lfs/lfs.o
LOAD /module/examples/other/stm_gap8_cpx/BUILD/GAP8_V2/GCC_RISCV_FREERTOS//gap_sdk/rtos/pmsis/bsp/fs/lfs/lfs_util.o
LOAD /module/examples/other/stm_gap8_cpx/BUILD/GAP8_V2/GCC_RISCV_FREERTOS//gap_sdk/rtos/pmsis/bsp/fs/lfs/pi_lfs.o
LOAD /module/examples/other/stm_gap8_cpx/BUILD/GAP8_V2/GCC_RISCV_FREERTOS//gap_sdk/rtos/pmsis/bsp/fs/read_fs/read_fs.o
LOAD /module/examples/other/stm_gap8_cpx/BUILD/GAP8_V2/GCC_RISCV_FREERTOS//gap_sdk/rtos/pmsis/bsp/fs/host_fs/host_fs.o
LOAD /module/examples/other/stm_gap8_cpx/BUILD/GAP8_V2/GCC_RISCV_FREERTOS//gap_sdk/rtos/pmsis/bsp/ota/ota.o
LOAD /module/examples/other/stm_gap8_cpx/BUILD/GAP8_V2/GCC_RISCV_FREERTOS//gap_sdk/rtos/pmsis/bsp/ota/ota_utility.o
LOAD /module/examples/other/stm_gap8_cpx/BUILD/GAP8_V2/GCC_RISCV_FREERTOS//gap_sdk/rtos/pmsis/bsp/ota/updater.o
LOAD /module/examples/other/stm_gap8_cpx/BUILD/GAP8_V2/GCC_RISCV_FREERTOS//gap_sdk/rtos/pmsis/bsp/bootloader/bootloader_utility.o
LOAD /module/examples/other/stm_gap8_cpx/BUILD/GAP8_V2/GCC_RISCV_FREERTOS//gap_sdk/rtos/pmsis/bsp/bsp/ai_deck.o
LOAD /module/examples/other/stm_gap8_cpx/BUILD/GAP8_V2/GCC_RISCV_FREERTOS//gap_sdk/rtos/pmsis/bsp/camera/camera.o
LOAD /module/examples/other/stm_gap8_cpx/BUILD/GAP8_V2/GCC_RISCV_FREERTOS//gap_sdk/rtos/pmsis/bsp/camera/himax/himax.o
LOAD /module/examples/other/stm_gap8_cpx/BUILD/GAP8_V2/GCC_RISCV_FREERTOS//gap_sdk/rtos/pmsis/bsp/flash/hyperflash/hyperflash.o
LOAD /module/examples/other/stm_gap8_cpx/BUILD/GAP8_V2/GCC_RISCV_FREERTOS//gap_sdk/rtos/pmsis/bsp/ram/hyperram/hyperram.o
LOAD /module/examples/other/stm_gap8_cpx/BUILD/GAP8_V2/GCC_RISCV_FREERTOS//gap_sdk/rtos/pmsis/bsp/ram/spiram/spiram.o
LOAD /module/examples/other/stm_gap8_cpx/BUILD/GAP8_V2/GCC_RISCV_FREERTOS//gap_sdk/rtos/pmsis/bsp/flash/spiflash/spiflash.o
LOAD /module/examples/other/stm_gap8_cpx/BUILD/GAP8_V2/GCC_RISCV_FREERTOS//gap_sdk/rtos/pmsis/bsp/ram/ram.o
LOAD /module/examples/other/stm_gap8_cpx/BUILD/GAP8_V2/GCC_RISCV_FREERTOS//gap_sdk/rtos/pmsis/bsp/ram/alloc_extern.o
LOAD /module/examples/other/stm_gap8_cpx/BUILD/GAP8_V2/GCC_RISCV_FREERTOS//gap_sdk/rtos/freeRTOS/vendors/gwt/pmsis/rtos/pi_log.o
LOAD /module/examples/other/stm_gap8_cpx/BUILD/GAP8_V2/GCC_RISCV_FREERTOS//gap_sdk/rtos/freeRTOS/vendors/gwt/pmsis/rtos/event_kernel/event_kernel.o
LOAD /module/examples/other/stm_gap8_cpx/BUILD/GAP8_V2/GCC_RISCV_FREERTOS//gap_sdk/rtos/freeRTOS/vendors/gwt/pmsis/rtos/mem_slab/mem_slab.o
LOAD /module/examples/other/stm_gap8_cpx/BUILD/GAP8_V2/GCC_RISCV_FREERTOS//gap_sdk/rtos/freeRTOS/vendors/gwt/pmsis/rtos/malloc/cl_l1_malloc.o
LOAD /module/examples/other/stm_gap8_cpx/BUILD/GAP8_V2/GCC_RISCV_FREERTOS//gap_sdk/rtos/freeRTOS/vendors/gwt/pmsis/rtos/malloc/fc_l1_malloc.o
LOAD /module/examples/other/stm_gap8_cpx/BUILD/GAP8_V2/GCC_RISCV_FREERTOS//gap_sdk/rtos/freeRTOS/vendors/gwt/pmsis/rtos/malloc/l2_malloc.o
LOAD /module/examples/other/stm_gap8_cpx/BUILD/GAP8_V2/GCC_RISCV_FREERTOS//gap_sdk/rtos/freeRTOS/vendors/gwt/pmsis/rtos/malloc/malloc_external.o
LOAD /module/examples/other/stm_gap8_cpx/BUILD/GAP8_V2/GCC_RISCV_FREERTOS//gap_sdk/rtos/freeRTOS/vendors/gwt/pmsis/rtos/malloc/malloc_internal.o
LOAD /module/examples/other/stm_gap8_cpx/BUILD/GAP8_V2/GCC_RISCV_FREERTOS//gap_sdk/rtos/freeRTOS/vendors/gwt/pmsis/rtos/malloc/pi_malloc.o
LOAD /module/examples/other/stm_gap8_cpx/BUILD/GAP8_V2/GCC_RISCV_FREERTOS//gap_sdk/rtos/freeRTOS/vendors/gwt/pmsis/rtos/os/device.o
LOAD /module/examples/other/stm_gap8_cpx/BUILD/GAP8_V2/GCC_RISCV_FREERTOS//gap_sdk/rtos/freeRTOS/vendors/gwt/pmsis/rtos/os/pmsis_task.o
LOAD /module/examples/other/stm_gap8_cpx/BUILD/GAP8_V2/GCC_RISCV_FREERTOS//gap_sdk/rtos/freeRTOS/vendors/gwt/pmsis/backend/pmsis_backend_native_task_api.o
LOAD /module/examples/other/stm_gap8_cpx/BUILD/GAP8_V2/GCC_RISCV_FREERTOS//gap_sdk/rtos/freeRTOS/freertos_kernel/portable/GCC/RI5CY-GAP8/port.o
LOAD /module/examples/other/stm_gap8_cpx/BUILD/GAP8_V2/GCC_RISCV_FREERTOS//gap_sdk/rtos/freeRTOS/vendors/gwt/libs/printf/printf.o
LOAD /module/examples/other/stm_gap8_cpx/BUILD/GAP8_V2/GCC_RISCV_FREERTOS//gap_sdk/rtos/freeRTOS/freertos_kernel/list.o
LOAD /module/examples/other/stm_gap8_cpx/BUILD/GAP8_V2/GCC_RISCV_FREERTOS//gap_sdk/rtos/freeRTOS/freertos_kernel/queue.o
LOAD /module/examples/other/stm_gap8_cpx/BUILD/GAP8_V2/GCC_RISCV_FREERTOS//gap_sdk/rtos/freeRTOS/freertos_kernel/tasks.o
LOAD /module/examples/other/stm_gap8_cpx/BUILD/GAP8_V2/GCC_RISCV_FREERTOS//gap_sdk/rtos/freeRTOS/freertos_kernel/timers.o
LOAD /module/examples/other/stm_gap8_cpx/BUILD/GAP8_V2/GCC_RISCV_FREERTOS//gap_sdk/rtos/freeRTOS/freertos_kernel/event_groups.o
LOAD /module/examples/other/stm_gap8_cpx/BUILD/GAP8_V2/GCC_RISCV_FREERTOS//gap_sdk/rtos/freeRTOS/freertos_kernel/stream_buffer.o
LOAD /module/examples/other/stm_gap8_cpx/BUILD/GAP8_V2/GCC_RISCV_FREERTOS//gap_sdk/rtos/freeRTOS/demos/gwt/config/gap8/FreeRTOS_util.o
LOAD /usr/lib/gap_riscv_toolchain/bin/../lib/gcc/riscv32-unknown-elf/7.1.1/rv32imcxgap8/ilp32/libgcc.a
                0x0000000000000000                __DYNAMIC = 0x0
                0x0000000000001000                __STACK_FC_SIZE = 0x1000
                0x0000000000000400                __STACK_IRQ_SIZE = 0x400

.l1FcTiny       0x000000001b000000        0x0
                0x000000001b000000                . = ALIGN (0x4)
                0x000000001b000000                __l1FcShared_start = .
 *(.l1FcTiny)
 *(.l1FcTiny.*)
                0x000000001b000000                . = ALIGN (0x4)
                0x000000001b000000                __l1FcShared_end = .
                0x0000000000000000                __l1FcShared_size = (__l1FcShared_end - __l1FcShared_start)

.fcTcdmTiny     0x0000000000000004        0xc load address 0x000000001b000000
 *(.fcTcdmTiny)
 .fcTcdmTiny    0x0000000000000004        0xc /module/examples/other/stm_gap8_cpx/BUILD/GAP8_V2/GCC_RISCV_FREERTOS//gap_sdk/rtos/freeRTOS/vendors/gwt/gap8/pmsis/drivers/udma/hyperbus/hyperbus_internal.o
                0x0000000000000004                __global_hyper_fifo_head
                0x0000000000000008                __global_hyper_driver_fifo
                0x000000000000000c                __global_hyper_fifo_tail
 *(.fcTcdmTiny.*)

.fcTcdm
 *(.fcTcdm)
 *(.fcTcdm.*)

.fcTcdm_g       0x000000001b00000c      0x5bc
                0x000000001b000010                . = ALIGN (0x8)
 *fill*         0x000000001b00000c        0x4 
                0x000000001b000010                __fc_tcdm_g_start = .
 *(.fcTcdm_g)
 .fcTcdm_g      0x000000001b000010      0x264 /module/examples/other/stm_gap8_cpx/BUILD/GAP8_V2/GCC_RISCV_FREERTOS//gap_sdk/rtos/freeRTOS/vendors/gwt/gap8/pmsis/cluster/drivers/cluster_synchronisation/cl_to_fc_delegate.o
                0x000000001b000010                delegate_task_mask
                0x000000001b000014                delegate_task
 .fcTcdm_g      0x000000001b000274       0xe4 /module/examples/other/stm_gap8_cpx/BUILD/GAP8_V2/GCC_RISCV_FREERTOS//gap_sdk/rtos/freeRTOS/vendors/gwt/gap8/pmsis/drivers/fc_event/fc_event.o
 .fcTcdm_g      0x000000001b000358        0x4 /module/examples/other/stm_gap8_cpx/BUILD/GAP8_V2/GCC_RISCV_FREERTOS//gap_sdk/rtos/freeRTOS/vendors/gwt/pmsis/rtos/event_kernel/event_kernel.o
                0x000000001b000358                default_sched
 .fcTcdm_g      0x000000001b00035c       0x10 /module/examples/other/stm_gap8_cpx/BUILD/GAP8_V2/GCC_RISCV_FREERTOS//gap_sdk/rtos/freeRTOS/vendors/gwt/pmsis/backend/pmsis_backend_native_task_api.o
                0x000000001b00035c                delayed_task
                0x000000001b000364                timer_task
 .fcTcdm_g      0x000000001b00036c      0x258 /module/examples/other/stm_gap8_cpx/BUILD/GAP8_V2/GCC_RISCV_FREERTOS//gap_sdk/rtos/freeRTOS/demos/gwt/config/gap8/FreeRTOS_util.o
 *(.fcTcdm_g.*)
                0x000000001b0005c8                . = ALIGN (0x8)
 *fill*         0x000000001b0005c4        0x4 
                0x000000001b0005c8                __fc_tcdm_g_end = .

.stack_irq      0x000000001b0005c8      0x400
                0x000000001b0005c8                . = ALIGN (0x4)
                0x000000001b0005c8                __stack_irq_end__ = .
                0x000000001b0009c8                . = (. + __STACK_IRQ_SIZE)
 *fill*         0x000000001b0005c8      0x400 
                0x000000001b0009c8                __stack_irq_start__ = .

.heapfcram      0x000000001b0009c8     0x1000
                0x000000001b0009c8                . = ALIGN (0x8)
 *(.heapfcram)
 *(.heapfcram.*)
                0x000000001b0009c8                . = ALIGN (0x8)
                0x000000001b0009c8                __heapfcram_start = .
                0x000000001b0009c8                __stack_fc_end__ = .
                0x000000001b0019c8                . = (. + __STACK_FC_SIZE)
 *fill*         0x000000001b0009c8     0x1000 
                0x000000001b0019c8                __stack_fc_start__ = .
                0x0000000000003638                __heapfcram_size = ((ORIGIN (FC_tcdm) + LENGTH (FC_tcdm)) - __heapfcram_start)

.vectors_irq    0x000000001c000000       0x94
                0x000000001c000000                . = ALIGN (0x100)
                0x000000001c000000                __irq_vector_base_m__ = .
 *(.vectors_irq)
 .vectors_irq   0x000000001c000000       0x94 /module/examples/other/stm_gap8_cpx/BUILD/GAP8_V2/GCC_RISCV_FREERTOS//gap_sdk/rtos/freeRTOS/vendors/gwt/gap8/src/device/startup_gap8.o
                0x000000001c000090                __rt_debug_struct_ptr

.text           0x000000001c000094     0xa0f0
                0x000000001c000094                . = ALIGN (0x4)
                0x000000001c000094                _stext = .
 *(.text.reset)
 .text.reset    0x000000001c000094       0x7e /module/examples/other/stm_gap8_cpx/BUILD/GAP8_V2/GCC_RISCV_FREERTOS//gap_sdk/rtos/freeRTOS/vendors/gwt/gap8/src/device/startup_gap8.o
                0x000000001c000094                reset_handler
 *(.text)
 .text          0x000000001c000112      0x2c8 /module/examples/other/stm_gap8_cpx/BUILD/GAP8_V2/GCC_RISCV_FREERTOS//gap_sdk/rtos/freeRTOS/vendors/gwt/gap8/src/device/gap8_iet.o
                0x000000001c000112                default_handler
                0x000000001c000116                cluster_notify_fc_handler
                0x000000001c00014e                pendSV_handler
                0x000000001c0001be                systick_handler
                0x000000001c00023a                hi_res_timer_handler
                0x000000001c000272                fc_event_handler
                0x000000001c0002aa                fc_hyper_handler
                0x000000001c000358                dma_irq_handler
                0x000000001c000380                ecall_handler
                0x000000001c0003d2                ill_ins_handler
 .text          0x000000001c0003da      0x126 /module/examples/other/stm_gap8_cpx/BUILD/GAP8_V2/GCC_RISCV_FREERTOS//gap_sdk/rtos/freeRTOS/vendors/gwt/gap8/pmsis/cluster/drivers/cluster_synchronisation/cluster_core.o
                0x000000001c0003da                cluster_exec_loop
                0x000000001c0004f2                cl_slave_stack_setup
 .text          0x000000001c000500       0xd8 /module/examples/other/stm_gap8_cpx/BUILD/GAP8_V2/GCC_RISCV_FREERTOS//gap_sdk/rtos/freeRTOS/vendors/gwt/gap8/pmsis/util/asm_util.o
                0x000000001c000500                ASM_FUNC_SAVE_MINIMAL_CONTEXT
                0x000000001c000544                ASM_FUNC_RESTORE_MINIMAL_CONTEXT
                0x000000001c000588                ASM_FUNC_SAVE_SAVE_CONTEXT
                0x000000001c0005a2                ASM_FUNC_RESTORE_SAVE_CONTEXT
                0x000000001c0005bc                ASM_FUNC_SAVE_CSR_CONTEXT
                0x000000001c0005ca                ASM_FUNC_RESTORE_CSR_CONTEXT
 .text          0x000000001c0005d8       0x8e /module/examples/other/stm_gap8_cpx/BUILD/GAP8_V2/GCC_RISCV_FREERTOS//gap_sdk/rtos/freeRTOS/freertos_kernel/portable/GCC/RI5CY-GAP8/port_asm.o
                0x000000001c0005d8                xPortStartScheduler
 .text          0x000000001c000666       0x4e /module/examples/other/stm_gap8_cpx/BUILD/GAP8_V2/GCC_RISCV_FREERTOS//gap_sdk/rtos/freeRTOS/vendors/gwt/gap8/pmsis/drivers/fc_event/fc_event.o
                0x000000001c000666                fc_soc_event_handler
 .text          0x000000001c0006b4      0x168 /module/examples/other/stm_gap8_cpx/BUILD/GAP8_V2/GCC_RISCV_FREERTOS//gap_sdk/rtos/freeRTOS/vendors/gwt/gap8/pmsis/drivers/udma/hyperbus/hyperbus_internal.o
                0x000000001c0006b4                hyper_handler
 .text          0x000000001c00081c      0x5fe /usr/lib/gap_riscv_toolchain/bin/../lib/gcc/riscv32-unknown-elf/7.1.1/rv32imcxgap8/ilp32/libgcc.a(adddf3.o)
                0x000000001c00081c                __adddf3
 .text          0x000000001c000e1a      0x4d2 /usr/lib/gap_riscv_toolchain/bin/../lib/gcc/riscv32-unknown-elf/7.1.1/rv32imcxgap8/ilp32/libgcc.a(divdf3.o)
                0x000000001c000e1a                __divdf3
 .text          0x000000001c0012ec       0x60 /usr/lib/gap_riscv_toolchain/bin/../lib/gcc/riscv32-unknown-elf/7.1.1/rv32imcxgap8/ilp32/libgcc.a(eqdf2.o)
                0x000000001c0012ec                __eqdf2
                0x000000001c0012ec                __nedf2
 .text          0x000000001c00134c       0xae /usr/lib/gap_riscv_toolchain/bin/../lib/gcc/riscv32-unknown-elf/7.1.1/rv32imcxgap8/ilp32/libgcc.a(gedf2.o)
                0x000000001c00134c                __gtdf2
                0x000000001c00134c                __gedf2
 .text          0x000000001c0013fa       0xae /usr/lib/gap_riscv_toolchain/bin/../lib/gcc/riscv32-unknown-elf/7.1.1/rv32imcxgap8/ilp32/libgcc.a(ledf2.o)
                0x000000001c0013fa                __ltdf2
                0x000000001c0013fa                __ledf2
 .text          0x000000001c0014a8      0x43a /usr/lib/gap_riscv_toolchain/bin/../lib/gcc/riscv32-unknown-elf/7.1.1/rv32imcxgap8/ilp32/libgcc.a(muldf3.o)
                0x000000001c0014a8                __muldf3
 .text          0x000000001c0018e2      0x612 /usr/lib/gap_riscv_toolchain/bin/../lib/gcc/riscv32-unknown-elf/7.1.1/rv32imcxgap8/ilp32/libgcc.a(subdf3.o)
                0x000000001c0018e2                __subdf3
 .text          0x000000001c001ef4       0x5c /usr/lib/gap_riscv_toolchain/bin/../lib/gcc/riscv32-unknown-elf/7.1.1/rv32imcxgap8/ilp32/libgcc.a(fixdfsi.o)
                0x000000001c001ef4                __fixdfsi
 .text          0x000000001c001f50       0x52 /usr/lib/gap_riscv_toolchain/bin/../lib/gcc/riscv32-unknown-elf/7.1.1/rv32imcxgap8/ilp32/libgcc.a(fixunsdfsi.o)
                0x000000001c001f50                __fixunsdfsi
 .text          0x000000001c001fa2       0x58 /usr/lib/gap_riscv_toolchain/bin/../lib/gcc/riscv32-unknown-elf/7.1.1/rv32imcxgap8/ilp32/libgcc.a(floatsidf.o)
                0x000000001c001fa2                __floatsidf
 .text          0x000000001c001ffa       0x4c /usr/lib/gap_riscv_toolchain/bin/../lib/gcc/riscv32-unknown-elf/7.1.1/rv32imcxgap8/ilp32/libgcc.a(floatunsidf.o)
                0x000000001c001ffa                __floatunsidf
 *(.text.*)
 .text.start_example
                0x000000001c002046       0x6a /module/examples/other/stm_gap8_cpx/BUILD/GAP8_V2/GCC_RISCV_FREERTOS/stm_gap8_cpx.o
                0x000000001c002046                start_example
 .text.startup.main
                0x000000001c0020b0        0xc /module/examples/other/stm_gap8_cpx/BUILD/GAP8_V2/GCC_RISCV_FREERTOS/stm_gap8_cpx.o
                0x000000001c0020b0                main
 .text.vDataReadyISR
                0x000000001c0020bc       0x2c /module/examples/other/stm_gap8_cpx/BUILD/GAP8_V2/GCC_RISCV_FREERTOS/../../../lib/cpx/src/com.o
                0x000000001c0020bc                vDataReadyISR
 .text.com_task
                0x000000001c0020e8      0x180 /module/examples/other/stm_gap8_cpx/BUILD/GAP8_V2/GCC_RISCV_FREERTOS/../../../lib/cpx/src/com.o
                0x000000001c0020e8                com_task
 .text.com_init
                0x000000001c002268      0x17c /module/examples/other/stm_gap8_cpx/BUILD/GAP8_V2/GCC_RISCV_FREERTOS/../../../lib/cpx/src/com.o
                0x000000001c002268                com_init
 .text.com_read
                0x000000001c0023e4       0x10 /module/examples/other/stm_gap8_cpx/BUILD/GAP8_V2/GCC_RISCV_FREERTOS/../../../lib/cpx/src/com.o
                0x000000001c0023e4                com_read
 .text.com_write
                0x000000001c0023f4       0x32 /module/examples/other/stm_gap8_cpx/BUILD/GAP8_V2/GCC_RISCV_FREERTOS/../../../lib/cpx/src/com.o
                0x000000001c0023f4                com_write
 .text.cpx_rx_task
                0x000000001c002426       0xb4 /module/examples/other/stm_gap8_cpx/BUILD/GAP8_V2/GCC_RISCV_FREERTOS/../../../lib/cpx/src/cpx.o
 .text.cpxEnableFunction
                0x000000001c0024da       0x2a /module/examples/other/stm_gap8_cpx/BUILD/GAP8_V2/GCC_RISCV_FREERTOS/../../../lib/cpx/src/cpx.o
                0x000000001c0024da                cpxEnableFunction
 .text.cpxReceivePacketBlocking
                0x000000001c002504       0x14 /module/examples/other/stm_gap8_cpx/BUILD/GAP8_V2/GCC_RISCV_FREERTOS/../../../lib/cpx/src/cpx.o
                0x000000001c002504                cpxReceivePacketBlocking
 .text.cpxSendPacketBlocking
                0x000000001c002518       0x68 /module/examples/other/stm_gap8_cpx/BUILD/GAP8_V2/GCC_RISCV_FREERTOS/../../../lib/cpx/src/cpx.o
                0x000000001c002518                cpxSendPacketBlocking
 .text.cpxPrintToConsole
                0x000000001c002580       0xe8 /module/examples/other/stm_gap8_cpx/BUILD/GAP8_V2/GCC_RISCV_FREERTOS/../../../lib/cpx/src/cpx.o
                0x000000001c002580                cpxPrintToConsole
 .text.cpxInitRoute
                0x000000001c002668       0x12 /module/examples/other/stm_gap8_cpx/BUILD/GAP8_V2/GCC_RISCV_FREERTOS/../../../lib/cpx/src/cpx.o
                0x000000001c002668                cpxInitRoute
 .text.cpxInit  0x000000001c00267a       0x64 /module/examples/other/stm_gap8_cpx/BUILD/GAP8_V2/GCC_RISCV_FREERTOS/../../../lib/cpx/src/cpx.o
                0x000000001c00267a                cpxInit
 .text.system_init
                0x000000001c0026de       0x5e /module/examples/other/stm_gap8_cpx/BUILD/GAP8_V2/GCC_RISCV_FREERTOS//gap_sdk/rtos/freeRTOS/vendors/gwt/gap8/src/device/system_gap8.o
                0x000000001c0026de                system_init
 .text.system_setup_systick
                0x000000001c00273c       0x38 /module/examples/other/stm_gap8_cpx/BUILD/GAP8_V2/GCC_RISCV_FREERTOS//gap_sdk/rtos/freeRTOS/vendors/gwt/gap8/src/device/system_gap8.o
                0x000000001c00273c                system_setup_systick
 .text.system_core_clock_update
                0x000000001c002774       0x54 /module/examples/other/stm_gap8_cpx/BUILD/GAP8_V2/GCC_RISCV_FREERTOS//gap_sdk/rtos/freeRTOS/vendors/gwt/gap8/src/device/system_gap8.o
                0x000000001c002774                system_core_clock_update
 .text.system_core_clock_get
                0x000000001c0027c8        0xa /module/examples/other/stm_gap8_cpx/BUILD/GAP8_V2/GCC_RISCV_FREERTOS//gap_sdk/rtos/freeRTOS/vendors/gwt/gap8/src/device/system_gap8.o
                0x000000001c0027c8                system_core_clock_get
 .text.system_exit
                0x000000001c0027d2       0x6e /module/examples/other/stm_gap8_cpx/BUILD/GAP8_V2/GCC_RISCV_FREERTOS//gap_sdk/rtos/freeRTOS/vendors/gwt/gap8/src/device/system_gap8.o
                0x000000001c0027d2                system_exit
 .text._procid  0x000000001c002840        0xa /module/examples/other/stm_gap8_cpx/BUILD/GAP8_V2/GCC_RISCV_FREERTOS//gap_sdk/rtos/freeRTOS/vendors/gwt/gap8/src/device/gap8_it.o
                0x000000001c002840                _procid
 .text._clusterid
                0x000000001c00284a        0x8 /module/examples/other/stm_gap8_cpx/BUILD/GAP8_V2/GCC_RISCV_FREERTOS//gap_sdk/rtos/freeRTOS/vendors/gwt/gap8/src/device/gap8_it.o
                0x000000001c00284a                _clusterid
 .text._isr_default
                0x000000001c002852        0xe /module/examples/other/stm_gap8_cpx/BUILD/GAP8_V2/GCC_RISCV_FREERTOS//gap_sdk/rtos/freeRTOS/vendors/gwt/gap8/src/device/gap8_it.o
                0x000000001c002852                _isr_default
 .text.vSetPendSV
                0x000000001c002860        0xa /module/examples/other/stm_gap8_cpx/BUILD/GAP8_V2/GCC_RISCV_FREERTOS//gap_sdk/rtos/freeRTOS/vendors/gwt/gap8/src/device/gap8_it.o
                0x000000001c002860                vSetPendSV
 .text._ill_insn_print
                0x000000001c00286a        0xa /module/examples/other/stm_gap8_cpx/BUILD/GAP8_V2/GCC_RISCV_FREERTOS//gap_sdk/rtos/freeRTOS/vendors/gwt/gap8/src/device/gap8_it.o
                0x000000001c00286a                _ill_insn_print
 .text.__uart_putc_cluster_req
                0x000000001c002874       0x48 /module/examples/other/stm_gap8_cpx/BUILD/GAP8_V2/GCC_RISCV_FREERTOS//gap_sdk/rtos/freeRTOS/vendors/gwt/gap8/src/driver/gap_io.o
 .text.printf_uart_init
                0x000000001c0028bc       0x5e /module/examples/other/stm_gap8_cpx/BUILD/GAP8_V2/GCC_RISCV_FREERTOS//gap_sdk/rtos/freeRTOS/vendors/gwt/gap8/src/driver/gap_io.o
                0x000000001c0028bc                printf_uart_init
 .text._putchar
                0x000000001c00291a      0x126 /module/examples/other/stm_gap8_cpx/BUILD/GAP8_V2/GCC_RISCV_FREERTOS//gap_sdk/rtos/freeRTOS/vendors/gwt/gap8/src/driver/gap_io.o
                0x000000001c00291a                _putchar
 .text.system_exit_printf_flush
                0x000000001c002a40       0x96 /module/examples/other/stm_gap8_cpx/BUILD/GAP8_V2/GCC_RISCV_FREERTOS//gap_sdk/rtos/freeRTOS/vendors/gwt/gap8/src/driver/gap_io.o
                0x000000001c002a40                system_exit_printf_flush
 .text.exit     0x000000001c002ad6        0x8 /module/examples/other/stm_gap8_cpx/BUILD/GAP8_V2/GCC_RISCV_FREERTOS//gap_sdk/rtos/freeRTOS/vendors/gwt/libs/src/stdlib.o
                0x000000001c002ad6                exit
 .text.memcpy   0x000000001c002ade      0x10a /module/examples/other/stm_gap8_cpx/BUILD/GAP8_V2/GCC_RISCV_FREERTOS//gap_sdk/rtos/freeRTOS/vendors/gwt/libs/src/string.o
                0x000000001c002ade                memcpy
 .text.memset   0x000000001c002be8       0xb6 /module/examples/other/stm_gap8_cpx/BUILD/GAP8_V2/GCC_RISCV_FREERTOS//gap_sdk/rtos/freeRTOS/vendors/gwt/libs/src/string.o
                0x000000001c002be8                memset
 .text.cl_notify_fc_event_handler
                0x000000001c002c9e       0x9c /module/examples/other/stm_gap8_cpx/BUILD/GAP8_V2/GCC_RISCV_FREERTOS//gap_sdk/rtos/freeRTOS/vendors/gwt/gap8/pmsis/cluster/drivers/cluster_synchronisation/cl_to_fc_delegate.o
                0x000000001c002c9e                cl_notify_fc_event_handler
 .text.pi_cl_send_task_to_fc
                0x000000001c002d3a       0x42 /module/examples/other/stm_gap8_cpx/BUILD/GAP8_V2/GCC_RISCV_FREERTOS//gap_sdk/rtos/freeRTOS/vendors/gwt/gap8/pmsis/cluster/drivers/cluster_synchronisation/cl_to_fc_delegate.o
                0x000000001c002d3a                pi_cl_send_task_to_fc
 .text.cl_task_finish
                0x000000001c002d7c       0x78 /module/examples/other/stm_gap8_cpx/BUILD/GAP8_V2/GCC_RISCV_FREERTOS//gap_sdk/rtos/freeRTOS/vendors/gwt/gap8/pmsis/cluster/drivers/cluster_synchronisation/fc_to_cl_delegate.o
                0x000000001c002d7c                cl_task_finish
 .text.pi_cl_dma_2d_handler
                0x000000001c002df4       0x94 /module/examples/other/stm_gap8_cpx/BUILD/GAP8_V2/GCC_RISCV_FREERTOS//gap_sdk/rtos/freeRTOS/vendors/gwt/gap8/pmsis/cluster/drivers/dma/cl_dma_irq.o
                0x000000001c002df4                pi_cl_dma_2d_handler
 .text.fc_event_null_event
                0x000000001c002e88        0x2 /module/examples/other/stm_gap8_cpx/BUILD/GAP8_V2/GCC_RISCV_FREERTOS//gap_sdk/rtos/freeRTOS/vendors/gwt/gap8/pmsis/drivers/fc_event/fc_event.o
 .text.pi_fc_event_handler_init
                0x000000001c002e8a       0x30 /module/examples/other/stm_gap8_cpx/BUILD/GAP8_V2/GCC_RISCV_FREERTOS//gap_sdk/rtos/freeRTOS/vendors/gwt/gap8/pmsis/drivers/fc_event/fc_event.o
                0x000000001c002e8a                pi_fc_event_handler_init
 .text.pi_fc_event_handler_set
                0x000000001c002eba       0x10 /module/examples/other/stm_gap8_cpx/BUILD/GAP8_V2/GCC_RISCV_FREERTOS//gap_sdk/rtos/freeRTOS/vendors/gwt/gap8/pmsis/drivers/fc_event/fc_event.o
                0x000000001c002eba                pi_fc_event_handler_set
 .text.pi_fc_event_handler_clear
                0x000000001c002eca       0x18 /module/examples/other/stm_gap8_cpx/BUILD/GAP8_V2/GCC_RISCV_FREERTOS//gap_sdk/rtos/freeRTOS/vendors/gwt/gap8/pmsis/drivers/fc_event/fc_event.o
                0x000000001c002eca                pi_fc_event_handler_clear
 .text.pi_fll_init
                0x000000001c002ee2       0xd2 /module/examples/other/stm_gap8_cpx/BUILD/GAP8_V2/GCC_RISCV_FREERTOS//gap_sdk/rtos/freeRTOS/vendors/gwt/gap8/pmsis/drivers/fll/fll.o
                0x000000001c002ee2                pi_fll_init
 .text.pi_fll_frequency_get
                0x000000001c002fb4       0x46 /module/examples/other/stm_gap8_cpx/BUILD/GAP8_V2/GCC_RISCV_FREERTOS//gap_sdk/rtos/freeRTOS/vendors/gwt/gap8/pmsis/drivers/fll/fll.o
                0x000000001c002fb4                pi_fll_frequency_get
 .text.pi_freq_callback_add
                0x000000001c002ffa       0x28 /module/examples/other/stm_gap8_cpx/BUILD/GAP8_V2/GCC_RISCV_FREERTOS//gap_sdk/rtos/freeRTOS/vendors/gwt/gap8/pmsis/drivers/fll/fll.o
                0x000000001c002ffa                pi_freq_callback_add
 .text.pi_freq_callback_remove
                0x000000001c003022       0x46 /module/examples/other/stm_gap8_cpx/BUILD/GAP8_V2/GCC_RISCV_FREERTOS//gap_sdk/rtos/freeRTOS/vendors/gwt/gap8/pmsis/drivers/fll/fll.o
                0x000000001c003022                pi_freq_callback_remove
 .text.gpio_handler
                0x000000001c003068       0xa0 /module/examples/other/stm_gap8_cpx/BUILD/GAP8_V2/GCC_RISCV_FREERTOS//gap_sdk/rtos/freeRTOS/vendors/gwt/gap8/pmsis/drivers/gpio/gpio.o
 .text.pi_gpio_conf_init
                0x000000001c003108        0xa /module/examples/other/stm_gap8_cpx/BUILD/GAP8_V2/GCC_RISCV_FREERTOS//gap_sdk/rtos/freeRTOS/vendors/gwt/gap8/pmsis/drivers/gpio/gpio.o
                0x000000001c003108                pi_gpio_conf_init
 .text.pi_gpio_open
                0x000000001c003112       0xae /module/examples/other/stm_gap8_cpx/BUILD/GAP8_V2/GCC_RISCV_FREERTOS//gap_sdk/rtos/freeRTOS/vendors/gwt/gap8/pmsis/drivers/gpio/gpio.o
                0x000000001c003112                pi_gpio_open
 .text.pi_gpio_pin_configure
                0x000000001c0031c0       0xde /module/examples/other/stm_gap8_cpx/BUILD/GAP8_V2/GCC_RISCV_FREERTOS//gap_sdk/rtos/freeRTOS/vendors/gwt/gap8/pmsis/drivers/gpio/gpio.o
                0x000000001c0031c0                pi_gpio_pin_configure
 .text.pi_gpio_pin_write
                0x000000001c00329e       0x36 /module/examples/other/stm_gap8_cpx/BUILD/GAP8_V2/GCC_RISCV_FREERTOS//gap_sdk/rtos/freeRTOS/vendors/gwt/gap8/pmsis/drivers/gpio/gpio.o
                0x000000001c00329e                pi_gpio_pin_write
 .text.pi_gpio_pin_read
                0x000000001c0032d4       0x4a /module/examples/other/stm_gap8_cpx/BUILD/GAP8_V2/GCC_RISCV_FREERTOS//gap_sdk/rtos/freeRTOS/vendors/gwt/gap8/pmsis/drivers/gpio/gpio.o
                0x000000001c0032d4                pi_gpio_pin_read
 .text.pi_gpio_pin_notif_configure
                0x000000001c00331e       0x72 /module/examples/other/stm_gap8_cpx/BUILD/GAP8_V2/GCC_RISCV_FREERTOS//gap_sdk/rtos/freeRTOS/vendors/gwt/gap8/pmsis/drivers/gpio/gpio.o
                0x000000001c00331e                pi_gpio_pin_notif_configure
 .text.pi_gpio_callback_add
                0x000000001c003390       0x22 /module/examples/other/stm_gap8_cpx/BUILD/GAP8_V2/GCC_RISCV_FREERTOS//gap_sdk/rtos/freeRTOS/vendors/gwt/gap8/pmsis/drivers/gpio/gpio.o
                0x000000001c003390                pi_gpio_callback_add
 .text.pi_pad_set_function
                0x000000001c0033b2       0x38 /module/examples/other/stm_gap8_cpx/BUILD/GAP8_V2/GCC_RISCV_FREERTOS//gap_sdk/rtos/freeRTOS/vendors/gwt/gap8/pmsis/drivers/pad/pad.o
                0x000000001c0033b2                pi_pad_set_function
 .text.pi_pad_init
                0x000000001c0033ea       0x26 /module/examples/other/stm_gap8_cpx/BUILD/GAP8_V2/GCC_RISCV_FREERTOS//gap_sdk/rtos/freeRTOS/vendors/gwt/gap8/pmsis/drivers/pad/pad.o
                0x000000001c0033ea                pi_pad_init
 .text.__pi_pmu_handler
                0x000000001c003410       0x1e /module/examples/other/stm_gap8_cpx/BUILD/GAP8_V2/GCC_RISCV_FREERTOS//gap_sdk/rtos/freeRTOS/vendors/gwt/gap8/pmsis/drivers/pmu/pmu_internal.o
 .text.__pi_pmu_init
                0x000000001c00342e       0xf8 /module/examples/other/stm_gap8_cpx/BUILD/GAP8_V2/GCC_RISCV_FREERTOS//gap_sdk/rtos/freeRTOS/vendors/gwt/gap8/pmsis/drivers/pmu/pmu_internal.o
                0x000000001c00342e                __pi_pmu_init
 .text.pi_timer_init
                0x000000001c003526       0x34 /module/examples/other/stm_gap8_cpx/BUILD/GAP8_V2/GCC_RISCV_FREERTOS//gap_sdk/rtos/freeRTOS/vendors/gwt/gap8/pmsis/drivers/timer/timer.o
                0x000000001c003526                pi_timer_init
 .text.pi_timer_stop
                0x000000001c00355a       0x28 /module/examples/other/stm_gap8_cpx/BUILD/GAP8_V2/GCC_RISCV_FREERTOS//gap_sdk/rtos/freeRTOS/vendors/gwt/gap8/pmsis/drivers/timer/timer.o
                0x000000001c00355a                pi_timer_stop
 .text.__pi_hyper_copy_aligned.isra.6
                0x000000001c003582       0x48 /module/examples/other/stm_gap8_cpx/BUILD/GAP8_V2/GCC_RISCV_FREERTOS//gap_sdk/rtos/freeRTOS/vendors/gwt/gap8/pmsis/drivers/udma/hyperbus/hyperbus_internal.o
 .text.__pi_hyper_copy_misaligned
                0x000000001c0035ca      0x2ee /module/examples/other/stm_gap8_cpx/BUILD/GAP8_V2/GCC_RISCV_FREERTOS//gap_sdk/rtos/freeRTOS/vendors/gwt/gap8/pmsis/drivers/udma/hyperbus/hyperbus_internal.o
 .text.pi_spi_open
                0x000000001c0038b8       0x1c /module/examples/other/stm_gap8_cpx/BUILD/GAP8_V2/GCC_RISCV_FREERTOS//gap_sdk/rtos/freeRTOS/vendors/gwt/gap8/pmsis/drivers/udma/spi/spi.o
                0x000000001c0038b8                pi_spi_open
 .text.pi_spi_transfer
                0x000000001c0038d4       0x48 /module/examples/other/stm_gap8_cpx/BUILD/GAP8_V2/GCC_RISCV_FREERTOS//gap_sdk/rtos/freeRTOS/vendors/gwt/gap8/pmsis/drivers/udma/spi/spi.o
                0x000000001c0038d4                pi_spi_transfer
 .text.__pi_spi_freq_cb
                0x000000001c00391c       0x84 /module/examples/other/stm_gap8_cpx/BUILD/GAP8_V2/GCC_RISCV_FREERTOS//gap_sdk/rtos/freeRTOS/vendors/gwt/gap8/pmsis/drivers/udma/spi/spi_internal.o
                0x000000001c00391c                __pi_spi_freq_cb
 .text.pi_spi_conf_init
                0x000000001c0039a0       0x26 /module/examples/other/stm_gap8_cpx/BUILD/GAP8_V2/GCC_RISCV_FREERTOS//gap_sdk/rtos/freeRTOS/vendors/gwt/gap8/pmsis/drivers/udma/spi/spi_internal.o
                0x000000001c0039a0                pi_spi_conf_init
 .text.__pi_spi_open
                0x000000001c0039c6      0x300 /module/examples/other/stm_gap8_cpx/BUILD/GAP8_V2/GCC_RISCV_FREERTOS//gap_sdk/rtos/freeRTOS/vendors/gwt/gap8/pmsis/drivers/udma/spi/spi_internal.o
                0x000000001c0039c6                __pi_spi_open
 .text.__pi_spi_receive_async
                0x000000001c003cc6      0x110 /module/examples/other/stm_gap8_cpx/BUILD/GAP8_V2/GCC_RISCV_FREERTOS//gap_sdk/rtos/freeRTOS/vendors/gwt/gap8/pmsis/drivers/udma/spi/spi_internal.o
                0x000000001c003cc6                __pi_spi_receive_async
 .text.__pi_spi_send_async
                0x000000001c003dd6      0x146 /module/examples/other/stm_gap8_cpx/BUILD/GAP8_V2/GCC_RISCV_FREERTOS//gap_sdk/rtos/freeRTOS/vendors/gwt/gap8/pmsis/drivers/udma/spi/spi_internal.o
                0x000000001c003dd6                __pi_spi_send_async
 .text.__pi_spi_xfer_async
                0x000000001c003f1c      0x138 /module/examples/other/stm_gap8_cpx/BUILD/GAP8_V2/GCC_RISCV_FREERTOS//gap_sdk/rtos/freeRTOS/vendors/gwt/gap8/pmsis/drivers/udma/spi/spi_internal.o
                0x000000001c003f1c                __pi_spi_xfer_async
 .text.__pi_spi_copy_async
                0x000000001c004054      0x792 /module/examples/other/stm_gap8_cpx/BUILD/GAP8_V2/GCC_RISCV_FREERTOS//gap_sdk/rtos/freeRTOS/vendors/gwt/gap8/pmsis/drivers/udma/spi/spi_internal.o
                0x000000001c004054                __pi_spi_copy_async
 .text.__pi_spi_copy_async_2d
                0x000000001c0047e6      0x700 /module/examples/other/stm_gap8_cpx/BUILD/GAP8_V2/GCC_RISCV_FREERTOS//gap_sdk/rtos/freeRTOS/vendors/gwt/gap8/pmsis/drivers/udma/spi/spi_internal.o
                0x000000001c0047e6                __pi_spi_copy_async_2d
 .text.spim_eot_handler
                0x000000001c004ee6      0x872 /module/examples/other/stm_gap8_cpx/BUILD/GAP8_V2/GCC_RISCV_FREERTOS//gap_sdk/rtos/freeRTOS/vendors/gwt/gap8/pmsis/drivers/udma/spi/spi_internal.o
                0x000000001c004ee6                spim_eot_handler
 .text.spim_tx_handler
                0x000000001c005758       0x3e /module/examples/other/stm_gap8_cpx/BUILD/GAP8_V2/GCC_RISCV_FREERTOS//gap_sdk/rtos/freeRTOS/vendors/gwt/gap8/pmsis/drivers/udma/spi/spi_internal.o
                0x000000001c005758                spim_tx_handler
 .text.spim_rx_handler
                0x000000001c005796       0x3a /module/examples/other/stm_gap8_cpx/BUILD/GAP8_V2/GCC_RISCV_FREERTOS//gap_sdk/rtos/freeRTOS/vendors/gwt/gap8/pmsis/drivers/udma/spi/spi_internal.o
                0x000000001c005796                spim_rx_handler
 .text.pi_uart_conf_init
                0x000000001c0057d0        0x2 /module/examples/other/stm_gap8_cpx/BUILD/GAP8_V2/GCC_RISCV_FREERTOS//gap_sdk/rtos/freeRTOS/vendors/gwt/gap8/pmsis/drivers/udma/uart/uart.o
                0x000000001c0057d0                pi_uart_conf_init
 .text.pi_uart_open
                0x000000001c0057d2        0x6 /module/examples/other/stm_gap8_cpx/BUILD/GAP8_V2/GCC_RISCV_FREERTOS//gap_sdk/rtos/freeRTOS/vendors/gwt/gap8/pmsis/drivers/udma/uart/uart.o
                0x000000001c0057d2                pi_uart_open
 .text.pi_uart_close
                0x000000001c0057d8       0x1e /module/examples/other/stm_gap8_cpx/BUILD/GAP8_V2/GCC_RISCV_FREERTOS//gap_sdk/rtos/freeRTOS/vendors/gwt/gap8/pmsis/drivers/udma/uart/uart.o
                0x000000001c0057d8                pi_uart_close
 .text.pi_uart_write
                0x000000001c0057f6       0x4c /module/examples/other/stm_gap8_cpx/BUILD/GAP8_V2/GCC_RISCV_FREERTOS//gap_sdk/rtos/freeRTOS/vendors/gwt/gap8/pmsis/drivers/udma/uart/uart.o
                0x000000001c0057f6                pi_uart_write
 .text.__pi_uart_freq_cb
                0x000000001c005842       0xa6 /module/examples/other/stm_gap8_cpx/BUILD/GAP8_V2/GCC_RISCV_FREERTOS//gap_sdk/rtos/freeRTOS/vendors/gwt/gap8/pmsis/drivers/udma/uart/uart_internal.o
 .text.__pi_uart_handler
                0x000000001c0058e8       0xca /module/examples/other/stm_gap8_cpx/BUILD/GAP8_V2/GCC_RISCV_FREERTOS//gap_sdk/rtos/freeRTOS/vendors/gwt/gap8/pmsis/drivers/udma/uart/uart_internal.o
 .text.__pi_uart_conf_init
                0x000000001c0059b2       0x18 /module/examples/other/stm_gap8_cpx/BUILD/GAP8_V2/GCC_RISCV_FREERTOS//gap_sdk/rtos/freeRTOS/vendors/gwt/gap8/pmsis/drivers/udma/uart/uart_internal.o
                0x000000001c0059b2                __pi_uart_conf_init
 .text.__pi_uart_open
                0x000000001c0059ca      0x1ee /module/examples/other/stm_gap8_cpx/BUILD/GAP8_V2/GCC_RISCV_FREERTOS//gap_sdk/rtos/freeRTOS/vendors/gwt/gap8/pmsis/drivers/udma/uart/uart_internal.o
                0x000000001c0059ca                __pi_uart_open
 .text.__pi_uart_close
                0x000000001c005bb8      0x142 /module/examples/other/stm_gap8_cpx/BUILD/GAP8_V2/GCC_RISCV_FREERTOS//gap_sdk/rtos/freeRTOS/vendors/gwt/gap8/pmsis/drivers/udma/uart/uart_internal.o
                0x000000001c005bb8                __pi_uart_close
 .text.__pi_uart_copy
                0x000000001c005cfa       0xb0 /module/examples/other/stm_gap8_cpx/BUILD/GAP8_V2/GCC_RISCV_FREERTOS//gap_sdk/rtos/freeRTOS/vendors/gwt/gap8/pmsis/drivers/udma/uart/uart_internal.o
                0x000000001c005cfa                __pi_uart_copy
 .text.pi_bsp_init
                0x000000001c005daa       0x3c /module/examples/other/stm_gap8_cpx/BUILD/GAP8_V2/GCC_RISCV_FREERTOS//gap_sdk/rtos/pmsis/bsp/bsp/ai_deck.o
                0x000000001c005daa                pi_bsp_init
 .text.pmsis_event_push
                0x000000001c005de6       0x4e /module/examples/other/stm_gap8_cpx/BUILD/GAP8_V2/GCC_RISCV_FREERTOS//gap_sdk/rtos/freeRTOS/vendors/gwt/pmsis/rtos/event_kernel/event_kernel.o
                0x000000001c005de6                pmsis_event_push
 .text.pmsis_event_kernel_init
                0x000000001c005e34       0x78 /module/examples/other/stm_gap8_cpx/BUILD/GAP8_V2/GCC_RISCV_FREERTOS//gap_sdk/rtos/freeRTOS/vendors/gwt/pmsis/rtos/event_kernel/event_kernel.o
                0x000000001c005e34                pmsis_event_kernel_init
 .text.pmsis_event_kernel_main
                0x000000001c005eac       0xa2 /module/examples/other/stm_gap8_cpx/BUILD/GAP8_V2/GCC_RISCV_FREERTOS//gap_sdk/rtos/freeRTOS/vendors/gwt/pmsis/rtos/event_kernel/event_kernel.o
                0x000000001c005eac                pmsis_event_kernel_main
 .text.pmsis_event_get_default_scheduler
                0x000000001c005f4e        0xa /module/examples/other/stm_gap8_cpx/BUILD/GAP8_V2/GCC_RISCV_FREERTOS//gap_sdk/rtos/freeRTOS/vendors/gwt/pmsis/rtos/event_kernel/event_kernel.o
                0x000000001c005f4e                pmsis_event_get_default_scheduler
 .text.pmsis_event_set_default_scheduler
                0x000000001c005f58        0xa /module/examples/other/stm_gap8_cpx/BUILD/GAP8_V2/GCC_RISCV_FREERTOS//gap_sdk/rtos/freeRTOS/vendors/gwt/pmsis/rtos/event_kernel/event_kernel.o
                0x000000001c005f58                pmsis_event_set_default_scheduler
 .text.pi_cl_l1_free
                0x000000001c005f62       0x20 /module/examples/other/stm_gap8_cpx/BUILD/GAP8_V2/GCC_RISCV_FREERTOS//gap_sdk/rtos/freeRTOS/vendors/gwt/pmsis/rtos/malloc/cl_l1_malloc.o
                0x000000001c005f62                pi_cl_l1_free
 .text.pi_fc_l1_malloc
                0x000000001c005f82       0x22 /module/examples/other/stm_gap8_cpx/BUILD/GAP8_V2/GCC_RISCV_FREERTOS//gap_sdk/rtos/freeRTOS/vendors/gwt/pmsis/rtos/malloc/fc_l1_malloc.o
                0x000000001c005f82                pi_fc_l1_malloc
 .text.pi_fc_l1_free
                0x000000001c005fa4       0x24 /module/examples/other/stm_gap8_cpx/BUILD/GAP8_V2/GCC_RISCV_FREERTOS//gap_sdk/rtos/freeRTOS/vendors/gwt/pmsis/rtos/malloc/fc_l1_malloc.o
                0x000000001c005fa4                pi_fc_l1_free
 .text.pi_fc_l1_malloc_init
                0x000000001c005fc8       0x20 /module/examples/other/stm_gap8_cpx/BUILD/GAP8_V2/GCC_RISCV_FREERTOS//gap_sdk/rtos/freeRTOS/vendors/gwt/pmsis/rtos/malloc/fc_l1_malloc.o
                0x000000001c005fc8                pi_fc_l1_malloc_init
 .text.pi_l2_malloc
                0x000000001c005fe8       0x5a /module/examples/other/stm_gap8_cpx/BUILD/GAP8_V2/GCC_RISCV_FREERTOS//gap_sdk/rtos/freeRTOS/vendors/gwt/pmsis/rtos/malloc/l2_malloc.o
                0x000000001c005fe8                pi_l2_malloc
 .text.pi_l2_free
                0x000000001c006042       0x3a /module/examples/other/stm_gap8_cpx/BUILD/GAP8_V2/GCC_RISCV_FREERTOS//gap_sdk/rtos/freeRTOS/vendors/gwt/pmsis/rtos/malloc/l2_malloc.o
                0x000000001c006042                pi_l2_free
 .text.pi_l2_malloc_init
                0x000000001c00607c       0x20 /module/examples/other/stm_gap8_cpx/BUILD/GAP8_V2/GCC_RISCV_FREERTOS//gap_sdk/rtos/freeRTOS/vendors/gwt/pmsis/rtos/malloc/l2_malloc.o
                0x000000001c00607c                pi_l2_malloc_init
 .text.__malloc_init
                0x000000001c00609c       0x20 /module/examples/other/stm_gap8_cpx/BUILD/GAP8_V2/GCC_RISCV_FREERTOS//gap_sdk/rtos/freeRTOS/vendors/gwt/pmsis/rtos/malloc/malloc_internal.o
                0x000000001c00609c                __malloc_init
 .text.__malloc
                0x000000001c0060bc       0x4a /module/examples/other/stm_gap8_cpx/BUILD/GAP8_V2/GCC_RISCV_FREERTOS//gap_sdk/rtos/freeRTOS/vendors/gwt/pmsis/rtos/malloc/malloc_internal.o
                0x000000001c0060bc                __malloc
 .text.__malloc_free
                0x000000001c006106       0x5c /module/examples/other/stm_gap8_cpx/BUILD/GAP8_V2/GCC_RISCV_FREERTOS//gap_sdk/rtos/freeRTOS/vendors/gwt/pmsis/rtos/malloc/malloc_internal.o
                0x000000001c006106                __malloc_free
 .text.pi_malloc_init
                0x000000001c006162       0x1c /module/examples/other/stm_gap8_cpx/BUILD/GAP8_V2/GCC_RISCV_FREERTOS//gap_sdk/rtos/freeRTOS/vendors/gwt/pmsis/rtos/malloc/pi_malloc.o
                0x000000001c006162                pi_malloc_init
 .text.pi_malloc
                0x000000001c00617e       0x2c /module/examples/other/stm_gap8_cpx/BUILD/GAP8_V2/GCC_RISCV_FREERTOS//gap_sdk/rtos/freeRTOS/vendors/gwt/pmsis/rtos/malloc/pi_malloc.o
                0x000000001c00617e                pi_malloc
 .text.pi_free  0x000000001c0061aa       0x1c /module/examples/other/stm_gap8_cpx/BUILD/GAP8_V2/GCC_RISCV_FREERTOS//gap_sdk/rtos/freeRTOS/vendors/gwt/pmsis/rtos/malloc/pi_malloc.o
                0x000000001c0061aa                pi_free
 .text.pi_open_from_conf
                0x000000001c0061c6        0x4 /module/examples/other/stm_gap8_cpx/BUILD/GAP8_V2/GCC_RISCV_FREERTOS//gap_sdk/rtos/freeRTOS/vendors/gwt/pmsis/rtos/os/device.o
                0x000000001c0061c6                pi_open_from_conf
 .text.__pi_task_block
                0x000000001c0061ca       0x2e /module/examples/other/stm_gap8_cpx/BUILD/GAP8_V2/GCC_RISCV_FREERTOS//gap_sdk/rtos/freeRTOS/vendors/gwt/pmsis/rtos/os/pmsis_task.o
                0x000000001c0061ca                __pi_task_block
 .text.__pi_task_destroy
                0x000000001c0061f8        0x6 /module/examples/other/stm_gap8_cpx/BUILD/GAP8_V2/GCC_RISCV_FREERTOS//gap_sdk/rtos/freeRTOS/vendors/gwt/pmsis/rtos/os/pmsis_task.o
                0x000000001c0061f8                __pi_task_destroy
 .text.__pi_task_wait_on
                0x000000001c0061fe       0x30 /module/examples/other/stm_gap8_cpx/BUILD/GAP8_V2/GCC_RISCV_FREERTOS//gap_sdk/rtos/freeRTOS/vendors/gwt/pmsis/rtos/os/pmsis_task.o
                0x000000001c0061fe                __pi_task_wait_on
 .text.__pi_task_push_locked
                0x000000001c00622e       0x8a /module/examples/other/stm_gap8_cpx/BUILD/GAP8_V2/GCC_RISCV_FREERTOS//gap_sdk/rtos/freeRTOS/vendors/gwt/pmsis/rtos/os/pmsis_task.o
                0x000000001c00622e                __pi_task_push_locked
 .text.pi_task_release
                0x000000001c0062b8       0x4e /module/examples/other/stm_gap8_cpx/BUILD/GAP8_V2/GCC_RISCV_FREERTOS//gap_sdk/rtos/freeRTOS/vendors/gwt/pmsis/rtos/os/pmsis_task.o
                0x000000001c0062b8                pi_task_release
 .text.pi_cl_pi_task_wait
                0x000000001c006306       0x28 /module/examples/other/stm_gap8_cpx/BUILD/GAP8_V2/GCC_RISCV_FREERTOS//gap_sdk/rtos/freeRTOS/vendors/gwt/pmsis/rtos/os/pmsis_task.o
                0x000000001c006306                pi_cl_pi_task_wait
 .text.__os_native_kickoff
                0x000000001c00632e       0x9a /module/examples/other/stm_gap8_cpx/BUILD/GAP8_V2/GCC_RISCV_FREERTOS//gap_sdk/rtos/freeRTOS/vendors/gwt/pmsis/backend/pmsis_backend_native_task_api.o
                0x000000001c00632e                __os_native_kickoff
 .text.__pi_task_timer_irq
                0x000000001c0063c8       0x6c /module/examples/other/stm_gap8_cpx/BUILD/GAP8_V2/GCC_RISCV_FREERTOS//gap_sdk/rtos/freeRTOS/vendors/gwt/pmsis/backend/pmsis_backend_native_task_api.o
                0x000000001c0063c8                __pi_task_timer_irq
 .text.pi_task_delayed_increment_push
                0x000000001c006434       0x7a /module/examples/other/stm_gap8_cpx/BUILD/GAP8_V2/GCC_RISCV_FREERTOS//gap_sdk/rtos/freeRTOS/vendors/gwt/pmsis/backend/pmsis_backend_native_task_api.o
                0x000000001c006434                pi_task_delayed_increment_push
 .text.pxPortInitialiseStack
                0x000000001c0064ae       0x38 /module/examples/other/stm_gap8_cpx/BUILD/GAP8_V2/GCC_RISCV_FREERTOS//gap_sdk/rtos/freeRTOS/freertos_kernel/portable/GCC/RI5CY-GAP8/port.o
                0x000000001c0064ae                pxPortInitialiseStack
 .text.prvSetupTimerInterrupt
                0x000000001c0064e6        0x8 /module/examples/other/stm_gap8_cpx/BUILD/GAP8_V2/GCC_RISCV_FREERTOS//gap_sdk/rtos/freeRTOS/freertos_kernel/portable/GCC/RI5CY-GAP8/port.o
                0x000000001c0064e6                prvSetupTimerInterrupt
 .text.vPortEnter_Critical
                0x000000001c0064ee       0x14 /module/examples/other/stm_gap8_cpx/BUILD/GAP8_V2/GCC_RISCV_FREERTOS//gap_sdk/rtos/freeRTOS/freertos_kernel/portable/GCC/RI5CY-GAP8/port.o
                0x000000001c0064ee                vPortEnter_Critical
 .text.vPortExit_Critical
                0x000000001c006502       0x1c /module/examples/other/stm_gap8_cpx/BUILD/GAP8_V2/GCC_RISCV_FREERTOS//gap_sdk/rtos/freeRTOS/freertos_kernel/portable/GCC/RI5CY-GAP8/port.o
                0x000000001c006502                vPortExit_Critical
 .text.uPortSet_Interrupt_Mask_From_ISR
                0x000000001c00651e        0x6 /module/examples/other/stm_gap8_cpx/BUILD/GAP8_V2/GCC_RISCV_FREERTOS//gap_sdk/rtos/freeRTOS/freertos_kernel/portable/GCC/RI5CY-GAP8/port.o
                0x000000001c00651e                uPortSet_Interrupt_Mask_From_ISR
 .text.vPortClear_Interrupt_Mask_From_ISR
                0x000000001c006524        0x6 /module/examples/other/stm_gap8_cpx/BUILD/GAP8_V2/GCC_RISCV_FREERTOS//gap_sdk/rtos/freeRTOS/freertos_kernel/portable/GCC/RI5CY-GAP8/port.o
                0x000000001c006524                vPortClear_Interrupt_Mask_From_ISR
 .text._out_buffer
                0x000000001c00652a        0xa /module/examples/other/stm_gap8_cpx/BUILD/GAP8_V2/GCC_RISCV_FREERTOS//gap_sdk/rtos/freeRTOS/vendors/gwt/libs/printf/printf.o
 .text._out_null
                0x000000001c006534        0x2 /module/examples/other/stm_gap8_cpx/BUILD/GAP8_V2/GCC_RISCV_FREERTOS//gap_sdk/rtos/freeRTOS/vendors/gwt/libs/printf/printf.o
 .text._out_char
                0x000000001c006536        0x8 /module/examples/other/stm_gap8_cpx/BUILD/GAP8_V2/GCC_RISCV_FREERTOS//gap_sdk/rtos/freeRTOS/vendors/gwt/libs/printf/printf.o
 .text._ntoa_long
                0x000000001c00653e      0x34c /module/examples/other/stm_gap8_cpx/BUILD/GAP8_V2/GCC_RISCV_FREERTOS//gap_sdk/rtos/freeRTOS/vendors/gwt/libs/printf/printf.o
 .text._etoa    0x000000001c00688a      0x68e /module/examples/other/stm_gap8_cpx/BUILD/GAP8_V2/GCC_RISCV_FREERTOS//gap_sdk/rtos/freeRTOS/vendors/gwt/libs/printf/printf.o
 .text._ftoa.part.1
                0x000000001c006f18      0x53a /module/examples/other/stm_gap8_cpx/BUILD/GAP8_V2/GCC_RISCV_FREERTOS//gap_sdk/rtos/freeRTOS/vendors/gwt/libs/printf/printf.o
 .text._vsnprintf
                0x000000001c007452      0x7dc /module/examples/other/stm_gap8_cpx/BUILD/GAP8_V2/GCC_RISCV_FREERTOS//gap_sdk/rtos/freeRTOS/vendors/gwt/libs/printf/printf.o
 .text.printf_  0x000000001c007c2e       0x32 /module/examples/other/stm_gap8_cpx/BUILD/GAP8_V2/GCC_RISCV_FREERTOS//gap_sdk/rtos/freeRTOS/vendors/gwt/libs/printf/printf.o
                0x000000001c007c2e                printf_
 .text.vsnprintf_
                0x000000001c007c60       0x14 /module/examples/other/stm_gap8_cpx/BUILD/GAP8_V2/GCC_RISCV_FREERTOS//gap_sdk/rtos/freeRTOS/vendors/gwt/libs/printf/printf.o
                0x000000001c007c60                vsnprintf_
 .text.vListInitialise
                0x000000001c007c74       0x14 /module/examples/other/stm_gap8_cpx/BUILD/GAP8_V2/GCC_RISCV_FREERTOS//gap_sdk/rtos/freeRTOS/freertos_kernel/list.o
                0x000000001c007c74                vListInitialise
 .text.vListInitialiseItem
                0x000000001c007c88        0x6 /module/examples/other/stm_gap8_cpx/BUILD/GAP8_V2/GCC_RISCV_FREERTOS//gap_sdk/rtos/freeRTOS/freertos_kernel/list.o
                0x000000001c007c88                vListInitialiseItem
 .text.vListInsertEnd
                0x000000001c007c8e       0x18 /module/examples/other/stm_gap8_cpx/BUILD/GAP8_V2/GCC_RISCV_FREERTOS//gap_sdk/rtos/freeRTOS/freertos_kernel/list.o
                0x000000001c007c8e                vListInsertEnd
 .text.vListInsert
                0x000000001c007ca6       0x2e /module/examples/other/stm_gap8_cpx/BUILD/GAP8_V2/GCC_RISCV_FREERTOS//gap_sdk/rtos/freeRTOS/freertos_kernel/list.o
                0x000000001c007ca6                vListInsert
 .text.uxListRemove
                0x000000001c007cd4       0x22 /module/examples/other/stm_gap8_cpx/BUILD/GAP8_V2/GCC_RISCV_FREERTOS//gap_sdk/rtos/freeRTOS/freertos_kernel/list.o
                0x000000001c007cd4                uxListRemove
 .text.xQueueGenericCreateStatic
                0x000000001c007cf6       0x6a /module/examples/other/stm_gap8_cpx/BUILD/GAP8_V2/GCC_RISCV_FREERTOS//gap_sdk/rtos/freeRTOS/freertos_kernel/queue.o
                0x000000001c007cf6                xQueueGenericCreateStatic
 .text.xQueueGenericCreate
                0x000000001c007d60       0x7c /module/examples/other/stm_gap8_cpx/BUILD/GAP8_V2/GCC_RISCV_FREERTOS//gap_sdk/rtos/freeRTOS/freertos_kernel/queue.o
                0x000000001c007d60                xQueueGenericCreate
 .text.xQueueGenericSend
                0x000000001c007ddc      0x35e /module/examples/other/stm_gap8_cpx/BUILD/GAP8_V2/GCC_RISCV_FREERTOS//gap_sdk/rtos/freeRTOS/freertos_kernel/queue.o
                0x000000001c007ddc                xQueueGenericSend
 .text.xQueueCreateMutex
                0x000000001c00813a       0x80 /module/examples/other/stm_gap8_cpx/BUILD/GAP8_V2/GCC_RISCV_FREERTOS//gap_sdk/rtos/freeRTOS/freertos_kernel/queue.o
                0x000000001c00813a                xQueueCreateMutex
 .text.xQueueGenericSendFromISR
                0x000000001c0081ba      0x108 /module/examples/other/stm_gap8_cpx/BUILD/GAP8_V2/GCC_RISCV_FREERTOS//gap_sdk/rtos/freeRTOS/freertos_kernel/queue.o
                0x000000001c0081ba                xQueueGenericSendFromISR
 .text.xQueueReceive
                0x000000001c0082c2      0x2b6 /module/examples/other/stm_gap8_cpx/BUILD/GAP8_V2/GCC_RISCV_FREERTOS//gap_sdk/rtos/freeRTOS/freertos_kernel/queue.o
                0x000000001c0082c2                xQueueReceive
 .text.xQueueSemaphoreTake
                0x000000001c008578      0x2ea /module/examples/other/stm_gap8_cpx/BUILD/GAP8_V2/GCC_RISCV_FREERTOS//gap_sdk/rtos/freeRTOS/freertos_kernel/queue.o
                0x000000001c008578                xQueueSemaphoreTake
 .text.uxQueueMessagesWaiting
                0x000000001c008862       0x1c /module/examples/other/stm_gap8_cpx/BUILD/GAP8_V2/GCC_RISCV_FREERTOS//gap_sdk/rtos/freeRTOS/freertos_kernel/queue.o
                0x000000001c008862                uxQueueMessagesWaiting
 .text.vQueueAddToRegistry
                0x000000001c00887e       0x58 /module/examples/other/stm_gap8_cpx/BUILD/GAP8_V2/GCC_RISCV_FREERTOS//gap_sdk/rtos/freeRTOS/freertos_kernel/queue.o
                0x000000001c00887e                vQueueAddToRegistry
 .text.vQueueWaitForMessageRestricted
                0x000000001c0088d6       0xea /module/examples/other/stm_gap8_cpx/BUILD/GAP8_V2/GCC_RISCV_FREERTOS//gap_sdk/rtos/freeRTOS/freertos_kernel/queue.o
                0x000000001c0088d6                vQueueWaitForMessageRestricted
 .text.prvAddNewTaskToReadyList
                0x000000001c0089c0      0x15c /module/examples/other/stm_gap8_cpx/BUILD/GAP8_V2/GCC_RISCV_FREERTOS//gap_sdk/rtos/freeRTOS/freertos_kernel/tasks.o
 .text.prvIdleTask
                0x000000001c008b1c       0x90 /module/examples/other/stm_gap8_cpx/BUILD/GAP8_V2/GCC_RISCV_FREERTOS//gap_sdk/rtos/freeRTOS/freertos_kernel/tasks.o
 .text.xTaskIncrementTick.part.6
                0x000000001c008bac      0x168 /module/examples/other/stm_gap8_cpx/BUILD/GAP8_V2/GCC_RISCV_FREERTOS//gap_sdk/rtos/freeRTOS/freertos_kernel/tasks.o
 .text.xTaskCreateStatic
                0x000000001c008d14      0x186 /module/examples/other/stm_gap8_cpx/BUILD/GAP8_V2/GCC_RISCV_FREERTOS//gap_sdk/rtos/freeRTOS/freertos_kernel/tasks.o
                0x000000001c008d14                xTaskCreateStatic
 .text.xTaskCreate
                0x000000001c008e9a      0x1aa /module/examples/other/stm_gap8_cpx/BUILD/GAP8_V2/GCC_RISCV_FREERTOS//gap_sdk/rtos/freeRTOS/freertos_kernel/tasks.o
                0x000000001c008e9a                xTaskCreate
 .text.vTaskStartScheduler
                0x000000001c009044       0xf4 /module/examples/other/stm_gap8_cpx/BUILD/GAP8_V2/GCC_RISCV_FREERTOS//gap_sdk/rtos/freeRTOS/freertos_kernel/tasks.o
                0x000000001c009044                vTaskStartScheduler
 .text.vTaskSuspendAll
                0x000000001c009138       0x10 /module/examples/other/stm_gap8_cpx/BUILD/GAP8_V2/GCC_RISCV_FREERTOS//gap_sdk/rtos/freeRTOS/freertos_kernel/tasks.o
                0x000000001c009138                vTaskSuspendAll
 .text.xTaskResumeAll
                0x000000001c009148      0x13e /module/examples/other/stm_gap8_cpx/BUILD/GAP8_V2/GCC_RISCV_FREERTOS//gap_sdk/rtos/freeRTOS/freertos_kernel/tasks.o
                0x000000001c009148                xTaskResumeAll
 .text.xTaskGetTickCount
                0x000000001c009286        0xa /module/examples/other/stm_gap8_cpx/BUILD/GAP8_V2/GCC_RISCV_FREERTOS//gap_sdk/rtos/freeRTOS/freertos_kernel/tasks.o
                0x000000001c009286                xTaskGetTickCount
 .text.xTaskIncrementTick
                0x000000001c009290       0x20 /module/examples/other/stm_gap8_cpx/BUILD/GAP8_V2/GCC_RISCV_FREERTOS//gap_sdk/rtos/freeRTOS/freertos_kernel/tasks.o
                0x000000001c009290                xTaskIncrementTick
 .text.vTaskSwitchContext
                0x000000001c0092b0       0xb2 /module/examples/other/stm_gap8_cpx/BUILD/GAP8_V2/GCC_RISCV_FREERTOS//gap_sdk/rtos/freeRTOS/freertos_kernel/tasks.o
                0x000000001c0092b0                vTaskSwitchContext
 .text.vTaskPlaceOnEventList
                0x000000001c009362       0x9c /module/examples/other/stm_gap8_cpx/BUILD/GAP8_V2/GCC_RISCV_FREERTOS//gap_sdk/rtos/freeRTOS/freertos_kernel/tasks.o
                0x000000001c009362                vTaskPlaceOnEventList
 .text.vTaskPlaceOnUnorderedEventList
                0x000000001c0093fe       0xac /module/examples/other/stm_gap8_cpx/BUILD/GAP8_V2/GCC_RISCV_FREERTOS//gap_sdk/rtos/freeRTOS/freertos_kernel/tasks.o
                0x000000001c0093fe                vTaskPlaceOnUnorderedEventList
 .text.vTaskPlaceOnEventListRestricted
                0x000000001c0094aa       0xaa /module/examples/other/stm_gap8_cpx/BUILD/GAP8_V2/GCC_RISCV_FREERTOS//gap_sdk/rtos/freeRTOS/freertos_kernel/tasks.o
                0x000000001c0094aa                vTaskPlaceOnEventListRestricted
 .text.xTaskRemoveFromEventList
                0x000000001c009554       0x8e /module/examples/other/stm_gap8_cpx/BUILD/GAP8_V2/GCC_RISCV_FREERTOS//gap_sdk/rtos/freeRTOS/freertos_kernel/tasks.o
                0x000000001c009554                xTaskRemoveFromEventList
 .text.vTaskRemoveFromUnorderedEventList
                0x000000001c0095e2       0x74 /module/examples/other/stm_gap8_cpx/BUILD/GAP8_V2/GCC_RISCV_FREERTOS//gap_sdk/rtos/freeRTOS/freertos_kernel/tasks.o
                0x000000001c0095e2                vTaskRemoveFromUnorderedEventList
 .text.vTaskInternalSetTimeOutState
                0x000000001c009656       0x16 /module/examples/other/stm_gap8_cpx/BUILD/GAP8_V2/GCC_RISCV_FREERTOS//gap_sdk/rtos/freeRTOS/freertos_kernel/tasks.o
                0x000000001c009656                vTaskInternalSetTimeOutState
 .text.xTaskCheckForTimeOut
                0x000000001c00966c       0x84 /module/examples/other/stm_gap8_cpx/BUILD/GAP8_V2/GCC_RISCV_FREERTOS//gap_sdk/rtos/freeRTOS/freertos_kernel/tasks.o
                0x000000001c00966c                xTaskCheckForTimeOut
 .text.vTaskMissedYield
                0x000000001c0096f0        0xc /module/examples/other/stm_gap8_cpx/BUILD/GAP8_V2/GCC_RISCV_FREERTOS//gap_sdk/rtos/freeRTOS/freertos_kernel/tasks.o
                0x000000001c0096f0                vTaskMissedYield
 .text.xTaskGetCurrentTaskHandle
                0x000000001c0096fc        0xa /module/examples/other/stm_gap8_cpx/BUILD/GAP8_V2/GCC_RISCV_FREERTOS//gap_sdk/rtos/freeRTOS/freertos_kernel/tasks.o
                0x000000001c0096fc                xTaskGetCurrentTaskHandle
 .text.xTaskGetSchedulerState
                0x000000001c009706       0x1c /module/examples/other/stm_gap8_cpx/BUILD/GAP8_V2/GCC_RISCV_FREERTOS//gap_sdk/rtos/freeRTOS/freertos_kernel/tasks.o
                0x000000001c009706                xTaskGetSchedulerState
 .text.xTaskPriorityInherit
                0x000000001c009722       0xb0 /module/examples/other/stm_gap8_cpx/BUILD/GAP8_V2/GCC_RISCV_FREERTOS//gap_sdk/rtos/freeRTOS/freertos_kernel/tasks.o
                0x000000001c009722                xTaskPriorityInherit
 .text.xTaskPriorityDisinherit
                0x000000001c0097d2       0x70 /module/examples/other/stm_gap8_cpx/BUILD/GAP8_V2/GCC_RISCV_FREERTOS//gap_sdk/rtos/freeRTOS/freertos_kernel/tasks.o
                0x000000001c0097d2                xTaskPriorityDisinherit
 .text.vTaskPriorityDisinheritAfterTimeout
                0x000000001c009842       0x94 /module/examples/other/stm_gap8_cpx/BUILD/GAP8_V2/GCC_RISCV_FREERTOS//gap_sdk/rtos/freeRTOS/freertos_kernel/tasks.o
                0x000000001c009842                vTaskPriorityDisinheritAfterTimeout
 .text.uxTaskResetEventItemValue
                0x000000001c0098d6       0x1a /module/examples/other/stm_gap8_cpx/BUILD/GAP8_V2/GCC_RISCV_FREERTOS//gap_sdk/rtos/freeRTOS/freertos_kernel/tasks.o
                0x000000001c0098d6                uxTaskResetEventItemValue
 .text.pvTaskIncrementMutexHeldCount
                0x000000001c0098f0       0x18 /module/examples/other/stm_gap8_cpx/BUILD/GAP8_V2/GCC_RISCV_FREERTOS//gap_sdk/rtos/freeRTOS/freertos_kernel/tasks.o
                0x000000001c0098f0                pvTaskIncrementMutexHeldCount
 .text.ulTaskGenericNotifyTake
                0x000000001c009908       0xf8 /module/examples/other/stm_gap8_cpx/BUILD/GAP8_V2/GCC_RISCV_FREERTOS//gap_sdk/rtos/freeRTOS/freertos_kernel/tasks.o
                0x000000001c009908                ulTaskGenericNotifyTake
 .text.vTaskGenericNotifyGiveFromISR
                0x000000001c009a00       0xc0 /module/examples/other/stm_gap8_cpx/BUILD/GAP8_V2/GCC_RISCV_FREERTOS//gap_sdk/rtos/freeRTOS/freertos_kernel/tasks.o
                0x000000001c009a00                vTaskGenericNotifyGiveFromISR
 .text.prvTimerTask
                0x000000001c009ac0      0x35e /module/examples/other/stm_gap8_cpx/BUILD/GAP8_V2/GCC_RISCV_FREERTOS//gap_sdk/rtos/freeRTOS/freertos_kernel/timers.o
 .text.xTimerCreateTimerTask
                0x000000001c009e1e       0xc2 /module/examples/other/stm_gap8_cpx/BUILD/GAP8_V2/GCC_RISCV_FREERTOS//gap_sdk/rtos/freeRTOS/freertos_kernel/timers.o
                0x000000001c009e1e                xTimerCreateTimerTask
 .text.xTimerPendFunctionCallFromISR
                0x000000001c009ee0       0x28 /module/examples/other/stm_gap8_cpx/BUILD/GAP8_V2/GCC_RISCV_FREERTOS//gap_sdk/rtos/freeRTOS/freertos_kernel/timers.o
                0x000000001c009ee0                xTimerPendFunctionCallFromISR
 .text.xEventGroupCreate
                0x000000001c009f08       0x26 /module/examples/other/stm_gap8_cpx/BUILD/GAP8_V2/GCC_RISCV_FREERTOS//gap_sdk/rtos/freeRTOS/freertos_kernel/event_groups.o
                0x000000001c009f08                xEventGroupCreate
 .text.xEventGroupWaitBits
                0x000000001c009f2e       0xdc /module/examples/other/stm_gap8_cpx/BUILD/GAP8_V2/GCC_RISCV_FREERTOS//gap_sdk/rtos/freeRTOS/freertos_kernel/event_groups.o
                0x000000001c009f2e                xEventGroupWaitBits
 .text.xEventGroupSetBits
                0x000000001c00a00a       0x9a /module/examples/other/stm_gap8_cpx/BUILD/GAP8_V2/GCC_RISCV_FREERTOS//gap_sdk/rtos/freeRTOS/freertos_kernel/event_groups.o
                0x000000001c00a00a                xEventGroupSetBits
 .text.vEventGroupSetBitsCallback
                0x000000001c00a0a4       0x96 /module/examples/other/stm_gap8_cpx/BUILD/GAP8_V2/GCC_RISCV_FREERTOS//gap_sdk/rtos/freeRTOS/freertos_kernel/event_groups.o
                0x000000001c00a0a4                vEventGroupSetBitsCallback
 .text.vApplicationIdleHook
                0x000000001c00a13a       0x16 /module/examples/other/stm_gap8_cpx/BUILD/GAP8_V2/GCC_RISCV_FREERTOS//gap_sdk/rtos/freeRTOS/demos/gwt/config/gap8/FreeRTOS_util.o
                0x000000001c00a13a                vApplicationIdleHook
 .text.vApplicationGetIdleTaskMemory
                0x000000001c00a150       0x18 /module/examples/other/stm_gap8_cpx/BUILD/GAP8_V2/GCC_RISCV_FREERTOS//gap_sdk/rtos/freeRTOS/demos/gwt/config/gap8/FreeRTOS_util.o
                0x000000001c00a150                vApplicationGetIdleTaskMemory
 .text.vApplicationGetTimerTaskMemory
                0x000000001c00a168       0x1c /module/examples/other/stm_gap8_cpx/BUILD/GAP8_V2/GCC_RISCV_FREERTOS//gap_sdk/rtos/freeRTOS/demos/gwt/config/gap8/FreeRTOS_util.o
                0x000000001c00a168                vApplicationGetTimerTaskMemory
                0x000000001c00a184                . = ALIGN (0x4)
                0x000000001c00a184                __cluster_text_start = .
 *(.cluster.text)
 *(.cluster.text.*)
                0x000000001c00a184                __cluster_text_end = .
                0x000000001c00a184                _etext = .
 *(.lit)
 *(.shdata)
                0x000000001c00a184                _endtext = .

.ctors          0x000000001c00a184        0x0
                0x000000001c00a184                . = ALIGN (0x4)
                0x000000001c00a184                __CTOR_LIST__ = .
 *crtbegin.o(.ctors)
 *crtbegin?.o(.ctors)
 *(EXCLUDE_FILE(*crtend.o *crtend?.o) .ctors)
 *(SORT(.ctors.*))
 *(.ctors)
                0x000000001c00a184                __CTOR_END__ = .

.dtors          0x000000001c00a184        0x0
                0x000000001c00a184                . = ALIGN (0x4)
                0x000000001c00a184                __DTOR_LIST__ = .
 *crtbegin.o(.dtors)
 *crtbegin?.o(.dtors)
 *(EXCLUDE_FILE(*crtend.o *crtend?.o) .dtors)
 *(SORT(.dtors.*))
 *(.dtors)
                0x000000001c00a184                __DTOR_END__ = .

.preinit_array  0x000000001c00a184        0x0
                [!provide]                        PROVIDE (__preinit_array_start, .)
 *(.preinit_array*)
                [!provide]                        PROVIDE (__preinit_array_end, .)

.init_array     0x000000001c00a184        0x0
                [!provide]                        PROVIDE (__init_array_start, .)
 *(SORT(.init_array.*))
 *(.init_array*)
                [!provide]                        PROVIDE (__init_array_end, .)

.fini_array     0x000000001c00a184        0x0
                [!provide]                        PROVIDE (__fini_array_start, .)
 *(SORT(.fini_array.*))
 *(.fini_array*)
                [!provide]                        PROVIDE (__fini_array_end, .)

.rodata         0x000000001c00a188      0x318
                0x000000001c00a188                . = ALIGN (0x4)
 *(.rodata)
 .rodata        0x000000001c00a188       0x3c /usr/lib/gap_riscv_toolchain/bin/../lib/gcc/riscv32-unknown-elf/7.1.1/rv32imcxgap8/ilp32/libgcc.a(divdf3.o)
 .rodata        0x000000001c00a1c4       0x3c /usr/lib/gap_riscv_toolchain/bin/../lib/gcc/riscv32-unknown-elf/7.1.1/rv32imcxgap8/ilp32/libgcc.a(muldf3.o)
 *(.rodata.*)
 .rodata.start_example.str1.4
                0x000000001c00a200       0x1a /module/examples/other/stm_gap8_cpx/BUILD/GAP8_V2/GCC_RISCV_FREERTOS/stm_gap8_cpx.o
 *fill*         0x000000001c00a21a        0x2 
 .rodata.com_init.str1.4
                0x000000001c00a21c       0x35 /module/examples/other/stm_gap8_cpx/BUILD/GAP8_V2/GCC_RISCV_FREERTOS/../../../lib/cpx/src/com.o
 *fill*         0x000000001c00a251        0x3 
 .rodata.cpxInit.str1.4
                0x000000001c00a254       0x2a /module/examples/other/stm_gap8_cpx/BUILD/GAP8_V2/GCC_RISCV_FREERTOS/../../../lib/cpx/src/cpx.o
 *fill*         0x000000001c00a27e        0x2 
 .rodata.cpx_rx_task.str1.4
                0x000000001c00a280       0x20 /module/examples/other/stm_gap8_cpx/BUILD/GAP8_V2/GCC_RISCV_FREERTOS/../../../lib/cpx/src/cpx.o
 .rodata.__func__.11126
                0x000000001c00a2a0        0xe /module/examples/other/stm_gap8_cpx/BUILD/GAP8_V2/GCC_RISCV_FREERTOS//gap_sdk/rtos/freeRTOS/vendors/gwt/gap8/pmsis/drivers/udma/spi/spi_internal.o
 *fill*         0x000000001c00a2ae        0x2 
 .rodata.__pi_spi_open.str1.4
                0x000000001c00a2b0       0x61 /module/examples/other/stm_gap8_cpx/BUILD/GAP8_V2/GCC_RISCV_FREERTOS//gap_sdk/rtos/freeRTOS/vendors/gwt/gap8/pmsis/drivers/udma/spi/spi_internal.o
 *fill*         0x000000001c00a311        0x3 
 .rodata.pmsis_event_kernel_init.str1.4
                0x000000001c00a314       0x2a /module/examples/other/stm_gap8_cpx/BUILD/GAP8_V2/GCC_RISCV_FREERTOS//gap_sdk/rtos/freeRTOS/vendors/gwt/pmsis/rtos/event_kernel/event_kernel.o
 *fill*         0x000000001c00a33e        0x2 
 .rodata.pi_l2_malloc.str1.4
                0x000000001c00a340        0xf /module/examples/other/stm_gap8_cpx/BUILD/GAP8_V2/GCC_RISCV_FREERTOS//gap_sdk/rtos/freeRTOS/vendors/gwt/pmsis/rtos/malloc/l2_malloc.o
 *fill*         0x000000001c00a34f        0x1 
 .rodata.__os_native_kickoff.str1.4
                0x000000001c00a350       0x3c /module/examples/other/stm_gap8_cpx/BUILD/GAP8_V2/GCC_RISCV_FREERTOS//gap_sdk/rtos/freeRTOS/vendors/gwt/pmsis/backend/pmsis_backend_native_task_api.o
 *fill*         0x000000001c00a38c        0x4 
 .rodata._etoa.cst8
                0x000000001c00a390       0x90 /module/examples/other/stm_gap8_cpx/BUILD/GAP8_V2/GCC_RISCV_FREERTOS//gap_sdk/rtos/freeRTOS/vendors/gwt/libs/printf/printf.o
 .rodata._etoa.str1.4
                0x000000001c00a420       0x15 /module/examples/other/stm_gap8_cpx/BUILD/GAP8_V2/GCC_RISCV_FREERTOS//gap_sdk/rtos/freeRTOS/vendors/gwt/libs/printf/printf.o
 *fill*         0x000000001c00a435        0x3 
 .rodata._ftoa.part.1.cst8
                0x000000001c00a438        0x8 /module/examples/other/stm_gap8_cpx/BUILD/GAP8_V2/GCC_RISCV_FREERTOS//gap_sdk/rtos/freeRTOS/vendors/gwt/libs/printf/printf.o
 .rodata.pow10.1787
                0x000000001c00a440       0x50 /module/examples/other/stm_gap8_cpx/BUILD/GAP8_V2/GCC_RISCV_FREERTOS//gap_sdk/rtos/freeRTOS/vendors/gwt/libs/printf/printf.o
 .rodata.xTimerCreateTimerTask.str1.4
                0x000000001c00a490       0x10 /module/examples/other/stm_gap8_cpx/BUILD/GAP8_V2/GCC_RISCV_FREERTOS//gap_sdk/rtos/freeRTOS/freertos_kernel/timers.o
 *(.srodata)
 *(.srodata.*)
 *(.eh_frame*)

.rela.dyn       0x000000001c00a4a0        0x0
 .rela.text.start_example
                0x000000001c00a4a0        0x0 /module/examples/other/stm_gap8_cpx/BUILD/GAP8_V2/GCC_RISCV_FREERTOS/stm_gap8_cpx.o
 .rela.text.startup.main
                0x000000001c00a4a0        0x0 /module/examples/other/stm_gap8_cpx/BUILD/GAP8_V2/GCC_RISCV_FREERTOS/stm_gap8_cpx.o
 .rela.text.vDataReadyISR
                0x000000001c00a4a0        0x0 /module/examples/other/stm_gap8_cpx/BUILD/GAP8_V2/GCC_RISCV_FREERTOS/stm_gap8_cpx.o
 .rela.text.com_task
                0x000000001c00a4a0        0x0 /module/examples/other/stm_gap8_cpx/BUILD/GAP8_V2/GCC_RISCV_FREERTOS/stm_gap8_cpx.o
 .rela.text.set_gap8_rtt_pin
                0x000000001c00a4a0        0x0 /module/examples/other/stm_gap8_cpx/BUILD/GAP8_V2/GCC_RISCV_FREERTOS/stm_gap8_cpx.o
 .rela.text.com_init
                0x000000001c00a4a0        0x0 /module/examples/other/stm_gap8_cpx/BUILD/GAP8_V2/GCC_RISCV_FREERTOS/stm_gap8_cpx.o
 .rela.text.com_read
                0x000000001c00a4a0        0x0 /module/examples/other/stm_gap8_cpx/BUILD/GAP8_V2/GCC_RISCV_FREERTOS/stm_gap8_cpx.o
 .rela.text.com_write
                0x000000001c00a4a0        0x0 /module/examples/other/stm_gap8_cpx/BUILD/GAP8_V2/GCC_RISCV_FREERTOS/stm_gap8_cpx.o
 .rela.text.cpx_rx_task
                0x000000001c00a4a0        0x0 /module/examples/other/stm_gap8_cpx/BUILD/GAP8_V2/GCC_RISCV_FREERTOS/stm_gap8_cpx.o
 .rela.text.cpxEnableFunction
                0x000000001c00a4a0        0x0 /module/examples/other/stm_gap8_cpx/BUILD/GAP8_V2/GCC_RISCV_FREERTOS/stm_gap8_cpx.o
 .rela.text.cpxReceivePacketBlocking
                0x000000001c00a4a0        0x0 /module/examples/other/stm_gap8_cpx/BUILD/GAP8_V2/GCC_RISCV_FREERTOS/stm_gap8_cpx.o
 .rela.text.cpxSendPacketBlocking
                0x000000001c00a4a0        0x0 /module/examples/other/stm_gap8_cpx/BUILD/GAP8_V2/GCC_RISCV_FREERTOS/stm_gap8_cpx.o
 .rela.text.cpxPrintToConsole
                0x000000001c00a4a0        0x0 /module/examples/other/stm_gap8_cpx/BUILD/GAP8_V2/GCC_RISCV_FREERTOS/stm_gap8_cpx.o
 .rela.text.cpxInit
                0x000000001c00a4a0        0x0 /module/examples/other/stm_gap8_cpx/BUILD/GAP8_V2/GCC_RISCV_FREERTOS/stm_gap8_cpx.o
 .rela.text     0x000000001c00a4a0        0x0 /module/examples/other/stm_gap8_cpx/BUILD/GAP8_V2/GCC_RISCV_FREERTOS/stm_gap8_cpx.o
 .rela.text.reset
                0x000000001c00a4a0        0x0 /module/examples/other/stm_gap8_cpx/BUILD/GAP8_V2/GCC_RISCV_FREERTOS/stm_gap8_cpx.o
 .rela.vectors_irq
                0x000000001c00a4a0        0x0 /module/examples/other/stm_gap8_cpx/BUILD/GAP8_V2/GCC_RISCV_FREERTOS/stm_gap8_cpx.o
 .rela.text.system_init
                0x000000001c00a4a0        0x0 /module/examples/other/stm_gap8_cpx/BUILD/GAP8_V2/GCC_RISCV_FREERTOS/stm_gap8_cpx.o
 .rela.text.system_setup_systick
                0x000000001c00a4a0        0x0 /module/examples/other/stm_gap8_cpx/BUILD/GAP8_V2/GCC_RISCV_FREERTOS/stm_gap8_cpx.o
 .rela.text.system_core_clock_update
                0x000000001c00a4a0        0x0 /module/examples/other/stm_gap8_cpx/BUILD/GAP8_V2/GCC_RISCV_FREERTOS/stm_gap8_cpx.o
 .rela.text.system_setup_timer
                0x000000001c00a4a0        0x0 /module/examples/other/stm_gap8_cpx/BUILD/GAP8_V2/GCC_RISCV_FREERTOS/stm_gap8_cpx.o
 .rela.text.system_usermode_entry
                0x000000001c00a4a0        0x0 /module/examples/other/stm_gap8_cpx/BUILD/GAP8_V2/GCC_RISCV_FREERTOS/stm_gap8_cpx.o
 .rela.text.system_exit
                0x000000001c00a4a0        0x0 /module/examples/other/stm_gap8_cpx/BUILD/GAP8_V2/GCC_RISCV_FREERTOS/stm_gap8_cpx.o
 .rela.text._isr_default
                0x000000001c00a4a0        0x0 /module/examples/other/stm_gap8_cpx/BUILD/GAP8_V2/GCC_RISCV_FREERTOS/stm_gap8_cpx.o
 .rela.text.uTaskCheckQuantum
                0x000000001c00a4a0        0x0 /module/examples/other/stm_gap8_cpx/BUILD/GAP8_V2/GCC_RISCV_FREERTOS/stm_gap8_cpx.o
 .rela.text._ill_insn_print
                0x000000001c00a4a0        0x0 /module/examples/other/stm_gap8_cpx/BUILD/GAP8_V2/GCC_RISCV_FREERTOS/stm_gap8_cpx.o
 .rela.text.__uart_putc_cluster_req
                0x000000001c00a4a0        0x0 /module/examples/other/stm_gap8_cpx/BUILD/GAP8_V2/GCC_RISCV_FREERTOS/stm_gap8_cpx.o
 .rela.text.printf_uart_init
                0x000000001c00a4a0        0x0 /module/examples/other/stm_gap8_cpx/BUILD/GAP8_V2/GCC_RISCV_FREERTOS/stm_gap8_cpx.o
 .rela.text.__io_lock
                0x000000001c00a4a0        0x0 /module/examples/other/stm_gap8_cpx/BUILD/GAP8_V2/GCC_RISCV_FREERTOS/stm_gap8_cpx.o
 .rela.text.__io_unlock
                0x000000001c00a4a0        0x0 /module/examples/other/stm_gap8_cpx/BUILD/GAP8_V2/GCC_RISCV_FREERTOS/stm_gap8_cpx.o
 .rela.text._putchar
                0x000000001c00a4a0        0x0 /module/examples/other/stm_gap8_cpx/BUILD/GAP8_V2/GCC_RISCV_FREERTOS/stm_gap8_cpx.o
 .rela.text.puts
                0x000000001c00a4a0        0x0 /module/examples/other/stm_gap8_cpx/BUILD/GAP8_V2/GCC_RISCV_FREERTOS/stm_gap8_cpx.o
 .rela.text.system_exit_printf_flush
                0x000000001c00a4a0        0x0 /module/examples/other/stm_gap8_cpx/BUILD/GAP8_V2/GCC_RISCV_FREERTOS/stm_gap8_cpx.o
 .rela.sdata.g_lock
                0x000000001c00a4a0        0x0 /module/examples/other/stm_gap8_cpx/BUILD/GAP8_V2/GCC_RISCV_FREERTOS/stm_gap8_cpx.o
 .rela.sdata.g_unlock
                0x000000001c00a4a0        0x0 /module/examples/other/stm_gap8_cpx/BUILD/GAP8_V2/GCC_RISCV_FREERTOS/stm_gap8_cpx.o
 .rela.text.__pi_cl_delegate_l2_alloc
                0x000000001c00a4a0        0x0 /module/examples/other/stm_gap8_cpx/BUILD/GAP8_V2/GCC_RISCV_FREERTOS/stm_gap8_cpx.o
 .rela.text.__pi_cl_delegate_l2_free
                0x000000001c00a4a0        0x0 /module/examples/other/stm_gap8_cpx/BUILD/GAP8_V2/GCC_RISCV_FREERTOS/stm_gap8_cpx.o
 .rela.text.pi_cl_l2_malloc
                0x000000001c00a4a0        0x0 /module/examples/other/stm_gap8_cpx/BUILD/GAP8_V2/GCC_RISCV_FREERTOS/stm_gap8_cpx.o
 .rela.text.pi_cl_l2_free
                0x000000001c00a4a0        0x0 /module/examples/other/stm_gap8_cpx/BUILD/GAP8_V2/GCC_RISCV_FREERTOS/stm_gap8_cpx.o
 .rela.text.cl_notify_fc_event_handler
                0x000000001c00a4a0        0x0 /module/examples/other/stm_gap8_cpx/BUILD/GAP8_V2/GCC_RISCV_FREERTOS/stm_gap8_cpx.o
 .rela.text.pi_cl_send_task_to_fc
                0x000000001c00a4a0        0x0 /module/examples/other/stm_gap8_cpx/BUILD/GAP8_V2/GCC_RISCV_FREERTOS/stm_gap8_cpx.o
 .rela.text.pi_cluster_open_async
                0x000000001c00a4a0        0x0 /module/examples/other/stm_gap8_cpx/BUILD/GAP8_V2/GCC_RISCV_FREERTOS/stm_gap8_cpx.o
 .rela.text.__os_native_api_mutex_lock
                0x000000001c00a4a0        0x0 /module/examples/other/stm_gap8_cpx/BUILD/GAP8_V2/GCC_RISCV_FREERTOS/stm_gap8_cpx.o
 .rela.text.__os_native_api_mutex_release
                0x000000001c00a4a0        0x0 /module/examples/other/stm_gap8_cpx/BUILD/GAP8_V2/GCC_RISCV_FREERTOS/stm_gap8_cpx.o
 .rela.text.pi_cluster_close
                0x000000001c00a4a0        0x0 /module/examples/other/stm_gap8_cpx/BUILD/GAP8_V2/GCC_RISCV_FREERTOS/stm_gap8_cpx.o
 .rela.text.pi_cluster_open
                0x000000001c00a4a0        0x0 /module/examples/other/stm_gap8_cpx/BUILD/GAP8_V2/GCC_RISCV_FREERTOS/stm_gap8_cpx.o
 .rela.text.cl_task_finish
                0x000000001c00a4a0        0x0 /module/examples/other/stm_gap8_cpx/BUILD/GAP8_V2/GCC_RISCV_FREERTOS/stm_gap8_cpx.o
 .rela.text.pi_cluster_send_task_to_cl
                0x000000001c00a4a0        0x0 /module/examples/other/stm_gap8_cpx/BUILD/GAP8_V2/GCC_RISCV_FREERTOS/stm_gap8_cpx.o
 .rela.text.pi_cluster_send_task_to_cl_async
                0x000000001c00a4a0        0x0 /module/examples/other/stm_gap8_cpx/BUILD/GAP8_V2/GCC_RISCV_FREERTOS/stm_gap8_cpx.o
 .rela.text.__pi_cl_delegate_hyper_alloc
                0x000000001c00a4a0        0x0 /module/examples/other/stm_gap8_cpx/BUILD/GAP8_V2/GCC_RISCV_FREERTOS/stm_gap8_cpx.o
 .rela.text.__pi_cl_delegate_hyper_free
                0x000000001c00a4a0        0x0 /module/examples/other/stm_gap8_cpx/BUILD/GAP8_V2/GCC_RISCV_FREERTOS/stm_gap8_cpx.o
 .rela.text.__pi_cl_delegate_hyper_copy
                0x000000001c00a4a0        0x0 /module/examples/other/stm_gap8_cpx/BUILD/GAP8_V2/GCC_RISCV_FREERTOS/stm_gap8_cpx.o
 .rela.text.__pi_cl_hyper_copy_task_done
                0x000000001c00a4a0        0x0 /module/examples/other/stm_gap8_cpx/BUILD/GAP8_V2/GCC_RISCV_FREERTOS/stm_gap8_cpx.o
 .rela.text.__pi_cl_hyper_copy
                0x000000001c00a4a0        0x0 /module/examples/other/stm_gap8_cpx/BUILD/GAP8_V2/GCC_RISCV_FREERTOS/stm_gap8_cpx.o
 .rela.text.__pi_cl_hyper_copy_2d
                0x000000001c00a4a0        0x0 /module/examples/other/stm_gap8_cpx/BUILD/GAP8_V2/GCC_RISCV_FREERTOS/stm_gap8_cpx.o
 .rela.text.pi_cl_hyperram_alloc
                0x000000001c00a4a0        0x0 /module/examples/other/stm_gap8_cpx/BUILD/GAP8_V2/GCC_RISCV_FREERTOS/stm_gap8_cpx.o
 .rela.text.pi_cl_hyperram_free
                0x000000001c00a4a0        0x0 /module/examples/other/stm_gap8_cpx/BUILD/GAP8_V2/GCC_RISCV_FREERTOS/stm_gap8_cpx.o
 .rela.text.__pi_cl_uart_delegate_copy
                0x000000001c00a4a0        0x0 /module/examples/other/stm_gap8_cpx/BUILD/GAP8_V2/GCC_RISCV_FREERTOS/stm_gap8_cpx.o
 .rela.text.pi_cl_uart_write
                0x000000001c00a4a0        0x0 /module/examples/other/stm_gap8_cpx/BUILD/GAP8_V2/GCC_RISCV_FREERTOS/stm_gap8_cpx.o
 .rela.text.pi_cl_uart_write_byte
                0x000000001c00a4a0        0x0 /module/examples/other/stm_gap8_cpx/BUILD/GAP8_V2/GCC_RISCV_FREERTOS/stm_gap8_cpx.o
 .rela.text.pi_cl_uart_read
                0x000000001c00a4a0        0x0 /module/examples/other/stm_gap8_cpx/BUILD/GAP8_V2/GCC_RISCV_FREERTOS/stm_gap8_cpx.o
 .rela.text.pi_cl_uart_read_byte
                0x000000001c00a4a0        0x0 /module/examples/other/stm_gap8_cpx/BUILD/GAP8_V2/GCC_RISCV_FREERTOS/stm_gap8_cpx.o
 .rela.text.gpio_handler
                0x000000001c00a4a0        0x0 /module/examples/other/stm_gap8_cpx/BUILD/GAP8_V2/GCC_RISCV_FREERTOS/stm_gap8_cpx.o
 .rela.text.pi_gpio_open
                0x000000001c00a4a0        0x0 /module/examples/other/stm_gap8_cpx/BUILD/GAP8_V2/GCC_RISCV_FREERTOS/stm_gap8_cpx.o
 .rela.text.pi_gpio_close
                0x000000001c00a4a0        0x0 /module/examples/other/stm_gap8_cpx/BUILD/GAP8_V2/GCC_RISCV_FREERTOS/stm_gap8_cpx.o
 .rela.text.pi_gpio_pin_configure
                0x000000001c00a4a0        0x0 /module/examples/other/stm_gap8_cpx/BUILD/GAP8_V2/GCC_RISCV_FREERTOS/stm_gap8_cpx.o
 .rela.text.pi_pmu_voltage_set
                0x000000001c00a4a0        0x0 /module/examples/other/stm_gap8_cpx/BUILD/GAP8_V2/GCC_RISCV_FREERTOS/stm_gap8_cpx.o
 .rela.text.pi_pmu_state_get
                0x000000001c00a4a0        0x0 /module/examples/other/stm_gap8_cpx/BUILD/GAP8_V2/GCC_RISCV_FREERTOS/stm_gap8_cpx.o
 .rela.text.pi_pmu_boot_state_get
                0x000000001c00a4a0        0x0 /module/examples/other/stm_gap8_cpx/BUILD/GAP8_V2/GCC_RISCV_FREERTOS/stm_gap8_cpx.o
 .rela.text.pi_pmu_sleep_mode_set
                0x000000001c00a4a0        0x0 /module/examples/other/stm_gap8_cpx/BUILD/GAP8_V2/GCC_RISCV_FREERTOS/stm_gap8_cpx.o
 .rela.text.pi_pmu_sleep_mode_enable
                0x000000001c00a4a0        0x0 /module/examples/other/stm_gap8_cpx/BUILD/GAP8_V2/GCC_RISCV_FREERTOS/stm_gap8_cpx.o
 .rela.text.__pi_pmu_handler
                0x000000001c00a4a0        0x0 /module/examples/other/stm_gap8_cpx/BUILD/GAP8_V2/GCC_RISCV_FREERTOS/stm_gap8_cpx.o
 .rela.text.__pi_pmu_voltage_set
                0x000000001c00a4a0        0x0 /module/examples/other/stm_gap8_cpx/BUILD/GAP8_V2/GCC_RISCV_FREERTOS/stm_gap8_cpx.o
 .rela.text.__pi_pmu_sleep_mode_enable
                0x000000001c00a4a0        0x0 /module/examples/other/stm_gap8_cpx/BUILD/GAP8_V2/GCC_RISCV_FREERTOS/stm_gap8_cpx.o
 .rela.text.__pi_pmu_cluster_power_on
                0x000000001c00a4a0        0x0 /module/examples/other/stm_gap8_cpx/BUILD/GAP8_V2/GCC_RISCV_FREERTOS/stm_gap8_cpx.o
 .rela.text.__pi_pmu_cluster_power_off
                0x000000001c00a4a0        0x0 /module/examples/other/stm_gap8_cpx/BUILD/GAP8_V2/GCC_RISCV_FREERTOS/stm_gap8_cpx.o
 .rela.text.pi_pwm_conf_init
                0x000000001c00a4a0        0x0 /module/examples/other/stm_gap8_cpx/BUILD/GAP8_V2/GCC_RISCV_FREERTOS/stm_gap8_cpx.o
 .rela.text.pi_pwm_open
                0x000000001c00a4a0        0x0 /module/examples/other/stm_gap8_cpx/BUILD/GAP8_V2/GCC_RISCV_FREERTOS/stm_gap8_cpx.o
 .rela.text.pi_pwm_close
                0x000000001c00a4a0        0x0 /module/examples/other/stm_gap8_cpx/BUILD/GAP8_V2/GCC_RISCV_FREERTOS/stm_gap8_cpx.o
 .rela.text.pi_pwm_ioctl
                0x000000001c00a4a0        0x0 /module/examples/other/stm_gap8_cpx/BUILD/GAP8_V2/GCC_RISCV_FREERTOS/stm_gap8_cpx.o
 .rela.text.pi_pwm_counter_get
                0x000000001c00a4a0        0x0 /module/examples/other/stm_gap8_cpx/BUILD/GAP8_V2/GCC_RISCV_FREERTOS/stm_gap8_cpx.o
 .rela.text.pi_pwm_duty_cycle_set
                0x000000001c00a4a0        0x0 /module/examples/other/stm_gap8_cpx/BUILD/GAP8_V2/GCC_RISCV_FREERTOS/stm_gap8_cpx.o
 .rela.text.__pi_pwm_handler
                0x000000001c00a4a0        0x0 /module/examples/other/stm_gap8_cpx/BUILD/GAP8_V2/GCC_RISCV_FREERTOS/stm_gap8_cpx.o
 .rela.text.__pi_pwm_open
                0x000000001c00a4a0        0x0 /module/examples/other/stm_gap8_cpx/BUILD/GAP8_V2/GCC_RISCV_FREERTOS/stm_gap8_cpx.o
 .rela.text.__pi_pwm_close
                0x000000001c00a4a0        0x0 /module/examples/other/stm_gap8_cpx/BUILD/GAP8_V2/GCC_RISCV_FREERTOS/stm_gap8_cpx.o
 .rela.text.pi_rtc_conf_init
                0x000000001c00a4a0        0x0 /module/examples/other/stm_gap8_cpx/BUILD/GAP8_V2/GCC_RISCV_FREERTOS/stm_gap8_cpx.o
 .rela.text.pi_rtc_open
                0x000000001c00a4a0        0x0 /module/examples/other/stm_gap8_cpx/BUILD/GAP8_V2/GCC_RISCV_FREERTOS/stm_gap8_cpx.o
 .rela.text.pi_rtc_close
                0x000000001c00a4a0        0x0 /module/examples/other/stm_gap8_cpx/BUILD/GAP8_V2/GCC_RISCV_FREERTOS/stm_gap8_cpx.o
 .rela.text.pi_rtc_datetime_set
                0x000000001c00a4a0        0x0 /module/examples/other/stm_gap8_cpx/BUILD/GAP8_V2/GCC_RISCV_FREERTOS/stm_gap8_cpx.o
 .rela.text.pi_rtc_datetime_get
                0x000000001c00a4a0        0x0 /module/examples/other/stm_gap8_cpx/BUILD/GAP8_V2/GCC_RISCV_FREERTOS/stm_gap8_cpx.o
 .rela.text.pi_rtc_alarm_set
                0x000000001c00a4a0        0x0 /module/examples/other/stm_gap8_cpx/BUILD/GAP8_V2/GCC_RISCV_FREERTOS/stm_gap8_cpx.o
 .rela.text.pi_rtc_alarm_get
                0x000000001c00a4a0        0x0 /module/examples/other/stm_gap8_cpx/BUILD/GAP8_V2/GCC_RISCV_FREERTOS/stm_gap8_cpx.o
 .rela.text.pi_rtc_timer_set
                0x000000001c00a4a0        0x0 /module/examples/other/stm_gap8_cpx/BUILD/GAP8_V2/GCC_RISCV_FREERTOS/stm_gap8_cpx.o
 .rela.text.pi_rtc_timer_get
                0x000000001c00a4a0        0x0 /module/examples/other/stm_gap8_cpx/BUILD/GAP8_V2/GCC_RISCV_FREERTOS/stm_gap8_cpx.o
 .rela.text.pi_rtc_ioctl
                0x000000001c00a4a0        0x0 /module/examples/other/stm_gap8_cpx/BUILD/GAP8_V2/GCC_RISCV_FREERTOS/stm_gap8_cpx.o
 .rela.text.__pi_rtc_datetime_check
                0x000000001c00a4a0        0x0 /module/examples/other/stm_gap8_cpx/BUILD/GAP8_V2/GCC_RISCV_FREERTOS/stm_gap8_cpx.o
 .rela.text.__pi_rtc_handler
                0x000000001c00a4a0        0x0 /module/examples/other/stm_gap8_cpx/BUILD/GAP8_V2/GCC_RISCV_FREERTOS/stm_gap8_cpx.o
 .rela.text.__pi_rtc_irq_type_handle
                0x000000001c00a4a0        0x0 /module/examples/other/stm_gap8_cpx/BUILD/GAP8_V2/GCC_RISCV_FREERTOS/stm_gap8_cpx.o
 .rela.text.__pi_rtc_datetime_set
                0x000000001c00a4a0        0x0 /module/examples/other/stm_gap8_cpx/BUILD/GAP8_V2/GCC_RISCV_FREERTOS/stm_gap8_cpx.o
 .rela.text.__pi_rtc_alarm_set
                0x000000001c00a4a0        0x0 /module/examples/other/stm_gap8_cpx/BUILD/GAP8_V2/GCC_RISCV_FREERTOS/stm_gap8_cpx.o
 .rela.text.pi_timer_irq_set
                0x000000001c00a4a0        0x0 /module/examples/other/stm_gap8_cpx/BUILD/GAP8_V2/GCC_RISCV_FREERTOS/stm_gap8_cpx.o
 .rela.text.pi_hyper_open
                0x000000001c00a4a0        0x0 /module/examples/other/stm_gap8_cpx/BUILD/GAP8_V2/GCC_RISCV_FREERTOS/stm_gap8_cpx.o
 .rela.text.pi_hyper_close
                0x000000001c00a4a0        0x0 /module/examples/other/stm_gap8_cpx/BUILD/GAP8_V2/GCC_RISCV_FREERTOS/stm_gap8_cpx.o
 .rela.text.pi_cpi_conf_init
                0x000000001c00a4a0        0x0 /module/examples/other/stm_gap8_cpx/BUILD/GAP8_V2/GCC_RISCV_FREERTOS/stm_gap8_cpx.o
 .rela.text.pi_cpi_open
                0x000000001c00a4a0        0x0 /module/examples/other/stm_gap8_cpx/BUILD/GAP8_V2/GCC_RISCV_FREERTOS/stm_gap8_cpx.o
 .rela.text.pi_cpi_close
                0x000000001c00a4a0        0x0 /module/examples/other/stm_gap8_cpx/BUILD/GAP8_V2/GCC_RISCV_FREERTOS/stm_gap8_cpx.o
 .rela.text.pi_cpi_capture
                0x000000001c00a4a0        0x0 /module/examples/other/stm_gap8_cpx/BUILD/GAP8_V2/GCC_RISCV_FREERTOS/stm_gap8_cpx.o
 .rela.text.pi_cpi_capture_async
                0x000000001c00a4a0        0x0 /module/examples/other/stm_gap8_cpx/BUILD/GAP8_V2/GCC_RISCV_FREERTOS/stm_gap8_cpx.o
 .rela.text.__pi_cpi_handler
                0x000000001c00a4a0        0x0 /module/examples/other/stm_gap8_cpx/BUILD/GAP8_V2/GCC_RISCV_FREERTOS/stm_gap8_cpx.o
 .rela.text.__pi_cpi_open
                0x000000001c00a4a0        0x0 /module/examples/other/stm_gap8_cpx/BUILD/GAP8_V2/GCC_RISCV_FREERTOS/stm_gap8_cpx.o
 .rela.text.__pi_cpi_close
                0x000000001c00a4a0        0x0 /module/examples/other/stm_gap8_cpx/BUILD/GAP8_V2/GCC_RISCV_FREERTOS/stm_gap8_cpx.o
 .rela.text.pi_dmacpy_conf_init
                0x000000001c00a4a0        0x0 /module/examples/other/stm_gap8_cpx/BUILD/GAP8_V2/GCC_RISCV_FREERTOS/stm_gap8_cpx.o
 .rela.text.pi_dmacpy_open
                0x000000001c00a4a0        0x0 /module/examples/other/stm_gap8_cpx/BUILD/GAP8_V2/GCC_RISCV_FREERTOS/stm_gap8_cpx.o
 .rela.text.pi_dmacpy_close
                0x000000001c00a4a0        0x0 /module/examples/other/stm_gap8_cpx/BUILD/GAP8_V2/GCC_RISCV_FREERTOS/stm_gap8_cpx.o
 .rela.text.pi_dmacpy_copy
                0x000000001c00a4a0        0x0 /module/examples/other/stm_gap8_cpx/BUILD/GAP8_V2/GCC_RISCV_FREERTOS/stm_gap8_cpx.o
 .rela.text.pi_dmacpy_copy_async
                0x000000001c00a4a0        0x0 /module/examples/other/stm_gap8_cpx/BUILD/GAP8_V2/GCC_RISCV_FREERTOS/stm_gap8_cpx.o
 .rela.text.__pi_dmacpy_handler
                0x000000001c00a4a0        0x0 /module/examples/other/stm_gap8_cpx/BUILD/GAP8_V2/GCC_RISCV_FREERTOS/stm_gap8_cpx.o
 .rela.text.__pi_dmacpy_open
                0x000000001c00a4a0        0x0 /module/examples/other/stm_gap8_cpx/BUILD/GAP8_V2/GCC_RISCV_FREERTOS/stm_gap8_cpx.o
 .rela.text.__pi_dmacpy_close
                0x000000001c00a4a0        0x0 /module/examples/other/stm_gap8_cpx/BUILD/GAP8_V2/GCC_RISCV_FREERTOS/stm_gap8_cpx.o
 .rela.text.pi_i2c_conf_init
                0x000000001c00a4a0        0x0 /module/examples/other/stm_gap8_cpx/BUILD/GAP8_V2/GCC_RISCV_FREERTOS/stm_gap8_cpx.o
 .rela.text.pi_i2c_open
                0x000000001c00a4a0        0x0 /module/examples/other/stm_gap8_cpx/BUILD/GAP8_V2/GCC_RISCV_FREERTOS/stm_gap8_cpx.o
 .rela.text.pi_i2c_close
                0x000000001c00a4a0        0x0 /module/examples/other/stm_gap8_cpx/BUILD/GAP8_V2/GCC_RISCV_FREERTOS/stm_gap8_cpx.o
 .rela.text.pi_i2c_ioctl
                0x000000001c00a4a0        0x0 /module/examples/other/stm_gap8_cpx/BUILD/GAP8_V2/GCC_RISCV_FREERTOS/stm_gap8_cpx.o
 .rela.text.pi_i2c_read
                0x000000001c00a4a0        0x0 /module/examples/other/stm_gap8_cpx/BUILD/GAP8_V2/GCC_RISCV_FREERTOS/stm_gap8_cpx.o
 .rela.text.pi_i2c_read_async
                0x000000001c00a4a0        0x0 /module/examples/other/stm_gap8_cpx/BUILD/GAP8_V2/GCC_RISCV_FREERTOS/stm_gap8_cpx.o
 .rela.text.pi_i2c_write