   text	   data	    bss	    dec	    hex	filename
 0x7214	 0x1744	  0x33c	  35988	   8c94	/home/user/Desktop/Bitcraze/aideck-gap8-examples/examples/image_processing/simple_kernel_example/BUILD/GAP8_V2/GCC_RISCV_PULP_OS/test
/home/user/Desktop/Bitcraze/aideck-gap8-examples/examples/image_processing/simple_kernel_example/BUILD/GAP8_V2/GCC_RISCV_PULP_OS/test:1b000c08 00000001 D camera_isAwaked	/home/user/Desktop/Greenwaves/gap_riscv_toolchain_ubuntu/gap_sdk/gap8/rtos/pulp/pulp-os/drivers_deprecated/camera/himax.c:150
/home/user/Desktop/Bitcraze/aideck-gap8-examples/examples/image_processing/simple_kernel_example/BUILD/GAP8_V2/GCC_RISCV_PULP_OS/test:00000388 00000001 D __rt_hyper_pending_emu_do_memcpy	/home/user/Desktop/Greenwaves/gap_riscv_toolchain_ubuntu/gap_sdk/gap8/rtos/pulp/pulp-os/drivers/hyper/hyperram-v1.c:53
/home/user/Desktop/Bitcraze/aideck-gap8-examples/examples/image_processing/simple_kernel_example/BUILD/GAP8_V2/GCC_RISCV_PULP_OS/test:1c001c76 00000002 T __camera_conf_init	/home/user/Desktop/Greenwaves/gap_riscv_toolchain_ubuntu/gap_sdk/rtos/pmsis/bsp/camera/camera.c:43
/home/user/Desktop/Bitcraze/aideck-gap8-examples/examples/image_processing/simple_kernel_example/BUILD/GAP8_V2/GCC_RISCV_PULP_OS/test:1c0030d2 00000002 W illegal_insn_handler_c	/home/user/Desktop/Greenwaves/gap_riscv_toolchain_ubuntu/gap_sdk/gap8/rtos/pulp/pulp-os/kernel/irq.c:89
/home/user/Desktop/Bitcraze/aideck-gap8-examples/examples/image_processing/simple_kernel_example/BUILD/GAP8_V2/GCC_RISCV_PULP_OS/test:1c001bd2 00000002 t __pi_host_fs_direct_read_async
/home/user/Desktop/Bitcraze/aideck-gap8-examples/examples/image_processing/simple_kernel_example/BUILD/GAP8_V2/GCC_RISCV_PULP_OS/test:1c001a72 00000002 t __pi_host_fs_unmount	/home/user/Desktop/Greenwaves/gap_riscv_toolchain_ubuntu/gap_sdk/rtos/pmsis/bsp/fs/host_fs/host_fs.c:40
/home/user/Desktop/Bitcraze/aideck-gap8-examples/examples/image_processing/simple_kernel_example/BUILD/GAP8_V2/GCC_RISCV_PULP_OS/test:1c002126 00000002 T pi_partition_table_free	/home/user/Desktop/Greenwaves/gap_riscv_toolchain_ubuntu/gap_sdk/rtos/pmsis/bsp/partition/partition.c:46
/home/user/Desktop/Bitcraze/aideck-gap8-examples/examples/image_processing/simple_kernel_example/BUILD/GAP8_V2/GCC_RISCV_PULP_OS/test:1c00399e 00000002 T pi_time_get_us	/home/user/Desktop/Greenwaves/gap_riscv_toolchain_ubuntu/gap_sdk/gap8/rtos/pulp/pulp-os/kernel/time.c:53
/home/user/Desktop/Bitcraze/aideck-gap8-examples/examples/image_processing/simple_kernel_example/BUILD/GAP8_V2/GCC_RISCV_PULP_OS/test:1c003a3a 00000002 T pi_time_wait_us	/home/user/Desktop/Greenwaves/gap_riscv_toolchain_ubuntu/gap_sdk/gap8/rtos/pulp/pulp-os/kernel/time.c:183
/home/user/Desktop/Bitcraze/aideck-gap8-examples/examples/image_processing/simple_kernel_example/BUILD/GAP8_V2/GCC_RISCV_PULP_OS/test:1c00425c 00000002 T __rt_fll_deinit	/home/user/Desktop/Greenwaves/gap_riscv_toolchain_ubuntu/gap_sdk/gap8/rtos/pulp/pulp-os/kernel/gap/pmu_driver.c:876
/home/user/Desktop/Bitcraze/aideck-gap8-examples/examples/image_processing/simple_kernel_example/BUILD/GAP8_V2/GCC_RISCV_PULP_OS/test:1c00425e 00000002 T __rt_flls_constructor	/home/user/Desktop/Greenwaves/gap_riscv_toolchain_ubuntu/gap_sdk/gap8/rtos/pulp/pulp-os/kernel/gap/pmu_driver.c:880
/home/user/Desktop/Bitcraze/aideck-gap8-examples/examples/image_processing/simple_kernel_example/BUILD/GAP8_V2/GCC_RISCV_PULP_OS/test:1c007408 00000003 d ToHWDCDC_Pos	/home/user/Desktop/Greenwaves/gap_riscv_toolchain_ubuntu/gap_sdk/gap8/rtos/pulp/pulp-os/kernel/gap/pmu_driver.c:192
/home/user/Desktop/Bitcraze/aideck-gap8-examples/examples/image_processing/simple_kernel_example/BUILD/GAP8_V2/GCC_RISCV_PULP_OS/test:1c0077e4 00000004 b __bsp_init_pads_done	/home/user/Desktop/Greenwaves/gap_riscv_toolchain_ubuntu/gap_sdk/rtos/pmsis/bsp/bsp/ai_deck.c:28
/home/user/Desktop/Bitcraze/aideck-gap8-examples/examples/image_processing/simple_kernel_example/BUILD/GAP8_V2/GCC_RISCV_PULP_OS/test:1c0073e8 00000004 D buff	/home/user/Desktop/Bitcraze/aideck-gap8-examples/examples/image_processing/simple_kernel_example/test.c:50
/home/user/Desktop/Bitcraze/aideck-gap8-examples/examples/image_processing/simple_kernel_example/BUILD/GAP8_V2/GCC_RISCV_PULP_OS/test:1c0073ec 00000004 D buff_inverting	/home/user/Desktop/Bitcraze/aideck-gap8-examples/examples/image_processing/simple_kernel_example/test.c:57
/home/user/Desktop/Bitcraze/aideck-gap8-examples/examples/image_processing/simple_kernel_example/BUILD/GAP8_V2/GCC_RISCV_PULP_OS/test:1c006bc8 00000004 t ctor_list	/home/user/Desktop/Greenwaves/gap_riscv_toolchain_ubuntu/gap_sdk/gap8/rtos/pulp/pulp-os/kernel/init.c:29
/home/user/Desktop/Bitcraze/aideck-gap8-examples/examples/image_processing/simple_kernel_example/BUILD/GAP8_V2/GCC_RISCV_PULP_OS/test:1c0077dc 00000004 b done	/home/user/Desktop/Bitcraze/aideck-gap8-examples/examples/image_processing/simple_kernel_example/test.c:63
/home/user/Desktop/Bitcraze/aideck-gap8-examples/examples/image_processing/simple_kernel_example/BUILD/GAP8_V2/GCC_RISCV_PULP_OS/test:1c006c0c 00000004 t dtor_list	/home/user/Desktop/Greenwaves/gap_riscv_toolchain_ubuntu/gap_sdk/gap8/rtos/pulp/pulp-os/kernel/init.c:30
/home/user/Desktop/Bitcraze/aideck-gap8-examples/examples/image_processing/simple_kernel_example/BUILD/GAP8_V2/GCC_RISCV_PULP_OS/test:1c007824 00000004 B first_delayed
/home/user/Desktop/Bitcraze/aideck-gap8-examples/examples/image_processing/simple_kernel_example/BUILD/GAP8_V2/GCC_RISCV_PULP_OS/test:1c007814 00000004 B img_rgb888	/home/user/Desktop/Greenwaves/gap_riscv_toolchain_ubuntu/gap_sdk/libs/gap_lib/img_io/ImgIO.c:25
/home/user/Desktop/Bitcraze/aideck-gap8-examples/examples/image_processing/simple_kernel_example/BUILD/GAP8_V2/GCC_RISCV_PULP_OS/test:1c0077f0 00000004 b __pi_hyper_cluster_reqs_first	/home/user/Desktop/Greenwaves/gap_riscv_toolchain_ubuntu/gap_sdk/gap8/rtos/pulp/pulp-os/drivers/hyper/hyperram-v1.c:62
/home/user/Desktop/Bitcraze/aideck-gap8-examples/examples/image_processing/simple_kernel_example/BUILD/GAP8_V2/GCC_RISCV_PULP_OS/test:1c003082 00000004 T pi_open_from_conf	/home/user/Desktop/Greenwaves/gap_riscv_toolchain_ubuntu/gap_sdk/gap8/rtos/pulp/pulp-os/kernel/init.c:325
/home/user/Desktop/Bitcraze/aideck-gap8-examples/examples/image_processing/simple_kernel_example/BUILD/GAP8_V2/GCC_RISCV_PULP_OS/test:1c002128 00000004 T pi_partition_table_load	/home/user/Desktop/Greenwaves/gap_riscv_toolchain_ubuntu/gap_sdk/rtos/pmsis/bsp/partition/partition.c:51
/home/user/Desktop/Bitcraze/aideck-gap8-examples/examples/image_processing/simple_kernel_example/BUILD/GAP8_V2/GCC_RISCV_PULP_OS/test:1c0016d2 00000004 t __pi_read_fs_unmount	/home/user/Desktop/Greenwaves/gap_riscv_toolchain_ubuntu/gap_sdk/rtos/pmsis/bsp/fs/read_fs/read_fs.c:230
/home/user/Desktop/Bitcraze/aideck-gap8-examples/examples/image_processing/simple_kernel_example/BUILD/GAP8_V2/GCC_RISCV_PULP_OS/test:1c00740c 00000004 D PMURetentionState
/home/user/Desktop/Bitcraze/aideck-gap8-examples/examples/image_processing/simple_kernel_example/BUILD/GAP8_V2/GCC_RISCV_PULP_OS/test:000003a4 00000004 D pwmEventsStatus	/home/user/Desktop/Greenwaves/gap_riscv_toolchain_ubuntu/gap_sdk/gap8/rtos/pulp/pulp-os/drivers/pwm/pwm.c:9
/home/user/Desktop/Bitcraze/aideck-gap8-examples/examples/image_processing/simple_kernel_example/BUILD/GAP8_V2/GCC_RISCV_PULP_OS/test:1c007418 00000004 d RetPMUStateToPMUState	/home/user/Desktop/Greenwaves/gap_riscv_toolchain_ubuntu/gap_sdk/gap8/rtos/pulp/pulp-os/kernel/gap/pmu_driver.c:185
/home/user/Desktop/Bitcraze/aideck-gap8-examples/examples/image_processing/simple_kernel_example/BUILD/GAP8_V2/GCC_RISCV_PULP_OS/test:1c007820 00000004 B __rt_alloc_fc_tcdm
/home/user/Desktop/Bitcraze/aideck-gap8-examples/examples/image_processing/simple_kernel_example/BUILD/GAP8_V2/GCC_RISCV_PULP_OS/test:1c007818 00000004 B __rt_alloc_l1
/home/user/Desktop/Bitcraze/aideck-gap8-examples/examples/image_processing/simple_kernel_example/BUILD/GAP8_V2/GCC_RISCV_PULP_OS/test:1c00781c 00000004 B __rt_alloc_l2
/home/user/Desktop/Bitcraze/aideck-gap8-examples/examples/image_processing/simple_kernel_example/BUILD/GAP8_V2/GCC_RISCV_PULP_OS/test:00000014 00000004 d __rt_bridge_eeprom_handle	/home/user/Desktop/Greenwaves/gap_riscv_toolchain_ubuntu/gap_sdk/gap8/rtos/pulp/pulp-os/kernel/bridge.c:25
/home/user/Desktop/Bitcraze/aideck-gap8-examples/examples/image_processing/simple_kernel_example/BUILD/GAP8_V2/GCC_RISCV_PULP_OS/test:00000010 00000004 d __rt_bridge_flash_cs	/home/user/Desktop/Greenwaves/gap_riscv_toolchain_ubuntu/gap_sdk/gap8/rtos/pulp/pulp-os/kernel/bridge.c:29
/home/user/Desktop/Bitcraze/aideck-gap8-examples/examples/image_processing/simple_kernel_example/BUILD/GAP8_V2/GCC_RISCV_PULP_OS/test:00000004 00000004 d __rt_bridge_flash_handle	/home/user/Desktop/Greenwaves/gap_riscv_toolchain_ubuntu/gap_sdk/gap8/rtos/pulp/pulp-os/kernel/bridge.c:26
/home/user/Desktop/Bitcraze/aideck-gap8-examples/examples/image_processing/simple_kernel_example/BUILD/GAP8_V2/GCC_RISCV_PULP_OS/test:0000000c 00000004 d __rt_bridge_flash_itf	/home/user/Desktop/Greenwaves/gap_riscv_toolchain_ubuntu/gap_sdk/gap8/rtos/pulp/pulp-os/kernel/bridge.c:28
/home/user/Desktop/Bitcraze/aideck-gap8-examples/examples/image_processing/simple_kernel_example/BUILD/GAP8_V2/GCC_RISCV_PULP_OS/test:00000008 00000004 d __rt_bridge_flash_type	/home/user/Desktop/Greenwaves/gap_riscv_toolchain_ubuntu/gap_sdk/gap8/rtos/pulp/pulp-os/kernel/bridge.c:27
/home/user/Desktop/Bitcraze/aideck-gap8-examples/examples/image_processing/simple_kernel_example/BUILD/GAP8_V2/GCC_RISCV_PULP_OS/test:000003e0 00000004 D __rtc_handler	/home/user/Desktop/Greenwaves/gap_riscv_toolchain_ubuntu/gap_sdk/gap8/rtos/pulp/pulp-os/drivers_deprecated/dolphin/rtc.c:25
/home/user/Desktop/Bitcraze/aideck-gap8-examples/examples/image_processing/simple_kernel_example/BUILD/GAP8_V2/GCC_RISCV_PULP_OS/test:1000001c 00000004 D __rt_cluster_fc_task_lock	/home/user/Desktop/Greenwaves/gap_riscv_toolchain_ubuntu/gap_sdk/gap8/rtos/pulp/pulp-os/kernel/cluster.c:59
/home/user/Desktop/Bitcraze/aideck-gap8-examples/examples/image_processing/simple_kernel_example/BUILD/GAP8_V2/GCC_RISCV_PULP_OS/test:00000018 00000004 D __rt_cluster_nb_active_pe
/home/user/Desktop/Bitcraze/aideck-gap8-examples/examples/image_processing/simple_kernel_example/BUILD/GAP8_V2/GCC_RISCV_PULP_OS/test:1c007834 00000004 B __rt_cluster_tasks	/home/user/Desktop/Greenwaves/gap_riscv_toolchain_ubuntu/gap_sdk/gap8/rtos/pulp/pulp-os/kernel/cluster.c:41
/home/user/Desktop/Bitcraze/aideck-gap8-examples/examples/image_processing/simple_kernel_example/BUILD/GAP8_V2/GCC_RISCV_PULP_OS/test:1b000bec 00000004 D __rt_debug_config
/home/user/Desktop/Bitcraze/aideck-gap8-examples/examples/image_processing/simple_kernel_example/BUILD/GAP8_V2/GCC_RISCV_PULP_OS/test:1b000be8 00000004 D __rt_debug_config_trace
/home/user/Desktop/Bitcraze/aideck-gap8-examples/examples/image_processing/simple_kernel_example/BUILD/GAP8_V2/GCC_RISCV_PULP_OS/test:00000014 00000004 D __rt_dma_first_pending
/home/user/Desktop/Bitcraze/aideck-gap8-examples/examples/image_processing/simple_kernel_example/BUILD/GAP8_V2/GCC_RISCV_PULP_OS/test:00000010 00000004 D __rt_dma_last_pending
/home/user/Desktop/Bitcraze/aideck-gap8-examples/examples/image_processing/simple_kernel_example/BUILD/GAP8_V2/GCC_RISCV_PULP_OS/test:1c0077ec 00000004 b __rt_fc_cluster_device	/home/user/Desktop/Greenwaves/gap_riscv_toolchain_ubuntu/gap_sdk/gap8/rtos/pulp/pulp-os/kernel/pulpos_emu.c:25
/home/user/Desktop/Bitcraze/aideck-gap8-examples/examples/image_processing/simple_kernel_example/BUILD/GAP8_V2/GCC_RISCV_PULP_OS/test:1c0073d8 00000004 V __rt_fc_stack_size	/home/user/Desktop/Greenwaves/gap_riscv_toolchain_ubuntu/gap_sdk/gap8/rtos/pulp/pulp-os/kernel/conf.c:36
/home/user/Desktop/Bitcraze/aideck-gap8-examples/examples/image_processing/simple_kernel_example/BUILD/GAP8_V2/GCC_RISCV_PULP_OS/test:00000018 00000004 D __rt_first_free
/home/user/Desktop/Bitcraze/aideck-gap8-examples/examples/image_processing/simple_kernel_example/BUILD/GAP8_V2/GCC_RISCV_PULP_OS/test:00000374 00000004 D __rt_hyper_current_task	/home/user/Desktop/Greenwaves/gap_riscv_toolchain_ubuntu/gap_sdk/gap8/rtos/pulp/pulp-os/drivers/hyper/hyperram-v1.c:27
/home/user/Desktop/Bitcraze/aideck-gap8-examples/examples/image_processing/simple_kernel_example/BUILD/GAP8_V2/GCC_RISCV_PULP_OS/test:00000370 00000004 D __rt_hyper_end_task	/home/user/Desktop/Greenwaves/gap_riscv_toolchain_ubuntu/gap_sdk/gap8/rtos/pulp/pulp-os/drivers/hyper/hyperram-v1.c:25
/home/user/Desktop/Bitcraze/aideck-gap8-examples/examples/image_processing/simple_kernel_example/BUILD/GAP8_V2/GCC_RISCV_PULP_OS/test:1c0077f4 00000004 b __rt_hyper_open_count	/home/user/Desktop/Greenwaves/gap_riscv_toolchain_ubuntu/gap_sdk/gap8/rtos/pulp/pulp-os/drivers/hyper/hyperram-v1.c:65
/home/user/Desktop/Bitcraze/aideck-gap8-examples/examples/image_processing/simple_kernel_example/BUILD/GAP8_V2/GCC_RISCV_PULP_OS/test:00000364 00000004 D __rt_hyper_pending_addr	/home/user/Desktop/Greenwaves/gap_riscv_toolchain_ubuntu/gap_sdk/gap8/rtos/pulp/pulp-os/drivers/hyper/hyperram-v1.c:33
/home/user/Desktop/Bitcraze/aideck-gap8-examples/examples/image_processing/simple_kernel_example/BUILD/GAP8_V2/GCC_RISCV_PULP_OS/test:0000035c 00000004 D __rt_hyper_pending_base	/home/user/Desktop/Greenwaves/gap_riscv_toolchain_ubuntu/gap_sdk/gap8/rtos/pulp/pulp-os/drivers/hyper/hyperram-v1.c:31
/home/user/Desktop/Bitcraze/aideck-gap8-examples/examples/image_processing/simple_kernel_example/BUILD/GAP8_V2/GCC_RISCV_PULP_OS/test:00000380 00000004 D __rt_hyper_pending_emu_addr	/home/user/Desktop/Greenwaves/gap_riscv_toolchain_ubuntu/gap_sdk/gap8/rtos/pulp/pulp-os/drivers/hyper/hyperram-v1.c:48
/home/user/Desktop/Bitcraze/aideck-gap8-examples/examples/image_processing/simple_kernel_example/BUILD/GAP8_V2/GCC_RISCV_PULP_OS/test:00000378 00000004 D __rt_hyper_pending_emu_channel	/home/user/Desktop/Greenwaves/gap_riscv_toolchain_ubuntu/gap_sdk/gap8/rtos/pulp/pulp-os/drivers/hyper/hyperram-v1.c:46
/home/user/Desktop/Bitcraze/aideck-gap8-examples/examples/image_processing/simple_kernel_example/BUILD/GAP8_V2/GCC_RISCV_PULP_OS/test:0000037c 00000004 D __rt_hyper_pending_emu_hyper_addr	/home/user/Desktop/Greenwaves/gap_riscv_toolchain_ubuntu/gap_sdk/gap8/rtos/pulp/pulp-os/drivers/hyper/hyperram-v1.c:47
/home/user/Desktop/Bitcraze/aideck-gap8-examples/examples/image_processing/simple_kernel_example/BUILD/GAP8_V2/GCC_RISCV_PULP_OS/test:0000039c 00000004 D __rt_hyper_pending_emu_length	/home/user/Desktop/Greenwaves/gap_riscv_toolchain_ubuntu/gap_sdk/gap8/rtos/pulp/pulp-os/drivers/hyper/hyperram-v1.c:51
/home/user/Desktop/Bitcraze/aideck-gap8-examples/examples/image_processing/simple_kernel_example/BUILD/GAP8_V2/GCC_RISCV_PULP_OS/test:00000384 00000004 D __rt_hyper_pending_emu_size	/home/user/Desktop/Greenwaves/gap_riscv_toolchain_ubuntu/gap_sdk/gap8/rtos/pulp/pulp-os/drivers/hyper/hyperram-v1.c:49
/home/user/Desktop/Bitcraze/aideck-gap8-examples/examples/image_processing/simple_kernel_example/BUILD/GAP8_V2/GCC_RISCV_PULP_OS/test:00000398 00000004 D __rt_hyper_pending_emu_size_2d	/home/user/Desktop/Greenwaves/gap_riscv_toolchain_ubuntu/gap_sdk/gap8/rtos/pulp/pulp-os/drivers/hyper/hyperram-v1.c:50
/home/user/Desktop/Bitcraze/aideck-gap8-examples/examples/image_processing/simple_kernel_example/BUILD/GAP8_V2/GCC_RISCV_PULP_OS/test:000003a0 00000004 D __rt_hyper_pending_emu_stride	/home/user/Desktop/Greenwaves/gap_riscv_toolchain_ubuntu/gap_sdk/gap8/rtos/pulp/pulp-os/drivers/hyper/hyperram-v1.c:52
/home/user/Desktop/Bitcraze/aideck-gap8-examples/examples/image_processing/simple_kernel_example/BUILD/GAP8_V2/GCC_RISCV_PULP_OS/test:0000038c 00000004 D __rt_hyper_pending_emu_task	/home/user/Desktop/Greenwaves/gap_riscv_toolchain_ubuntu/gap_sdk/gap8/rtos/pulp/pulp-os/drivers/hyper/hyperram-v1.c:54
/home/user/Desktop/Bitcraze/aideck-gap8-examples/examples/image_processing/simple_kernel_example/BUILD/GAP8_V2/GCC_RISCV_PULP_OS/test:00000360 00000004 D __rt_hyper_pending_hyper_addr	/home/user/Desktop/Greenwaves/gap_riscv_toolchain_ubuntu/gap_sdk/gap8/rtos/pulp/pulp-os/drivers/hyper/hyperram-v1.c:32
/home/user/Desktop/Bitcraze/aideck-gap8-examples/examples/image_processing/simple_kernel_example/BUILD/GAP8_V2/GCC_RISCV_PULP_OS/test:00000368 00000004 D __rt_hyper_pending_repeat	/home/user/Desktop/Greenwaves/gap_riscv_toolchain_ubuntu/gap_sdk/gap8/rtos/pulp/pulp-os/drivers/hyper/hyperram-v1.c:34
/home/user/Desktop/Bitcraze/aideck-gap8-examples/examples/image_processing/simple_kernel_example/BUILD/GAP8_V2/GCC_RISCV_PULP_OS/test:0000036c 00000004 D __rt_hyper_pending_repeat_size	/home/user/Desktop/Greenwaves/gap_riscv_toolchain_ubuntu/gap_sdk/gap8/rtos/pulp/pulp-os/drivers/hyper/hyperram-v1.c:35
/home/user/Desktop/Bitcraze/aideck-gap8-examples/examples/image_processing/simple_kernel_example/BUILD/GAP8_V2/GCC_RISCV_PULP_OS/test:00000390 00000004 D __rt_hyper_pending_tasks	/home/user/Desktop/Greenwaves/gap_riscv_toolchain_ubuntu/gap_sdk/gap8/rtos/pulp/pulp-os/drivers/hyper/hyperram-v1.c:39
/home/user/Desktop/Bitcraze/aideck-gap8-examples/examples/image_processing/simple_kernel_example/BUILD/GAP8_V2/GCC_RISCV_PULP_OS/test:00000394 00000004 D __rt_hyper_pending_tasks_last	/home/user/Desktop/Greenwaves/gap_riscv_toolchain_ubuntu/gap_sdk/gap8/rtos/pulp/pulp-os/drivers/hyper/hyperram-v1.c:40
/home/user/Desktop/Bitcraze/aideck-gap8-examples/examples/image_processing/simple_kernel_example/BUILD/GAP8_V2/GCC_RISCV_PULP_OS/test:1c0051a8 00000004 T __rt_hyper_resume_copy	/home/user/Desktop/Greenwaves/gap_riscv_toolchain_ubuntu/gap_sdk/gap8/rtos/pulp/pulp-os/drivers/hyper/hyperram-v1.c:988
/home/user/Desktop/Bitcraze/aideck-gap8-examples/examples/image_processing/simple_kernel_example/BUILD/GAP8_V2/GCC_RISCV_PULP_OS/test:00000358 00000004 D __rt_hyper_udma_handle
/home/user/Desktop/Bitcraze/aideck-gap8-examples/examples/image_processing/simple_kernel_example/BUILD/GAP8_V2/GCC_RISCV_PULP_OS/test:1c0077f8 00000004 b __rt_i2s_first	/home/user/Desktop/Greenwaves/gap_riscv_toolchain_ubuntu/gap_sdk/gap8/rtos/pulp/pulp-os/drivers_deprecated/i2s/i2s-v1.c:40
/home/user/Desktop/Bitcraze/aideck-gap8-examples/examples/image_processing/simple_kernel_example/BUILD/GAP8_V2/GCC_RISCV_PULP_OS/test:1c0073dc 00000004 V __rt_iodev
/home/user/Desktop/Bitcraze/aideck-gap8-examples/examples/image_processing/simple_kernel_example/BUILD/GAP8_V2/GCC_RISCV_PULP_OS/test:1c0073e0 00000004 V __rt_iodev_uart_baudrate
/home/user/Desktop/Bitcraze/aideck-gap8-examples/examples/image_processing/simple_kernel_example/BUILD/GAP8_V2/GCC_RISCV_PULP_OS/test:1c0077e0 00000004 V __rt_iodev_uart_channel
/home/user/Desktop/Bitcraze/aideck-gap8-examples/examples/image_processing/simple_kernel_example/BUILD/GAP8_V2/GCC_RISCV_PULP_OS/test:1c007804 00000004 b __rt_io_event_current	/home/user/Desktop/Greenwaves/gap_riscv_toolchain_ubuntu/gap_sdk/gap8/rtos/pulp/pulp-os/libs/io/io.c:40
/home/user/Desktop/Bitcraze/aideck-gap8-examples/examples/image_processing/simple_kernel_example/BUILD/GAP8_V2/GCC_RISCV_PULP_OS/test:1c007808 00000004 b __rt_io_pending_flush	/home/user/Desktop/Greenwaves/gap_riscv_toolchain_ubuntu/gap_sdk/gap8/rtos/pulp/pulp-os/libs/io/io.c:50
/home/user/Desktop/Bitcraze/aideck-gap8-examples/examples/image_processing/simple_kernel_example/BUILD/GAP8_V2/GCC_RISCV_PULP_OS/test:1c007810 00000004 b _rt_io_uart	/home/user/Desktop/Greenwaves/gap_riscv_toolchain_ubuntu/gap_sdk/gap8/rtos/pulp/pulp-os/libs/io/io.c:38
/home/user/Desktop/Bitcraze/aideck-gap8-examples/examples/image_processing/simple_kernel_example/BUILD/GAP8_V2/GCC_RISCV_PULP_OS/test:1c0073e4 00000004 V __rt_platform
/home/user/Desktop/Bitcraze/aideck-gap8-examples/examples/image_processing/simple_kernel_example/BUILD/GAP8_V2/GCC_RISCV_PULP_OS/test:1c00780c 00000004 b __rt_putc_host_buffer_index	/home/user/Desktop/Greenwaves/gap_riscv_toolchain_ubuntu/gap_sdk/gap8/rtos/pulp/pulp-os/libs/io/io.c:48
/home/user/Desktop/Bitcraze/aideck-gap8-examples/examples/image_processing/simple_kernel_example/BUILD/GAP8_V2/GCC_RISCV_PULP_OS/test:000003dc 00000004 D __rt_rtc_init_done	/home/user/Desktop/Greenwaves/gap_riscv_toolchain_ubuntu/gap_sdk/gap8/rtos/pulp/pulp-os/drivers_deprecated/dolphin/rtc.c:26
/home/user/Desktop/Bitcraze/aideck-gap8-examples/examples/image_processing/simple_kernel_example/BUILD/GAP8_V2/GCC_RISCV_PULP_OS/test:1c007830 00000004 B __rt_wakeup_use_fast	/home/user/Desktop/Greenwaves/gap_riscv_toolchain_ubuntu/gap_sdk/gap8/rtos/pulp/pulp-os/kernel/gap/pmu_driver.c:173
/home/user/Desktop/Bitcraze/aideck-gap8-examples/examples/image_processing/simple_kernel_example/BUILD/GAP8_V2/GCC_RISCV_PULP_OS/test:1c0077e8 00000004 b timer_count	/home/user/Desktop/Greenwaves/gap_riscv_toolchain_ubuntu/gap_sdk/gap8/rtos/pulp/pulp-os/kernel/time.c:23
/home/user/Desktop/Bitcraze/aideck-gap8-examples/examples/image_processing/simple_kernel_example/BUILD/GAP8_V2/GCC_RISCV_PULP_OS/test:1c004452 00000006 T pi_cluster_conf_init	/home/user/Desktop/Greenwaves/gap_riscv_toolchain_ubuntu/gap_sdk/gap8/rtos/pulp/pulp-os/kernel/cluster.c:337
/home/user/Desktop/Bitcraze/aideck-gap8-examples/examples/image_processing/simple_kernel_example/BUILD/GAP8_V2/GCC_RISCV_PULP_OS/test:1c0059b0 00000006 T putchar	/home/user/Desktop/Greenwaves/gap_riscv_toolchain_ubuntu/gap_sdk/gap8/rtos/pulp/pulp-os/libs/io/io.c:621
/home/user/Desktop/Bitcraze/aideck-gap8-examples/examples/image_processing/simple_kernel_example/BUILD/GAP8_V2/GCC_RISCV_PULP_OS/test:1c004260 00000006 T __rt_fll_set_freq	/home/user/Desktop/Greenwaves/gap_riscv_toolchain_ubuntu/gap_sdk/gap8/rtos/pulp/pulp-os/kernel/gap/pmu_driver.c:884
/home/user/Desktop/Bitcraze/aideck-gap8-examples/examples/image_processing/simple_kernel_example/BUILD/GAP8_V2/GCC_RISCV_PULP_OS/test:1c0073f0 00000007 d SystemStateToSCUFastSeq	/home/user/Desktop/Greenwaves/gap_riscv_toolchain_ubuntu/gap_sdk/gap8/rtos/pulp/pulp-os/kernel/gap/pmu_driver.c:176
/home/user/Desktop/Bitcraze/aideck-gap8-examples/examples/image_processing/simple_kernel_example/BUILD/GAP8_V2/GCC_RISCV_PULP_OS/test:1c007410 00000008 D FllsFrequency
/home/user/Desktop/Bitcraze/aideck-gap8-examples/examples/image_processing/simple_kernel_example/BUILD/GAP8_V2/GCC_RISCV_PULP_OS/test:1c001594 00000008 T pi_fs_close	/home/user/Desktop/Greenwaves/gap_riscv_toolchain_ubuntu/gap_sdk/rtos/pmsis/bsp/fs/fs.c:80
/home/user/Desktop/Bitcraze/aideck-gap8-examples/examples/image_processing/simple_kernel_example/BUILD/GAP8_V2/GCC_RISCV_PULP_OS/test:1c00158c 00000008 T pi_fs_open	/home/user/Desktop/Greenwaves/gap_riscv_toolchain_ubuntu/gap_sdk/rtos/pmsis/bsp/fs/fs.c:74
/home/user/Desktop/Bitcraze/aideck-gap8-examples/examples/image_processing/simple_kernel_example/BUILD/GAP8_V2/GCC_RISCV_PULP_OS/test:1c00159c 00000008 T pi_fs_read_async	/home/user/Desktop/Greenwaves/gap_riscv_toolchain_ubuntu/gap_sdk/rtos/pmsis/bsp/fs/fs.c:85
/home/user/Desktop/Bitcraze/aideck-gap8-examples/examples/image_processing/simple_kernel_example/BUILD/GAP8_V2/GCC_RISCV_PULP_OS/test:1c001584 00000008 T pi_fs_unmount	/home/user/Desktop/Greenwaves/gap_riscv_toolchain_ubuntu/gap_sdk/rtos/pmsis/bsp/fs/fs.c:68
/home/user/Desktop/Bitcraze/aideck-gap8-examples/examples/image_processing/simple_kernel_example/BUILD/GAP8_V2/GCC_RISCV_PULP_OS/test:1c0015ca 00000008 T pi_fs_write_async	/home/user/Desktop/Greenwaves/gap_riscv_toolchain_ubuntu/gap_sdk/rtos/pmsis/bsp/fs/fs.c:98
/home/user/Desktop/Bitcraze/aideck-gap8-examples/examples/image_processing/simple_kernel_example/BUILD/GAP8_V2/GCC_RISCV_PULP_OS/test:1c007828 00000008 B __rt_freq_domains
/home/user/Desktop/Bitcraze/aideck-gap8-examples/examples/image_processing/simple_kernel_example/BUILD/GAP8_V2/GCC_RISCV_PULP_OS/test:1c0051a0 00000008 T __rt_hyper_resume_emu_task	/home/user/Desktop/Greenwaves/gap_riscv_toolchain_ubuntu/gap_sdk/gap8/rtos/pulp/pulp-os/drivers/hyper/hyperram-v1.c:980
/home/user/Desktop/Bitcraze/aideck-gap8-examples/examples/image_processing/simple_kernel_example/BUILD/GAP8_V2/GCC_RISCV_PULP_OS/test:000002b0 00000008 D __rt_socevents_status
/home/user/Desktop/Bitcraze/aideck-gap8-examples/examples/image_processing/simple_kernel_example/BUILD/GAP8_V2/GCC_RISCV_PULP_OS/test:1c0077fc 00000008 b __rt_spim_open_count	/home/user/Desktop/Greenwaves/gap_riscv_toolchain_ubuntu/gap_sdk/gap8/rtos/pulp/pulp-os/drivers_deprecated/spim/spim-v2.c:26
/home/user/Desktop/Bitcraze/aideck-gap8-examples/examples/image_processing/simple_kernel_example/BUILD/GAP8_V2/GCC_RISCV_PULP_OS/test:1c005ae4 00000008 T semihost_exit	/home/user/Desktop/Greenwaves/gap_riscv_toolchain_ubuntu/gap_sdk/gap8/rtos/pulp/pulp-os/libs/io/semihost.c:51
/home/user/Desktop/Bitcraze/aideck-gap8-examples/examples/image_processing/simple_kernel_example/BUILD/GAP8_V2/GCC_RISCV_PULP_OS/test:1c005adc 00000008 T semihost_write0	/home/user/Desktop/Greenwaves/gap_riscv_toolchain_ubuntu/gap_sdk/gap8/rtos/pulp/pulp-os/libs/io/semihost.c:6
/home/user/Desktop/Bitcraze/aideck-gap8-examples/examples/image_processing/simple_kernel_example/BUILD/GAP8_V2/GCC_RISCV_PULP_OS/test:1c005a52 0000000a T abort	/home/user/Desktop/Greenwaves/gap_riscv_toolchain_ubuntu/gap_sdk/gap8/rtos/pulp/pulp-os/libs/io/io.c:739
/home/user/Desktop/Bitcraze/aideck-gap8-examples/examples/image_processing/simple_kernel_example/BUILD/GAP8_V2/GCC_RISCV_PULP_OS/test:1c001dac 0000000a T __himax_capture_async	/home/user/Desktop/Greenwaves/gap_riscv_toolchain_ubuntu/gap_sdk/rtos/pmsis/bsp/camera/himax/himax.c:475
/home/user/Desktop/Bitcraze/aideck-gap8-examples/examples/image_processing/simple_kernel_example/BUILD/GAP8_V2/GCC_RISCV_PULP_OS/test:1c004894 0000000a T pi_cpi_conf_init	/home/user/Desktop/Greenwaves/gap_riscv_toolchain_ubuntu/gap_sdk/gap8/rtos/pulp/pulp-os/drivers/cpi/cpi-v1.c:29
/home/user/Desktop/Bitcraze/aideck-gap8-examples/examples/image_processing/simple_kernel_example/BUILD/GAP8_V2/GCC_RISCV_PULP_OS/test:1c00211c 0000000a T pi_partition_get_flash_offset	/home/user/Desktop/Greenwaves/gap_riscv_toolchain_ubuntu/gap_sdk/rtos/pmsis/bsp/partition/partition.c:38
/home/user/Desktop/Bitcraze/aideck-gap8-examples/examples/image_processing/simple_kernel_example/BUILD/GAP8_V2/GCC_RISCV_PULP_OS/test:1c00535c 0000000a T __rt_himax_init	/home/user/Desktop/Greenwaves/gap_riscv_toolchain_ubuntu/gap_sdk/gap8/rtos/pulp/pulp-os/drivers_deprecated/camera/himax.c:400
/home/user/Desktop/Bitcraze/aideck-gap8-examples/examples/image_processing/simple_kernel_example/BUILD/GAP8_V2/GCC_RISCV_PULP_OS/test:1c004d64 0000000a T __rt_padframe_init	/home/user/Desktop/Greenwaves/gap_riscv_toolchain_ubuntu/gap_sdk/gap8/rtos/pulp/pulp-os/drivers_deprecated/pads/pads-v1.c:58
/home/user/Desktop/Bitcraze/aideck-gap8-examples/examples/image_processing/simple_kernel_example/BUILD/GAP8_V2/GCC_RISCV_PULP_OS/test:1c007528 0000000c b camera	/home/user/Desktop/Bitcraze/aideck-gap8-examples/examples/image_processing/simple_kernel_example/test.c:62
/home/user/Desktop/Bitcraze/aideck-gap8-examples/examples/image_processing/simple_kernel_example/BUILD/GAP8_V2/GCC_RISCV_PULP_OS/test:1c007554 0000000c B cluster_dev	/home/user/Desktop/Bitcraze/aideck-gap8-examples/examples/image_processing/simple_kernel_example/test.c:66
/home/user/Desktop/Bitcraze/aideck-gap8-examples/examples/image_processing/simple_kernel_example/BUILD/GAP8_V2/GCC_RISCV_PULP_OS/test:1c000d1a 0000000c t handle_transfer_end	/home/user/Desktop/Bitcraze/aideck-gap8-examples/examples/image_processing/simple_kernel_example/test.c:83
/home/user/Desktop/Bitcraze/aideck-gap8-examples/examples/image_processing/simple_kernel_example/BUILD/GAP8_V2/GCC_RISCV_PULP_OS/test:1c001c6a 0000000c T pi_camera_open	/home/user/Desktop/Greenwaves/gap_riscv_toolchain_ubuntu/gap_sdk/rtos/pmsis/bsp/camera/camera.c:24
/home/user/Desktop/Bitcraze/aideck-gap8-examples/examples/image_processing/simple_kernel_example/BUILD/GAP8_V2/GCC_RISCV_PULP_OS/test:1c001a66 0000000c t __pi_host_fs_mount	/home/user/Desktop/Greenwaves/gap_riscv_toolchain_ubuntu/gap_sdk/rtos/pmsis/bsp/fs/host_fs/host_fs.c:34
/home/user/Desktop/Bitcraze/aideck-gap8-examples/examples/image_processing/simple_kernel_example/BUILD/GAP8_V2/GCC_RISCV_PULP_OS/test:1c00392e 0000000c T pi_l2_malloc	/home/user/Desktop/Greenwaves/gap_riscv_toolchain_ubuntu/gap_sdk/gap8/rtos/pulp/pulp-os/kernel/alloc.c:595
/home/user/Desktop/Bitcraze/aideck-gap8-examples/examples/image_processing/simple_kernel_example/BUILD/GAP8_V2/GCC_RISCV_PULP_OS/test:00000004 0000000c D __rt_cluster_pool
/home/user/Desktop/Bitcraze/aideck-gap8-examples/examples/image_processing/simple_kernel_example/BUILD/GAP8_V2/GCC_RISCV_PULP_OS/test:1c004dda 0000000c T __rt_udma_channel_reg_data	/home/user/Desktop/Greenwaves/gap_riscv_toolchain_ubuntu/gap_sdk/gap8/rtos/pulp/pulp-os/drivers/udma/udma-v2.c:100
/home/user/Desktop/Bitcraze/aideck-gap8-examples/examples/image_processing/simple_kernel_example/BUILD/GAP8_V2/GCC_RISCV_PULP_OS/test:1c002ec0 0000000e T bsp_himax_open
/home/user/Desktop/Bitcraze/aideck-gap8-examples/examples/image_processing/simple_kernel_example/BUILD/GAP8_V2/GCC_RISCV_PULP_OS/test:1c001a58 0000000e t __internal_semihost	/home/user/Desktop/Greenwaves/gap_riscv_toolchain_ubuntu/gap_sdk/rtos/pmsis/bsp/fs/host_fs/semihost.h:75
/home/user/Desktop/Bitcraze/aideck-gap8-examples/examples/image_processing/simple_kernel_example/BUILD/GAP8_V2/GCC_RISCV_PULP_OS/test:1c005ace 0000000e t __internal_semihost	/home/user/Desktop/Greenwaves/gap_riscv_toolchain_ubuntu/gap_sdk/gap8/rtos/pulp/pulp-os/libs/io/semihost.h:75
/home/user/Desktop/Bitcraze/aideck-gap8-examples/examples/image_processing/simple_kernel_example/BUILD/GAP8_V2/GCC_RISCV_PULP_OS/test:1c00393a 0000000e T pi_l2_free	/home/user/Desktop/Greenwaves/gap_riscv_toolchain_ubuntu/gap_sdk/gap8/rtos/pulp/pulp-os/kernel/alloc.c:600
/home/user/Desktop/Bitcraze/aideck-gap8-examples/examples/image_processing/simple_kernel_example/BUILD/GAP8_V2/GCC_RISCV_PULP_OS/test:1c00538a 0000000e t __rt_io_end_of_flush	/home/user/Desktop/Greenwaves/gap_riscv_toolchain_ubuntu/gap_sdk/gap8/rtos/pulp/pulp-os/libs/io/io.c:366
/home/user/Desktop/Bitcraze/aideck-gap8-examples/examples/image_processing/simple_kernel_example/BUILD/GAP8_V2/GCC_RISCV_PULP_OS/test:1c005794 00000010 T memset	/home/user/Desktop/Greenwaves/gap_riscv_toolchain_ubuntu/gap_sdk/gap8/rtos/pulp/pulp-os/libs/io/io.c:150
/home/user/Desktop/Bitcraze/aideck-gap8-examples/examples/image_processing/simple_kernel_example/BUILD/GAP8_V2/GCC_RISCV_PULP_OS/test:1c001636 00000010 t __pi_read_fs_seek	/home/user/Desktop/Greenwaves/gap_riscv_toolchain_ubuntu/gap_sdk/rtos/pmsis/bsp/fs/read_fs/read_fs.c:519
/home/user/Desktop/Bitcraze/aideck-gap8-examples/examples/image_processing/simple_kernel_example/BUILD/GAP8_V2/GCC_RISCV_PULP_OS/test:1c0073f8 00000010 D PMUState
/home/user/Desktop/Bitcraze/aideck-gap8-examples/examples/image_processing/simple_kernel_example/BUILD/GAP8_V2/GCC_RISCV_PULP_OS/test:1b000c0c 00000010 d __rt_io_fc_lock	/home/user/Desktop/Greenwaves/gap_riscv_toolchain_ubuntu/gap_sdk/gap8/rtos/pulp/pulp-os/libs/io/io.c:35
/home/user/Desktop/Bitcraze/aideck-gap8-examples/examples/image_processing/simple_kernel_example/BUILD/GAP8_V2/GCC_RISCV_PULP_OS/test:1c0072d0 00000010 V __rt_padframe_default	/home/user/Desktop/Greenwaves/gap_riscv_toolchain_ubuntu/gap_sdk/gap8/rtos/pulp/pulp-os/drivers_deprecated/pads/pads-v1.c:28
/home/user/Desktop/Bitcraze/aideck-gap8-examples/examples/image_processing/simple_kernel_example/BUILD/GAP8_V2/GCC_RISCV_PULP_OS/test:1c0072e0 00000010 V __rt_padframe_hyper	/home/user/Desktop/Greenwaves/gap_riscv_toolchain_ubuntu/gap_sdk/gap8/rtos/pulp/pulp-os/drivers_deprecated/pads/pads-v1.c:30
/home/user/Desktop/Bitcraze/aideck-gap8-examples/examples/image_processing/simple_kernel_example/BUILD/GAP8_V2/GCC_RISCV_PULP_OS/test:1c0072f0 00000010 V __rt_padframe_hyper_gpio	/home/user/Desktop/Greenwaves/gap_riscv_toolchain_ubuntu/gap_sdk/gap8/rtos/pulp/pulp-os/drivers_deprecated/pads/pads-v1.c:32
/home/user/Desktop/Bitcraze/aideck-gap8-examples/examples/image_processing/simple_kernel_example/BUILD/GAP8_V2/GCC_RISCV_PULP_OS/test:1c0077cc 00000010 b __rt_uart	/home/user/Desktop/Greenwaves/gap_riscv_toolchain_ubuntu/gap_sdk/gap8/rtos/pulp/pulp-os/drivers_deprecated/uart/uart.c:43
/home/user/Desktop/Bitcraze/aideck-gap8-examples/examples/image_processing/simple_kernel_example/BUILD/GAP8_V2/GCC_RISCV_PULP_OS/test:1c00683a 00000010 T rt_uart_conf_init
/home/user/Desktop/Bitcraze/aideck-gap8-examples/examples/image_processing/simple_kernel_example/BUILD/GAP8_V2/GCC_RISCV_PULP_OS/test:1c001546 00000012 T pi_fs_conf_init	/home/user/Desktop/Greenwaves/gap_riscv_toolchain_ubuntu/gap_sdk/rtos/pmsis/bsp/fs/fs.c:26
/home/user/Desktop/Bitcraze/aideck-gap8-examples/examples/image_processing/simple_kernel_example/BUILD/GAP8_V2/GCC_RISCV_PULP_OS/test:1c004984 00000012 t __rt_cpi_init	/home/user/Desktop/Greenwaves/gap_riscv_toolchain_ubuntu/gap_sdk/gap8/rtos/pulp/pulp-os/drivers/cpi/cpi-v1.c:115
/home/user/Desktop/Bitcraze/aideck-gap8-examples/examples/image_processing/simple_kernel_example/BUILD/GAP8_V2/GCC_RISCV_PULP_OS/test:1c003786 00000012 T __rt_event_sched_init	/home/user/Desktop/Greenwaves/gap_riscv_toolchain_ubuntu/gap_sdk/gap8/rtos/pulp/pulp-os/kernel/events.c:264
/home/user/Desktop/Bitcraze/aideck-gap8-examples/examples/image_processing/simple_kernel_example/BUILD/GAP8_V2/GCC_RISCV_PULP_OS/test:1c00424a 00000012 T __rt_fll_init	/home/user/Desktop/Greenwaves/gap_riscv_toolchain_ubuntu/gap_sdk/gap8/rtos/pulp/pulp-os/kernel/gap/pmu_driver.c:871
/home/user/Desktop/Bitcraze/aideck-gap8-examples/examples/image_processing/simple_kernel_example/BUILD/GAP8_V2/GCC_RISCV_PULP_OS/test:1c005366 00000012 T __rt_rtc_init	/home/user/Desktop/Greenwaves/gap_riscv_toolchain_ubuntu/gap_sdk/gap8/rtos/pulp/pulp-os/drivers_deprecated/dolphin/rtc.c:414
/home/user/Desktop/Bitcraze/aideck-gap8-examples/examples/image_processing/simple_kernel_example/BUILD/GAP8_V2/GCC_RISCV_PULP_OS/test:1c005378 00000012 T __rt_spim_init	/home/user/Desktop/Greenwaves/gap_riscv_toolchain_ubuntu/gap_sdk/gap8/rtos/pulp/pulp-os/drivers_deprecated/spim/spim-v2.c:446
/home/user/Desktop/Bitcraze/aideck-gap8-examples/examples/image_processing/simple_kernel_example/BUILD/GAP8_V2/GCC_RISCV_PULP_OS/test:1c004de6 00000014 t l2_memcpy	/home/user/Desktop/Greenwaves/gap_riscv_toolchain_ubuntu/gap_sdk/gap8/rtos/pulp/pulp-os/drivers/hyper/hyperram-v1.c:897
/home/user/Desktop/Bitcraze/aideck-gap8-examples/examples/image_processing/simple_kernel_example/BUILD/GAP8_V2/GCC_RISCV_PULP_OS/test:1c004cd8 00000014 T pi_i2c_conf_init	/home/user/Desktop/Greenwaves/gap_riscv_toolchain_ubuntu/gap_sdk/gap8/rtos/pulp/pulp-os/drivers/i2c/i2c-v2.c:300
/home/user/Desktop/Bitcraze/aideck-gap8-examples/examples/image_processing/simple_kernel_example/BUILD/GAP8_V2/GCC_RISCV_PULP_OS/test:0000001c 00000014 D __rt_sched
/home/user/Desktop/Bitcraze/aideck-gap8-examples/examples/image_processing/simple_kernel_example/BUILD/GAP8_V2/GCC_RISCV_PULP_OS/test:1c00574a 00000014 T strcmp	/home/user/Desktop/Greenwaves/gap_riscv_toolchain_ubuntu/gap_sdk/gap8/rtos/pulp/pulp-os/libs/io/io.c:97
/home/user/Desktop/Bitcraze/aideck-gap8-examples/examples/image_processing/simple_kernel_example/BUILD/GAP8_V2/GCC_RISCV_PULP_OS/test:1c001a74 00000016 t __pi_host_fs_seek	/home/user/Desktop/Greenwaves/gap_riscv_toolchain_ubuntu/gap_sdk/rtos/pmsis/bsp/fs/host_fs/host_fs.c:109
/home/user/Desktop/Bitcraze/aideck-gap8-examples/examples/image_processing/simple_kernel_example/BUILD/GAP8_V2/GCC_RISCV_PULP_OS/test:1c00577e 00000016 T strlen	/home/user/Desktop/Greenwaves/gap_riscv_toolchain_ubuntu/gap_sdk/gap8/rtos/pulp/pulp-os/libs/io/io.c:124
/home/user/Desktop/Bitcraze/aideck-gap8-examples/examples/image_processing/simple_kernel_example/BUILD/GAP8_V2/GCC_RISCV_PULP_OS/test:1c002ea8 00000018 T bsp_himax_conf_init	/home/user/Desktop/Greenwaves/gap_riscv_toolchain_ubuntu/gap_sdk/rtos/pmsis/bsp/bsp/ai_deck.c:105
/home/user/Desktop/Bitcraze/aideck-gap8-examples/examples/image_processing/simple_kernel_example/BUILD/GAP8_V2/GCC_RISCV_PULP_OS/test:1b000bf0 00000018 d cbsys_first	/home/user/Desktop/Greenwaves/gap_riscv_toolchain_ubuntu/gap_sdk/gap8/rtos/pulp/pulp-os/kernel/utils.c:30
/home/user/Desktop/Bitcraze/aideck-gap8-examples/examples/image_processing/simple_kernel_example/BUILD/GAP8_V2/GCC_RISCV_PULP_OS/test:1c001cfe 00000018 T __himax_reg_set	/home/user/Desktop/Greenwaves/gap_riscv_toolchain_ubuntu/gap_sdk/rtos/pmsis/bsp/camera/himax/himax.c:484
/home/user/Desktop/Bitcraze/aideck-gap8-examples/examples/image_processing/simple_kernel_example/BUILD/GAP8_V2/GCC_RISCV_PULP_OS/test:1c00165e 00000018 t __pi_read_fs_copy_2d_async	/home/user/Desktop/Greenwaves/gap_riscv_toolchain_ubuntu/gap_sdk/rtos/pmsis/bsp/fs/read_fs/read_fs.c:661
/home/user/Desktop/Bitcraze/aideck-gap8-examples/examples/image_processing/simple_kernel_example/BUILD/GAP8_V2/GCC_RISCV_PULP_OS/test:1c001646 00000018 t __pi_read_fs_copy_async	/home/user/Desktop/Greenwaves/gap_riscv_toolchain_ubuntu/gap_sdk/rtos/pmsis/bsp/fs/read_fs/read_fs.c:652
/home/user/Desktop/Bitcraze/aideck-gap8-examples/examples/image_processing/simple_kernel_example/BUILD/GAP8_V2/GCC_RISCV_PULP_OS/test:1c00376e 00000018 T rt_event_wait	/home/user/Desktop/Greenwaves/gap_riscv_toolchain_ubuntu/gap_sdk/gap8/rtos/pulp/pulp-os/kernel/events.c:257
/home/user/Desktop/Bitcraze/aideck-gap8-examples/examples/image_processing/simple_kernel_example/BUILD/GAP8_V2/GCC_RISCV_PULP_OS/test:1c007300 00000018 V __rt_padframe_profiles
/home/user/Desktop/Bitcraze/aideck-gap8-examples/examples/image_processing/simple_kernel_example/BUILD/GAP8_V2/GCC_RISCV_PULP_OS/test:1c003948 00000018 t __rt_time_poweroff	/home/user/Desktop/Greenwaves/gap_riscv_toolchain_ubuntu/gap_sdk/gap8/rtos/pulp/pulp-os/kernel/time.c:28
/home/user/Desktop/Bitcraze/aideck-gap8-examples/examples/image_processing/simple_kernel_example/BUILD/GAP8_V2/GCC_RISCV_PULP_OS/test:1c003960 00000018 t __rt_time_poweron	/home/user/Desktop/Greenwaves/gap_riscv_toolchain_ubuntu/gap_sdk/gap8/rtos/pulp/pulp-os/kernel/time.c:37
/home/user/Desktop/Bitcraze/aideck-gap8-examples/examples/image_processing/simple_kernel_example/BUILD/GAP8_V2/GCC_RISCV_PULP_OS/test:1c004dc2 00000018 T __rt_udma_channel_init	/home/user/Desktop/Greenwaves/gap_riscv_toolchain_ubuntu/gap_sdk/gap8/rtos/pulp/pulp-os/drivers/udma/udma-v2.c:89
/home/user/Desktop/Bitcraze/aideck-gap8-examples/examples/image_processing/simple_kernel_example/BUILD/GAP8_V2/GCC_RISCV_PULP_OS/test:1c0035f4 00000018 T __rt_wait_event_prepare_blocking	/home/user/Desktop/Greenwaves/gap_riscv_toolchain_ubuntu/gap_sdk/gap8/rtos/pulp/pulp-os/kernel/events.c:42
/home/user/Desktop/Bitcraze/aideck-gap8-examples/examples/image_processing/simple_kernel_example/BUILD/GAP8_V2/GCC_RISCV_PULP_OS/test:1c005966 0000001a T fputc_locked
/home/user/Desktop/Bitcraze/aideck-gap8-examples/examples/image_processing/simple_kernel_example/BUILD/GAP8_V2/GCC_RISCV_PULP_OS/test:1c001044 0000001a T main	/home/user/Desktop/Bitcraze/aideck-gap8-examples/examples/image_processing/simple_kernel_example/test.c:372
/home/user/Desktop/Bitcraze/aideck-gap8-examples/examples/image_processing/simple_kernel_example/BUILD/GAP8_V2/GCC_RISCV_PULP_OS/test:1c003680 0000001a T rt_event_get	/home/user/Desktop/Greenwaves/gap_riscv_toolchain_ubuntu/gap_sdk/gap8/rtos/pulp/pulp-os/kernel/events.c:105
/home/user/Desktop/Bitcraze/aideck-gap8-examples/examples/image_processing/simple_kernel_example/BUILD/GAP8_V2/GCC_RISCV_PULP_OS/test:1c0057da 0000001a T strchr	/home/user/Desktop/Greenwaves/gap_riscv_toolchain_ubuntu/gap_sdk/gap8/rtos/pulp/pulp-os/libs/io/io.c:278
/home/user/Desktop/Bitcraze/aideck-gap8-examples/examples/image_processing/simple_kernel_example/BUILD/GAP8_V2/GCC_RISCV_PULP_OS/test:1c0072b4 0000001c d himax_api	/home/user/Desktop/Greenwaves/gap_riscv_toolchain_ubuntu/gap_sdk/rtos/pmsis/bsp/camera/himax/himax.c:502
/home/user/Desktop/Bitcraze/aideck-gap8-examples/examples/image_processing/simple_kernel_example/BUILD/GAP8_V2/GCC_RISCV_PULP_OS/test:1c001d90 0000001c T __himax_reg_get	/home/user/Desktop/Greenwaves/gap_riscv_toolchain_ubuntu/gap_sdk/rtos/pmsis/bsp/camera/himax/himax.c:493
/home/user/Desktop/Bitcraze/aideck-gap8-examples/examples/image_processing/simple_kernel_example/BUILD/GAP8_V2/GCC_RISCV_PULP_OS/test:1c001bd4 0000001c t __pi_host_fs_close	/home/user/Desktop/Greenwaves/gap_riscv_toolchain_ubuntu/gap_sdk/rtos/pmsis/bsp/fs/host_fs/host_fs.c:67
/home/user/Desktop/Bitcraze/aideck-gap8-examples/examples/image_processing/simple_kernel_example/BUILD/GAP8_V2/GCC_RISCV_PULP_OS/test:1c003356 0000001c t __rt_event_enqueue	/home/user/Desktop/Greenwaves/gap_riscv_toolchain_ubuntu/gap_sdk/install/GAP8_V3/include/rt/rt_event.h:405
/home/user/Desktop/Bitcraze/aideck-gap8-examples/examples/image_processing/simple_kernel_example/BUILD/GAP8_V2/GCC_RISCV_PULP_OS/test:1c004876 0000001e T pi_pad_init	/home/user/Desktop/Greenwaves/gap_riscv_toolchain_ubuntu/gap_sdk/gap8/rtos/pulp/pulp-os/drivers/pads/pads-v1.c:31
/home/user/Desktop/Bitcraze/aideck-gap8-examples/examples/image_processing/simple_kernel_example/BUILD/GAP8_V2/GCC_RISCV_PULP_OS/test:1c0034d2 0000001e T __rt_bridge_clear_notif	/home/user/Desktop/Greenwaves/gap_riscv_toolchain_ubuntu/gap_sdk/gap8/rtos/pulp/pulp-os/kernel/bridge.c:838
/home/user/Desktop/Bitcraze/aideck-gap8-examples/examples/image_processing/simple_kernel_example/BUILD/GAP8_V2/GCC_RISCV_PULP_OS/test:1c003494 0000001e T __rt_bridge_set_available	/home/user/Desktop/Greenwaves/gap_riscv_toolchain_ubuntu/gap_sdk/gap8/rtos/pulp/pulp-os/kernel/bridge.c:725
/home/user/Desktop/Bitcraze/aideck-gap8-examples/examples/image_processing/simple_kernel_example/BUILD/GAP8_V2/GCC_RISCV_PULP_OS/test:1c007534 00000020 B cl_conf	/home/user/Desktop/Bitcraze/aideck-gap8-examples/examples/image_processing/simple_kernel_example/test.c:67
/home/user/Desktop/Bitcraze/aideck-gap8-examples/examples/image_processing/simple_kernel_example/BUILD/GAP8_V2/GCC_RISCV_PULP_OS/test:1c001c78 00000020 t __himax_reg_write	/home/user/Desktop/Greenwaves/gap_riscv_toolchain_ubuntu/gap_sdk/rtos/pmsis/bsp/camera/himax/himax.c:163
/home/user/Desktop/Bitcraze/aideck-gap8-examples/examples/image_processing/simple_kernel_example/BUILD/GAP8_V2/GCC_RISCV_PULP_OS/test:1c004ac2 00000020 T pi_i2c_write	/home/user/Desktop/Greenwaves/gap_riscv_toolchain_ubuntu/gap_sdk/gap8/rtos/pulp/pulp-os/drivers/i2c/i2c-v2.c:182
/home/user/Desktop/Bitcraze/aideck-gap8-examples/examples/image_processing/simple_kernel_example/BUILD/GAP8_V2/GCC_RISCV_PULP_OS/test:1c005baa 00000020 t _rlrshift	/home/user/Desktop/Greenwaves/gap_riscv_toolchain_ubuntu/gap_sdk/gap8/rtos/pulp/pulp-os/libs/io/prf.c:122
/home/user/Desktop/Bitcraze/aideck-gap8-examples/examples/image_processing/simple_kernel_example/BUILD/GAP8_V2/GCC_RISCV_PULP_OS/test:1c003372 00000020 t __rt_bridge_check_bridge_req.part.5	/home/user/Desktop/Greenwaves/gap_riscv_toolchain_ubuntu/gap_sdk/gap8/rtos/pulp/pulp-os/kernel/bridge.c:638
/home/user/Desktop/Bitcraze/aideck-gap8-examples/examples/image_processing/simple_kernel_example/BUILD/GAP8_V2/GCC_RISCV_PULP_OS/test:1c0034b2 00000020 T __rt_bridge_send_notif	/home/user/Desktop/Greenwaves/gap_riscv_toolchain_ubuntu/gap_sdk/gap8/rtos/pulp/pulp-os/kernel/bridge.c:821
/home/user/Desktop/Bitcraze/aideck-gap8-examples/examples/image_processing/simple_kernel_example/BUILD/GAP8_V2/GCC_RISCV_PULP_OS/test:1c007614 00000020 b __rt_cpi	/home/user/Desktop/Greenwaves/gap_riscv_toolchain_ubuntu/gap_sdk/gap8/rtos/pulp/pulp-os/drivers/cpi/cpi-v1.c:23
/home/user/Desktop/Bitcraze/aideck-gap8-examples/examples/image_processing/simple_kernel_example/BUILD/GAP8_V2/GCC_RISCV_PULP_OS/test:1c005482 00000020 t rt_event_execute.isra.4.constprop.12	/home/user/Desktop/Greenwaves/gap_riscv_toolchain_ubuntu/gap_sdk/gap8/rtos/pulp/pulp-os/libs/io/io.c:795
/home/user/Desktop/Bitcraze/aideck-gap8-examples/examples/image_processing/simple_kernel_example/BUILD/GAP8_V2/GCC_RISCV_PULP_OS/test:1c003a1a 00000020 T rt_time_wait_us	/home/user/Desktop/Greenwaves/gap_riscv_toolchain_ubuntu/gap_sdk/gap8/rtos/pulp/pulp-os/kernel/time.c:176
/home/user/Desktop/Bitcraze/aideck-gap8-examples/examples/image_processing/simple_kernel_example/BUILD/GAP8_V2/GCC_RISCV_PULP_OS/test:1c003798 00000020 T rt_user_alloc_init	/home/user/Desktop/Greenwaves/gap_riscv_toolchain_ubuntu/gap_sdk/gap8/rtos/pulp/pulp-os/kernel/alloc.c:193
/home/user/Desktop/Bitcraze/aideck-gap8-examples/examples/image_processing/simple_kernel_example/BUILD/GAP8_V2/GCC_RISCV_PULP_OS/test:1c00575e 00000020 T strncmp	/home/user/Desktop/Greenwaves/gap_riscv_toolchain_ubuntu/gap_sdk/gap8/rtos/pulp/pulp-os/libs/io/io.c:108
/home/user/Desktop/Bitcraze/aideck-gap8-examples/examples/image_processing/simple_kernel_example/BUILD/GAP8_V2/GCC_RISCV_PULP_OS/test:1c001f3e 00000022 t __himax_standby
/home/user/Desktop/Bitcraze/aideck-gap8-examples/examples/image_processing/simple_kernel_example/BUILD/GAP8_V2/GCC_RISCV_PULP_OS/test:1c004b9e 00000022 T pi_i2c_read	/home/user/Desktop/Greenwaves/gap_riscv_toolchain_ubuntu/gap_sdk/gap8/rtos/pulp/pulp-os/drivers/i2c/i2c-v2.c:230
/home/user/Desktop/Bitcraze/aideck-gap8-examples/examples/image_processing/simple_kernel_example/BUILD/GAP8_V2/GCC_RISCV_PULP_OS/test:1c00387a 00000022 T __rt_alloc_init_l1	/home/user/Desktop/Greenwaves/gap_riscv_toolchain_ubuntu/gap_sdk/gap8/rtos/pulp/pulp-os/kernel/alloc.c:445
/home/user/Desktop/Bitcraze/aideck-gap8-examples/examples/image_processing/simple_kernel_example/BUILD/GAP8_V2/GCC_RISCV_PULP_OS/test:1c00369a 00000022 T rt_event_get_blocking	/home/user/Desktop/Greenwaves/gap_riscv_toolchain_ubuntu/gap_sdk/gap8/rtos/pulp/pulp-os/kernel/events.c:127
/home/user/Desktop/Bitcraze/aideck-gap8-examples/examples/image_processing/simple_kernel_example/BUILD/GAP8_V2/GCC_RISCV_PULP_OS/test:1c006742 00000022 t __rt_uart_setfreq_after	/home/user/Desktop/Greenwaves/gap_riscv_toolchain_ubuntu/gap_sdk/gap8/rtos/pulp/pulp-os/drivers_deprecated/uart/uart.c:135
/home/user/Desktop/Bitcraze/aideck-gap8-examples/examples/image_processing/simple_kernel_example/BUILD/GAP8_V2/GCC_RISCV_PULP_OS/test:1c003260 00000022 T __rt_utils_init	/home/user/Desktop/Greenwaves/gap_riscv_toolchain_ubuntu/gap_sdk/gap8/rtos/pulp/pulp-os/kernel/utils.c:84
/home/user/Desktop/Bitcraze/aideck-gap8-examples/examples/image_processing/simple_kernel_example/BUILD/GAP8_V2/GCC_RISCV_PULP_OS/test:1c002300 00000024 T flash_partition_table_free	/home/user/Desktop/Greenwaves/gap_riscv_toolchain_ubuntu/gap_sdk/rtos/pmsis/bsp/partition/flash_partition.c:221
/home/user/Desktop/Bitcraze/aideck-gap8-examples/examples/image_processing/simple_kernel_example/BUILD/GAP8_V2/GCC_RISCV_PULP_OS/test:1c001f60 00000024 t __himax_close	/home/user/Desktop/Greenwaves/gap_riscv_toolchain_ubuntu/gap_sdk/rtos/pmsis/bsp/camera/himax/himax.c:423
/home/user/Desktop/Bitcraze/aideck-gap8-examples/examples/image_processing/simple_kernel_example/BUILD/GAP8_V2/GCC_RISCV_PULP_OS/test:1c001676 00000024 t rt_event_enqueue	/home/user/Desktop/Greenwaves/gap_riscv_toolchain_ubuntu/gap_sdk/install/GAP8_V3/include/rt/rt_event.h:419
/home/user/Desktop/Bitcraze/aideck-gap8-examples/examples/image_processing/simple_kernel_example/BUILD/GAP8_V2/GCC_RISCV_PULP_OS/test:1c001a8a 00000024 t rt_event_enqueue	/home/user/Desktop/Greenwaves/gap_riscv_toolchain_ubuntu/gap_sdk/install/GAP8_V3/include/rt/rt_event.h:419
/home/user/Desktop/Bitcraze/aideck-gap8-examples/examples/image_processing/simple_kernel_example/BUILD/GAP8_V2/GCC_RISCV_PULP_OS/test:1c004dfa 00000024 t rt_event_enqueue	/home/user/Desktop/Greenwaves/gap_riscv_toolchain_ubuntu/gap_sdk/install/GAP8_V3/include/rt/rt_event.h:419
/home/user/Desktop/Bitcraze/aideck-gap8-examples/examples/image_processing/simple_kernel_example/BUILD/GAP8_V2/GCC_RISCV_PULP_OS/test:1c0036bc 00000024 T rt_event_push	/home/user/Desktop/Greenwaves/gap_riscv_toolchain_ubuntu/gap_sdk/gap8/rtos/pulp/pulp-os/kernel/events.c:139
/home/user/Desktop/Bitcraze/aideck-gap8-examples/examples/image_processing/simple_kernel_example/BUILD/GAP8_V2/GCC_RISCV_PULP_OS/test:1c00671e 00000024 t __rt_uart_setup.isra.5	/home/user/Desktop/Greenwaves/gap_riscv_toolchain_ubuntu/gap_sdk/gap8/rtos/pulp/pulp-os/drivers_deprecated/uart/uart.c:222
/home/user/Desktop/Bitcraze/aideck-gap8-examples/examples/image_processing/simple_kernel_example/BUILD/GAP8_V2/GCC_RISCV_PULP_OS/test:1c002ece 00000026 t cluster_start	/home/user/Desktop/Greenwaves/gap_riscv_toolchain_ubuntu/gap_sdk/gap8/rtos/pulp/pulp-os/kernel/init.c:198
/home/user/Desktop/Bitcraze/aideck-gap8-examples/examples/image_processing/simple_kernel_example/BUILD/GAP8_V2/GCC_RISCV_PULP_OS/test:1c0015a4 00000026 T pi_fs_read	/home/user/Desktop/Greenwaves/gap_riscv_toolchain_ubuntu/gap_sdk/rtos/pmsis/bsp/fs/fs.c:90
/home/user/Desktop/Bitcraze/aideck-gap8-examples/examples/image_processing/simple_kernel_example/BUILD/GAP8_V2/GCC_RISCV_PULP_OS/test:1c0015d2 00000026 T pi_fs_write	/home/user/Desktop/Greenwaves/gap_riscv_toolchain_ubuntu/gap_sdk/rtos/pmsis/bsp/fs/fs.c:103
/home/user/Desktop/Bitcraze/aideck-gap8-examples/examples/image_processing/simple_kernel_example/BUILD/GAP8_V2/GCC_RISCV_PULP_OS/test:1c003978 00000026 T rt_time_get_us	/home/user/Desktop/Greenwaves/gap_riscv_toolchain_ubuntu/gap_sdk/gap8/rtos/pulp/pulp-os/kernel/time.c:45
/home/user/Desktop/Bitcraze/aideck-gap8-examples/examples/image_processing/simple_kernel_example/BUILD/GAP8_V2/GCC_RISCV_PULP_OS/test:1c0066f8 00000026 T __rt_uart_cluster_req_done	/home/user/Desktop/Greenwaves/gap_riscv_toolchain_ubuntu/gap_sdk/gap8/rtos/pulp/pulp-os/drivers_deprecated/uart/uart.c:253
/home/user/Desktop/Bitcraze/aideck-gap8-examples/examples/image_processing/simple_kernel_example/BUILD/GAP8_V2/GCC_RISCV_PULP_OS/test:1c003e56 00000026 t soc_eu_fcEventMask_setEvent	/home/user/Desktop/Greenwaves/gap_riscv_toolchain_ubuntu/gap_sdk/install/GAP8_V3/include/hal/soc_eu/soc_eu_v1.h:60
/home/user/Desktop/Bitcraze/aideck-gap8-examples/examples/image_processing/simple_kernel_example/BUILD/GAP8_V2/GCC_RISCV_PULP_OS/test:1c004996 00000026 t soc_eu_fcEventMask_setEvent	/home/user/Desktop/Greenwaves/gap_riscv_toolchain_ubuntu/gap_sdk/install/GAP8_V3/include/hal/soc_eu/soc_eu_v1.h:60
/home/user/Desktop/Bitcraze/aideck-gap8-examples/examples/image_processing/simple_kernel_example/BUILD/GAP8_V2/GCC_RISCV_PULP_OS/test:1c006814 00000026 t soc_eu_fcEventMask_setEvent	/home/user/Desktop/Greenwaves/gap_riscv_toolchain_ubuntu/gap_sdk/install/GAP8_V3/include/hal/soc_eu/soc_eu_v1.h:60
/home/user/Desktop/Bitcraze/aideck-gap8-examples/examples/image_processing/simple_kernel_example/BUILD/GAP8_V2/GCC_RISCV_PULP_OS/test:1c00728c 00000028 D __pi_host_fs_api
/home/user/Desktop/Bitcraze/aideck-gap8-examples/examples/image_processing/simple_kernel_example/BUILD/GAP8_V2/GCC_RISCV_PULP_OS/test:1c007264 00000028 D __pi_read_fs_api
/home/user/Desktop/Bitcraze/aideck-gap8-examples/examples/image_processing/simple_kernel_example/BUILD/GAP8_V2/GCC_RISCV_PULP_OS/test:1c0059b6 00000028 T _prf_locked	/home/user/Desktop/Greenwaves/gap_riscv_toolchain_ubuntu/gap_sdk/gap8/rtos/pulp/pulp-os/libs/io/io.c:626
/home/user/Desktop/Bitcraze/aideck-gap8-examples/examples/image_processing/simple_kernel_example/BUILD/GAP8_V2/GCC_RISCV_PULP_OS/test:1c00389c 00000028 T __rt_alloc_init_l1_for_fc	/home/user/Desktop/Greenwaves/gap_riscv_toolchain_ubuntu/gap_sdk/gap8/rtos/pulp/pulp-os/kernel/alloc.c:452
/home/user/Desktop/Bitcraze/aideck-gap8-examples/examples/image_processing/simple_kernel_example/BUILD/GAP8_V2/GCC_RISCV_PULP_OS/test:1c00305a 00000028 T __rt_deinit	/home/user/Desktop/Greenwaves/gap_riscv_toolchain_ubuntu/gap_sdk/gap8/rtos/pulp/pulp-os/kernel/init.c:163
/home/user/Desktop/Bitcraze/aideck-gap8-examples/examples/image_processing/simple_kernel_example/BUILD/GAP8_V2/GCC_RISCV_PULP_OS/test:1c0035cc 00000028 T __rt_event_init	/home/user/Desktop/Greenwaves/gap_riscv_toolchain_ubuntu/gap_sdk/gap8/rtos/pulp/pulp-os/kernel/events.c:32
/home/user/Desktop/Bitcraze/aideck-gap8-examples/examples/image_processing/simple_kernel_example/BUILD/GAP8_V2/GCC_RISCV_PULP_OS/test:1c007838 00000028 B __rt_fc_cluster_data
/home/user/Desktop/Bitcraze/aideck-gap8-examples/examples/image_processing/simple_kernel_example/BUILD/GAP8_V2/GCC_RISCV_PULP_OS/test:1c0052b6 00000028 t __rt_i2s_setfreq_after	/home/user/Desktop/Greenwaves/gap_riscv_toolchain_ubuntu/gap_sdk/gap8/rtos/pulp/pulp-os/drivers_deprecated/i2s/i2s-v1.c:235
/home/user/Desktop/Bitcraze/aideck-gap8-examples/examples/image_processing/simple_kernel_example/BUILD/GAP8_V2/GCC_RISCV_PULP_OS/test:1c005722 00000028 t __rt_io_stop	/home/user/Desktop/Greenwaves/gap_riscv_toolchain_ubuntu/gap_sdk/gap8/rtos/pulp/pulp-os/libs/io/io.c:769
/home/user/Desktop/Bitcraze/aideck-gap8-examples/examples/image_processing/simple_kernel_example/BUILD/GAP8_V2/GCC_RISCV_PULP_OS/test:1c004d3c 00000028 T rt_padframe_set	/home/user/Desktop/Greenwaves/gap_riscv_toolchain_ubuntu/gap_sdk/gap8/rtos/pulp/pulp-os/drivers_deprecated/pads/pads-v1.c:77
/home/user/Desktop/Bitcraze/aideck-gap8-examples/examples/image_processing/simple_kernel_example/BUILD/GAP8_V2/GCC_RISCV_PULP_OS/test:000002b8 00000028 D __rt_udma_extra_callback
/home/user/Desktop/Bitcraze/aideck-gap8-examples/examples/image_processing/simple_kernel_example/BUILD/GAP8_V2/GCC_RISCV_PULP_OS/test:000002e0 00000028 D __rt_udma_extra_callback_arg
/home/user/Desktop/Bitcraze/aideck-gap8-examples/examples/image_processing/simple_kernel_example/BUILD/GAP8_V2/GCC_RISCV_PULP_OS/test:1c001cd4 0000002a t __himax_set_qqvga	/home/user/Desktop/Greenwaves/gap_riscv_toolchain_ubuntu/gap_sdk/rtos/pmsis/bsp/camera/himax/himax.c:214
/home/user/Desktop/Bitcraze/aideck-gap8-examples/examples/image_processing/simple_kernel_example/BUILD/GAP8_V2/GCC_RISCV_PULP_OS/test:1c003744 0000002a T __rt_wait_event	/home/user/Desktop/Greenwaves/gap_riscv_toolchain_ubuntu/gap_sdk/gap8/rtos/pulp/pulp-os/kernel/events.c:247
/home/user/Desktop/Bitcraze/aideck-gap8-examples/examples/image_processing/simple_kernel_example/BUILD/GAP8_V2/GCC_RISCV_PULP_OS/test:1c001558 0000002c T pi_fs_mount	/home/user/Desktop/Greenwaves/gap_riscv_toolchain_ubuntu/gap_sdk/rtos/pmsis/bsp/fs/fs.c:40
/home/user/Desktop/Bitcraze/aideck-gap8-examples/examples/image_processing/simple_kernel_example/BUILD/GAP8_V2/GCC_RISCV_PULP_OS/test:1c0020f0 0000002c T pi_himax_conf_init	/home/user/Desktop/Greenwaves/gap_riscv_toolchain_ubuntu/gap_sdk/rtos/pmsis/bsp/camera/himax/himax.c:512
/home/user/Desktop/Bitcraze/aideck-gap8-examples/examples/image_processing/simple_kernel_example/BUILD/GAP8_V2/GCC_RISCV_PULP_OS/test:1c005aec 0000002c T printf	/home/user/Desktop/Greenwaves/gap_riscv_toolchain_ubuntu/gap_sdk/gap8/rtos/pulp/pulp-os/libs/io/fprintf.c:41
/home/user/Desktop/Bitcraze/aideck-gap8-examples/examples/image_processing/simple_kernel_example/BUILD/GAP8_V2/GCC_RISCV_PULP_OS/test:1c00593a 0000002c T puts	/home/user/Desktop/Greenwaves/gap_riscv_toolchain_ubuntu/gap_sdk/gap8/rtos/pulp/pulp-os/libs/io/io.c:576
/home/user/Desktop/Bitcraze/aideck-gap8-examples/examples/image_processing/simple_kernel_example/BUILD/GAP8_V2/GCC_RISCV_PULP_OS/test:1c0052de 0000002c t __rt_i2s_setfreq_before	/home/user/Desktop/Greenwaves/gap_riscv_toolchain_ubuntu/gap_sdk/gap8/rtos/pulp/pulp-os/drivers_deprecated/i2s/i2s-v1.c:219
/home/user/Desktop/Bitcraze/aideck-gap8-examples/examples/image_processing/simple_kernel_example/BUILD/GAP8_V2/GCC_RISCV_PULP_OS/test:1c0075e8 0000002c b __rt_pulpos_emu_global_cluster_task	/home/user/Desktop/Greenwaves/gap_riscv_toolchain_ubuntu/gap_sdk/gap8/rtos/pulp/pulp-os/kernel/pulpos_emu.c:26
/home/user/Desktop/Bitcraze/aideck-gap8-examples/examples/image_processing/simple_kernel_example/BUILD/GAP8_V2/GCC_RISCV_PULP_OS/test:1c0067a6 0000002c t __rt_uart_setfreq_before	/home/user/Desktop/Greenwaves/gap_riscv_toolchain_ubuntu/gap_sdk/gap8/rtos/pulp/pulp-os/drivers_deprecated/uart/uart.c:102
/home/user/Desktop/Bitcraze/aideck-gap8-examples/examples/image_processing/simple_kernel_example/BUILD/GAP8_V2/GCC_RISCV_PULP_OS/test:1c003e2a 0000002c t SetFllMultDivFactors
/home/user/Desktop/Bitcraze/aideck-gap8-examples/examples/image_processing/simple_kernel_example/BUILD/GAP8_V2/GCC_RISCV_PULP_OS/test:1c00384c 0000002e T rt_alloc
/home/user/Desktop/Bitcraze/aideck-gap8-examples/examples/image_processing/simple_kernel_example/BUILD/GAP8_V2/GCC_RISCV_PULP_OS/test:1c005980 00000030 T fputc	/home/user/Desktop/Greenwaves/gap_riscv_toolchain_ubuntu/gap_sdk/gap8/rtos/pulp/pulp-os/libs/io/io.c:603
/home/user/Desktop/Bitcraze/aideck-gap8-examples/examples/image_processing/simple_kernel_example/BUILD/GAP8_V2/GCC_RISCV_PULP_OS/test:1c003230 00000030 T __rt_cbsys_exec	/home/user/Desktop/Greenwaves/gap_riscv_toolchain_ubuntu/gap_sdk/gap8/rtos/pulp/pulp-os/kernel/utils.c:71
/home/user/Desktop/Bitcraze/aideck-gap8-examples/examples/image_processing/simple_kernel_example/BUILD/GAP8_V2/GCC_RISCV_PULP_OS/test:1c002c66 00000032 T MD5_Init	/home/user/Desktop/Greenwaves/gap_riscv_toolchain_ubuntu/gap_sdk/rtos/pmsis/bsp/crc/md5.c:207
/home/user/Desktop/Bitcraze/aideck-gap8-examples/examples/image_processing/simple_kernel_example/BUILD/GAP8_V2/GCC_RISCV_PULP_OS/test:1c00452e 00000032 T pi_cluster_close	/home/user/Desktop/Greenwaves/gap_riscv_toolchain_ubuntu/gap_sdk/gap8/rtos/pulp/pulp-os/kernel/cluster.c:370
/home/user/Desktop/Bitcraze/aideck-gap8-examples/examples/image_processing/simple_kernel_example/BUILD/GAP8_V2/GCC_RISCV_PULP_OS/test:1c001b5e 00000032 t __pi_host_fs_read_async	/home/user/Desktop/Greenwaves/gap_riscv_toolchain_ubuntu/gap_sdk/rtos/pmsis/bsp/fs/host_fs/host_fs.c:74
/home/user/Desktop/Bitcraze/aideck-gap8-examples/examples/image_processing/simple_kernel_example/BUILD/GAP8_V2/GCC_RISCV_PULP_OS/test:1c001514 00000032 t pi_task_wait_on.isra.3	/home/user/Desktop/Greenwaves/gap_riscv_toolchain_ubuntu/gap_sdk/install/GAP8_V3/include/pmsis/implem/implem.h:70
/home/user/Desktop/Bitcraze/aideck-gap8-examples/examples/image_processing/simple_kernel_example/BUILD/GAP8_V2/GCC_RISCV_PULP_OS/test:1c0049bc 00000032 t pi_task_wait_on.isra.3	/home/user/Desktop/Greenwaves/gap_riscv_toolchain_ubuntu/gap_sdk/install/GAP8_V3/include/hal/soc_eu/soc_eu_v1.h:55
/home/user/Desktop/Bitcraze/aideck-gap8-examples/examples/image_processing/simple_kernel_example/BUILD/GAP8_V2/GCC_RISCV_PULP_OS/test:1c003282 00000032 T __rt_fc_lock	/home/user/Desktop/Greenwaves/gap_riscv_toolchain_ubuntu/gap_sdk/gap8/rtos/pulp/pulp-os/kernel/utils.c:92
/home/user/Desktop/Bitcraze/aideck-gap8-examples/examples/image_processing/simple_kernel_example/BUILD/GAP8_V2/GCC_RISCV_PULP_OS/test:000003a8 00000034 D dev_rtc	/home/user/Desktop/Greenwaves/gap_riscv_toolchain_ubuntu/gap_sdk/gap8/rtos/pulp/pulp-os/drivers_deprecated/dolphin/rtc.c:24
/home/user/Desktop/Bitcraze/aideck-gap8-examples/examples/image_processing/simple_kernel_example/BUILD/GAP8_V2/GCC_RISCV_PULP_OS/test:1c005c0e 00000034 t _get_digit	/home/user/Desktop/Greenwaves/gap_riscv_toolchain_ubuntu/gap_sdk/gap8/rtos/pulp/pulp-os/libs/io/prf.c:167
/home/user/Desktop/Bitcraze/aideck-gap8-examples/examples/image_processing/simple_kernel_example/BUILD/GAP8_V2/GCC_RISCV_PULP_OS/test:1c004950 00000034 T pi_cpi_capture_async	/home/user/Desktop/Greenwaves/gap_riscv_toolchain_ubuntu/gap_sdk/gap8/rtos/pulp/pulp-os/drivers/cpi/cpi-v1.c:102
/home/user/Desktop/Bitcraze/aideck-gap8-examples/examples/image_processing/simple_kernel_example/BUILD/GAP8_V2/GCC_RISCV_PULP_OS/test:1c003598 00000034 T __rt_bridge_init	/home/user/Desktop/Greenwaves/gap_riscv_toolchain_ubuntu/gap_sdk/gap8/rtos/pulp/pulp-os/kernel/bridge.c:851
/home/user/Desktop/Bitcraze/aideck-gap8-examples/examples/image_processing/simple_kernel_example/BUILD/GAP8_V2/GCC_RISCV_PULP_OS/test:1c0032b4 00000034 T __rt_fc_unlock	/home/user/Desktop/Greenwaves/gap_riscv_toolchain_ubuntu/gap_sdk/gap8/rtos/pulp/pulp-os/kernel/utils.c:127
/home/user/Desktop/Bitcraze/aideck-gap8-examples/examples/image_processing/simple_kernel_example/BUILD/GAP8_V2/GCC_RISCV_PULP_OS/test:1c005282 00000034 t __rt_i2s_resume	/home/user/Desktop/Greenwaves/gap_riscv_toolchain_ubuntu/gap_sdk/gap8/rtos/pulp/pulp-os/drivers_deprecated/i2s/i2s-v1.c:186
/home/user/Desktop/Bitcraze/aideck-gap8-examples/examples/image_processing/simple_kernel_example/BUILD/GAP8_V2/GCC_RISCV_PULP_OS/test:1c005512 00000034 t __rt_putc_host_cluster_req	/home/user/Desktop/Greenwaves/gap_riscv_toolchain_ubuntu/gap_sdk/gap8/rtos/pulp/pulp-os/libs/io/io.c:451
/home/user/Desktop/Bitcraze/aideck-gap8-examples/examples/image_processing/simple_kernel_example/BUILD/GAP8_V2/GCC_RISCV_PULP_OS/test:1c006926 00000034 T rt_uart_cluster_write	/home/user/Desktop/Greenwaves/gap_riscv_toolchain_ubuntu/gap_sdk/gap8/rtos/pulp/pulp-os/drivers_deprecated/uart/uart.c:277
/home/user/Desktop/Bitcraze/aideck-gap8-examples/examples/image_processing/simple_kernel_example/BUILD/GAP8_V2/GCC_RISCV_PULP_OS/test:1c001d5a 00000036 t __himax_reset	/home/user/Desktop/Greenwaves/gap_riscv_toolchain_ubuntu/gap_sdk/rtos/pmsis/bsp/camera/himax/himax.c:203
/home/user/Desktop/Bitcraze/aideck-gap8-examples/examples/image_processing/simple_kernel_example/BUILD/GAP8_V2/GCC_RISCV_PULP_OS/test:1c0057a4 00000036 T memcpy	/home/user/Desktop/Greenwaves/gap_riscv_toolchain_ubuntu/gap_sdk/gap8/rtos/pulp/pulp-os/libs/io/io.c:159
/home/user/Desktop/Bitcraze/aideck-gap8-examples/examples/image_processing/simple_kernel_example/BUILD/GAP8_V2/GCC_RISCV_PULP_OS/test:1c001b28 00000036 t __pi_host_fs_write_async	/home/user/Desktop/Greenwaves/gap_riscv_toolchain_ubuntu/gap_sdk/rtos/pmsis/bsp/fs/host_fs/host_fs.c:100
/home/user/Desktop/Bitcraze/aideck-gap8-examples/examples/image_processing/simple_kernel_example/BUILD/GAP8_V2/GCC_RISCV_PULP_OS/test:1c003320 00000036 T __rt_fc_cluster_unlock	/home/user/Desktop/Greenwaves/gap_riscv_toolchain_ubuntu/gap_sdk/gap8/rtos/pulp/pulp-os/kernel/utils.c:199
/home/user/Desktop/Bitcraze/aideck-gap8-examples/examples/image_processing/simple_kernel_example/BUILD/GAP8_V2/GCC_RISCV_PULP_OS/test:1c00169a 00000038 t __pi_fs_free	/home/user/Desktop/Greenwaves/gap_riscv_toolchain_ubuntu/gap_sdk/rtos/pmsis/bsp/fs/read_fs/read_fs.c:122
/home/user/Desktop/Bitcraze/aideck-gap8-examples/examples/image_processing/simple_kernel_example/BUILD/GAP8_V2/GCC_RISCV_PULP_OS/test:1c0032e8 00000038 T __rt_fc_cluster_lock	/home/user/Desktop/Greenwaves/gap_riscv_toolchain_ubuntu/gap_sdk/gap8/rtos/pulp/pulp-os/kernel/utils.c:189
/home/user/Desktop/Bitcraze/aideck-gap8-examples/examples/image_processing/simple_kernel_example/BUILD/GAP8_V2/GCC_RISCV_PULP_OS/test:1c0034f0 0000003a T __rt_bridge_printf_flush
/home/user/Desktop/Bitcraze/aideck-gap8-examples/examples/image_processing/simple_kernel_example/BUILD/GAP8_V2/GCC_RISCV_PULP_OS/test:1c002e6c 0000003c t __bsp_init_pads
/home/user/Desktop/Bitcraze/aideck-gap8-examples/examples/image_processing/simple_kernel_example/BUILD/GAP8_V2/GCC_RISCV_PULP_OS/test:1c001c98 0000003c t __himax_init_regs	/home/user/Desktop/Greenwaves/gap_riscv_toolchain_ubuntu/gap_sdk/rtos/pmsis/bsp/camera/himax/himax.c:192
/home/user/Desktop/Bitcraze/aideck-gap8-examples/examples/image_processing/simple_kernel_example/BUILD/GAP8_V2/GCC_RISCV_PULP_OS/test:1c0045d0 0000003c T __rt_cluster_new	/home/user/Desktop/Greenwaves/gap_riscv_toolchain_ubuntu/gap_sdk/gap8/rtos/pulp/pulp-os/kernel/cluster.c:445
/home/user/Desktop/Bitcraze/aideck-gap8-examples/examples/image_processing/simple_kernel_example/BUILD/GAP8_V2/GCC_RISCV_PULP_OS/test:1c00460c 0000003c t __rt_cluster_pulpos_emu_init	/home/user/Desktop/Greenwaves/gap_riscv_toolchain_ubuntu/gap_sdk/gap8/rtos/pulp/pulp-os/kernel/pulpos_emu.c:29
/home/user/Desktop/Bitcraze/aideck-gap8-examples/examples/image_processing/simple_kernel_example/BUILD/GAP8_V2/GCC_RISCV_PULP_OS/test:1c005852 0000003c T __rt_putc_uart	/home/user/Desktop/Greenwaves/gap_riscv_toolchain_ubuntu/gap_sdk/gap8/rtos/pulp/pulp-os/libs/io/io.c:412
/home/user/Desktop/Bitcraze/aideck-gap8-examples/examples/image_processing/simple_kernel_example/BUILD/GAP8_V2/GCC_RISCV_PULP_OS/test:1c0015f8 0000003e t __pi_read_fs_write	/home/user/Desktop/Greenwaves/gap_riscv_toolchain_ubuntu/gap_sdk/rtos/pmsis/bsp/fs/read_fs/read_fs.c:501
/home/user/Desktop/Bitcraze/aideck-gap8-examples/examples/image_processing/simple_kernel_example/BUILD/GAP8_V2/GCC_RISCV_PULP_OS/test:1c0031f2 0000003e T __rt_cbsys_add	/home/user/Desktop/Greenwaves/gap_riscv_toolchain_ubuntu/gap_sdk/gap8/rtos/pulp/pulp-os/kernel/utils.c:57
/home/user/Desktop/Bitcraze/aideck-gap8-examples/examples/image_processing/simple_kernel_example/BUILD/GAP8_V2/GCC_RISCV_PULP_OS/test:1c003dec 0000003e T __rt_freq_init	/home/user/Desktop/Greenwaves/gap_riscv_toolchain_ubuntu/gap_sdk/gap8/rtos/pulp/pulp-os/kernel/gap/freq.c:62
/home/user/Desktop/Bitcraze/aideck-gap8-examples/examples/image_processing/simple_kernel_example/BUILD/GAP8_V2/GCC_RISCV_PULP_OS/test:1c004150 00000040 T InitFlls	/home/user/Desktop/Greenwaves/gap_riscv_toolchain_ubuntu/gap_sdk/gap8/rtos/pulp/pulp-os/kernel/gap/pmu_driver.c:858
/home/user/Desktop/Bitcraze/aideck-gap8-examples/examples/image_processing/simple_kernel_example/BUILD/GAP8_V2/GCC_RISCV_PULP_OS/test:1c0053e8 00000040 t __rt_do_putc_host	/home/user/Desktop/Greenwaves/gap_riscv_toolchain_ubuntu/gap_sdk/gap8/rtos/pulp/pulp-os/libs/io/io.c:430
/home/user/Desktop/Bitcraze/aideck-gap8-examples/examples/image_processing/simple_kernel_example/BUILD/GAP8_V2/GCC_RISCV_PULP_OS/test:1c001b90 00000042 t __pi_host_fs_copy_async	/home/user/Desktop/Greenwaves/gap_riscv_toolchain_ubuntu/gap_sdk/rtos/pmsis/bsp/fs/host_fs/host_fs.c:115
/home/user/Desktop/Bitcraze/aideck-gap8-examples/examples/image_processing/simple_kernel_example/BUILD/GAP8_V2/GCC_RISCV_PULP_OS/test:1c0067d2 00000042 t __rt_uart_cluster_req	/home/user/Desktop/Greenwaves/gap_riscv_toolchain_ubuntu/gap_sdk/gap8/rtos/pulp/pulp-os/drivers_deprecated/uart/uart.c:266
/home/user/Desktop/Bitcraze/aideck-gap8-examples/examples/image_processing/simple_kernel_example/BUILD/GAP8_V2/GCC_RISCV_PULP_OS/test:1c006764 00000042 t __rt_uart_wait_tx_done.isra.6	/home/user/Desktop/Greenwaves/gap_riscv_toolchain_ubuntu/gap_sdk/gap8/rtos/pulp/pulp-os/drivers_deprecated/uart/uart.c:222
/home/user/Desktop/Bitcraze/aideck-gap8-examples/examples/image_processing/simple_kernel_example/BUILD/GAP8_V2/GCC_RISCV_PULP_OS/test:1c000d26 00000044 T cluster_delegate	/home/user/Desktop/Bitcraze/aideck-gap8-examples/examples/image_processing/simple_kernel_example/test.c:70
/home/user/Desktop/Bitcraze/aideck-gap8-examples/examples/image_processing/simple_kernel_example/BUILD/GAP8_V2/GCC_RISCV_PULP_OS/test:1c001d16 00000044 t __himax_reg_read	/home/user/Desktop/Greenwaves/gap_riscv_toolchain_ubuntu/gap_sdk/rtos/pmsis/bsp/camera/himax/himax.c:175
/home/user/Desktop/Bitcraze/aideck-gap8-examples/examples/image_processing/simple_kernel_example/BUILD/GAP8_V2/GCC_RISCV_PULP_OS/test:1c005bca 00000044 t _ldiv5	/home/user/Desktop/Greenwaves/gap_riscv_toolchain_ubuntu/gap_sdk/gap8/rtos/pulp/pulp-os/libs/io/prf.c:143
/home/user/Desktop/Bitcraze/aideck-gap8-examples/examples/image_processing/simple_kernel_example/BUILD/GAP8_V2/GCC_RISCV_PULP_OS/test:1c004e76 00000044 t __pi_hyper_copy_exec
/home/user/Desktop/Bitcraze/aideck-gap8-examples/examples/image_processing/simple_kernel_example/BUILD/GAP8_V2/GCC_RISCV_PULP_OS/test:1c003392 00000046 t __rt_bridge_wait
/home/user/Desktop/Bitcraze/aideck-gap8-examples/examples/image_processing/simple_kernel_example/BUILD/GAP8_V2/GCC_RISCV_PULP_OS/test:1c00482e 00000048 T pi_cluster_send_task_to_cl	/home/user/Desktop/Greenwaves/gap_riscv_toolchain_ubuntu/gap_sdk/gap8/rtos/pulp/pulp-os/kernel/cluster_call.c:149
/home/user/Desktop/Bitcraze/aideck-gap8-examples/examples/image_processing/simple_kernel_example/BUILD/GAP8_V2/GCC_RISCV_PULP_OS/test:1c004908 00000048 T pi_cpi_close	/home/user/Desktop/Greenwaves/gap_riscv_toolchain_ubuntu/gap_sdk/gap8/rtos/pulp/pulp-os/drivers/cpi/cpi-v1.c:73
/home/user/Desktop/Bitcraze/aideck-gap8-examples/examples/image_processing/simple_kernel_example/BUILD/GAP8_V2/GCC_RISCV_PULP_OS/test:1c00184a 00000048 t __pi_read_fs_direct_read_async	/home/user/Desktop/Greenwaves/gap_riscv_toolchain_ubuntu/gap_sdk/rtos/pmsis/bsp/fs/read_fs/read_fs.c:628
/home/user/Desktop/Bitcraze/aideck-gap8-examples/examples/image_processing/simple_kernel_example/BUILD/GAP8_V2/GCC_RISCV_PULP_OS/test:1c0037b8 00000048 T rt_user_alloc	/home/user/Desktop/Greenwaves/gap_riscv_toolchain_ubuntu/gap_sdk/gap8/rtos/pulp/pulp-os/kernel/alloc.c:207
/home/user/Desktop/Bitcraze/aideck-gap8-examples/examples/image_processing/simple_kernel_example/BUILD/GAP8_V2/GCC_RISCV_PULP_OS/test:1c00344a 0000004a T __rt_bridge_check_connection
/home/user/Desktop/Bitcraze/aideck-gap8-examples/examples/image_processing/simple_kernel_example/BUILD/GAP8_V2/GCC_RISCV_PULP_OS/test:1c003da2 0000004a T rt_freq_set_and_get	/home/user/Desktop/Greenwaves/gap_riscv_toolchain_ubuntu/gap_sdk/gap8/rtos/pulp/pulp-os/kernel/gap/freq.c:30
/home/user/Desktop/Bitcraze/aideck-gap8-examples/examples/image_processing/simple_kernel_example/BUILD/GAP8_V2/GCC_RISCV_PULP_OS/test:1c003086 0000004c T rt_irq_set_handler	/home/user/Desktop/Greenwaves/gap_riscv_toolchain_ubuntu/gap_sdk/gap8/rtos/pulp/pulp-os/kernel/irq.c:61
/home/user/Desktop/Bitcraze/aideck-gap8-examples/examples/image_processing/simple_kernel_example/BUILD/GAP8_V2/GCC_RISCV_PULP_OS/test:1c003800 0000004c T rt_user_free	/home/user/Desktop/Greenwaves/gap_riscv_toolchain_ubuntu/gap_sdk/gap8/rtos/pulp/pulp-os/kernel/alloc.c:291
/home/user/Desktop/Bitcraze/aideck-gap8-examples/examples/image_processing/simple_kernel_example/BUILD/GAP8_V2/GCC_RISCV_PULP_OS/test:1c0017fc 0000004e t __pi_read_fs_close
/home/user/Desktop/Bitcraze/aideck-gap8-examples/examples/image_processing/simple_kernel_example/BUILD/GAP8_V2/GCC_RISCV_PULP_OS/test:1c0068d8 0000004e T rt_uart_close	/home/user/Desktop/Greenwaves/gap_riscv_toolchain_ubuntu/gap_sdk/gap8/rtos/pulp/pulp-os/drivers_deprecated/uart/uart.c:228
/home/user/Desktop/Bitcraze/aideck-gap8-examples/examples/image_processing/simple_kernel_example/BUILD/GAP8_V2/GCC_RISCV_PULP_OS/test:1c004eba 00000050 t exec_pending_task	/home/user/Desktop/Greenwaves/gap_riscv_toolchain_ubuntu/gap_sdk/gap8/rtos/pulp/pulp-os/drivers/hyper/hyperram-v1.c:867
/home/user/Desktop/Bitcraze/aideck-gap8-examples/examples/image_processing/simple_kernel_example/BUILD/GAP8_V2/GCC_RISCV_PULP_OS/test:1c0030d4 00000050 T __rt_handle_illegal_instr	/home/user/Desktop/Greenwaves/gap_riscv_toolchain_ubuntu/gap_sdk/gap8/rtos/pulp/pulp-os/kernel/irq.c:94
/home/user/Desktop/Bitcraze/aideck-gap8-examples/examples/image_processing/simple_kernel_example/BUILD/GAP8_V2/GCC_RISCV_PULP_OS/test:1c0051ac 00000050 t __rt_hyper_init	/home/user/Desktop/Greenwaves/gap_riscv_toolchain_ubuntu/gap_sdk/gap8/rtos/pulp/pulp-os/drivers/hyper/hyperram-v1.c:995
/home/user/Desktop/Bitcraze/aideck-gap8-examples/examples/image_processing/simple_kernel_example/BUILD/GAP8_V2/GCC_RISCV_PULP_OS/test:1c004cec 00000050 t __rt_i2c_init	/home/user/Desktop/Greenwaves/gap_riscv_toolchain_ubuntu/gap_sdk/gap8/rtos/pulp/pulp-os/drivers/i2c/i2c-v2.c:307
/home/user/Desktop/Bitcraze/aideck-gap8-examples/examples/image_processing/simple_kernel_example/BUILD/GAP8_V2/GCC_RISCV_PULP_OS/test:1c005398 00000050 t __rt_io_uart_wait_req	/home/user/Desktop/Greenwaves/gap_riscv_toolchain_ubuntu/gap_sdk/gap8/rtos/pulp/pulp-os/libs/io/io.c:315
/home/user/Desktop/Bitcraze/aideck-gap8-examples/examples/image_processing/simple_kernel_example/BUILD/GAP8_V2/GCC_RISCV_PULP_OS/test:00000308 00000050 D __rt_udma_channels
/home/user/Desktop/Bitcraze/aideck-gap8-examples/examples/image_processing/simple_kernel_example/BUILD/GAP8_V2/GCC_RISCV_PULP_OS/test:1c00530a 00000052 T __rt_i2s_init	/home/user/Desktop/Greenwaves/gap_riscv_toolchain_ubuntu/gap_sdk/gap8/rtos/pulp/pulp-os/drivers_deprecated/i2s/i2s-v1.c:268
/home/user/Desktop/Bitcraze/aideck-gap8-examples/examples/image_processing/simple_kernel_example/BUILD/GAP8_V2/GCC_RISCV_PULP_OS/test:1c003124 00000052 T __rt_irq_init	/home/user/Desktop/Greenwaves/gap_riscv_toolchain_ubuntu/gap_sdk/gap8/rtos/pulp/pulp-os/kernel/irq.c:103
/home/user/Desktop/Bitcraze/aideck-gap8-examples/examples/image_processing/simple_kernel_example/BUILD/GAP8_V2/GCC_RISCV_PULP_OS/test:1c004d6e 00000054 T __rt_udma_copy_enqueue	/home/user/Desktop/Greenwaves/gap_riscv_toolchain_ubuntu/gap_sdk/gap8/rtos/pulp/pulp-os/drivers/udma/udma-v2.c:55
/home/user/Desktop/Bitcraze/aideck-gap8-examples/examples/image_processing/simple_kernel_example/BUILD/GAP8_V2/GCC_RISCV_PULP_OS/test:1c003cee 00000056 T __rt_periph_wait_event	/home/user/Desktop/Greenwaves/gap_riscv_toolchain_ubuntu/gap_sdk/gap8/rtos/pulp/pulp-os/kernel/periph-v2.c:237
/home/user/Desktop/Bitcraze/aideck-gap8-examples/examples/image_processing/simple_kernel_example/BUILD/GAP8_V2/GCC_RISCV_PULP_OS/test:1c004e1e 00000058 T __pi_hyper_copy_aligned	/home/user/Desktop/Greenwaves/gap_riscv_toolchain_ubuntu/gap_sdk/gap8/rtos/pulp/pulp-os/drivers/hyper/hyperram-v1.c:480
/home/user/Desktop/Bitcraze/aideck-gap8-examples/examples/image_processing/simple_kernel_example/BUILD/GAP8_V2/GCC_RISCV_PULP_OS/test:1c005428 0000005a t __rt_io_start	/home/user/Desktop/Greenwaves/gap_riscv_toolchain_ubuntu/gap_sdk/gap8/rtos/pulp/pulp-os/libs/io/io.c:746
/home/user/Desktop/Bitcraze/aideck-gap8-examples/examples/image_processing/simple_kernel_example/BUILD/GAP8_V2/GCC_RISCV_PULP_OS/test:1c0046d8 0000005c T rt_cluster_mount	/home/user/Desktop/Greenwaves/gap_riscv_toolchain_ubuntu/gap_sdk/gap8/rtos/pulp/pulp-os/kernel/pulpos_emu.c:68
/home/user/Desktop/Bitcraze/aideck-gap8-examples/examples/image_processing/simple_kernel_example/BUILD/GAP8_V2/GCC_RISCV_PULP_OS/test:1c00695a 0000005c T __rt_uart_init	/home/user/Desktop/Greenwaves/gap_riscv_toolchain_ubuntu/gap_sdk/gap8/rtos/pulp/pulp-os/drivers_deprecated/uart/uart.c:292
/home/user/Desktop/Bitcraze/aideck-gap8-examples/examples/image_processing/simple_kernel_example/BUILD/GAP8_V2/GCC_RISCV_PULP_OS/test:1c00212c 0000005e T pi_partition_find_first	/home/user/Desktop/Greenwaves/gap_riscv_toolchain_ubuntu/gap_sdk/rtos/pmsis/bsp/partition/partition.c:65
/home/user/Desktop/Bitcraze/aideck-gap8-examples/examples/image_processing/simple_kernel_example/BUILD/GAP8_V2/GCC_RISCV_PULP_OS/test:1c003d44 0000005e T __rt_periph_init	/home/user/Desktop/Greenwaves/gap_riscv_toolchain_ubuntu/gap_sdk/gap8/rtos/pulp/pulp-os/kernel/periph-v2.c:276
/home/user/Desktop/Bitcraze/aideck-gap8-examples/examples/image_processing/simple_kernel_example/BUILD/GAP8_V2/GCC_RISCV_PULP_OS/test:1c0057f4 0000005e T __rt_putc_debug_bridge	/home/user/Desktop/Greenwaves/gap_riscv_toolchain_ubuntu/gap_sdk/gap8/rtos/pulp/pulp-os/libs/io/io.c:288
/home/user/Desktop/Bitcraze/aideck-gap8-examples/examples/image_processing/simple_kernel_example/BUILD/GAP8_V2/GCC_RISCV_PULP_OS/test:1c004266 00000062 t __rt_init_cluster_data	/home/user/Desktop/Greenwaves/gap_riscv_toolchain_ubuntu/gap_sdk/gap8/rtos/pulp/pulp-os/kernel/cluster.c:72
/home/user/Desktop/Bitcraze/aideck-gap8-examples/examples/image_processing/simple_kernel_example/BUILD/GAP8_V2/GCC_RISCV_PULP_OS/test:1c0042c8 00000064 t __rt_cluster_init	/home/user/Desktop/Greenwaves/gap_riscv_toolchain_ubuntu/gap_sdk/gap8/rtos/pulp/pulp-os/kernel/cluster.c:382
/home/user/Desktop/Bitcraze/aideck-gap8-examples/examples/image_processing/simple_kernel_example/BUILD/GAP8_V2/GCC_RISCV_PULP_OS/test:1c0036e0 00000064 T __rt_event_execute	/home/user/Desktop/Greenwaves/gap_riscv_toolchain_ubuntu/gap_sdk/gap8/rtos/pulp/pulp-os/kernel/events.c:189
/home/user/Desktop/Bitcraze/aideck-gap8-examples/examples/image_processing/simple_kernel_example/BUILD/GAP8_V2/GCC_RISCV_PULP_OS/test:1c00489e 0000006a T pi_cpi_open	/home/user/Desktop/Greenwaves/gap_riscv_toolchain_ubuntu/gap_sdk/gap8/rtos/pulp/pulp-os/drivers/cpi/cpi-v1.c:37
/home/user/Desktop/Bitcraze/aideck-gap8-examples/examples/image_processing/simple_kernel_example/BUILD/GAP8_V2/GCC_RISCV_PULP_OS/test:1c0038c4 0000006a T __rt_allocs_init	/home/user/Desktop/Greenwaves/gap_riscv_toolchain_ubuntu/gap_sdk/gap8/rtos/pulp/pulp-os/kernel/alloc.c:465
/home/user/Desktop/Bitcraze/aideck-gap8-examples/examples/image_processing/simple_kernel_example/BUILD/GAP8_V2/GCC_RISCV_PULP_OS/test:1c002324 0000006c T flash_partition_find_first	/home/user/Desktop/Greenwaves/gap_riscv_toolchain_ubuntu/gap_sdk/rtos/pmsis/bsp/partition/flash_partition.c:228
/home/user/Desktop/Bitcraze/aideck-gap8-examples/examples/image_processing/simple_kernel_example/BUILD/GAP8_V2/GCC_RISCV_PULP_OS/test:1c00352a 0000006e T __rt_bridge_req_shutdown	/home/user/Desktop/Greenwaves/gap_riscv_toolchain_ubuntu/gap_sdk/gap8/rtos/pulp/pulp-os/kernel/bridge.c:774
/home/user/Desktop/Bitcraze/aideck-gap8-examples/examples/image_processing/simple_kernel_example/BUILD/GAP8_V2/GCC_RISCV_PULP_OS/test:1c004560 00000070 T __rt_cluster_push_fc_event	/home/user/Desktop/Greenwaves/gap_riscv_toolchain_ubuntu/gap_sdk/gap8/rtos/pulp/pulp-os/kernel/cluster.c:413
/home/user/Desktop/Bitcraze/aideck-gap8-examples/examples/image_processing/simple_kernel_example/BUILD/GAP8_V2/GCC_RISCV_PULP_OS/test:1c0054a2 00000070 t __rt_io_lock
/home/user/Desktop/Bitcraze/aideck-gap8-examples/examples/image_processing/simple_kernel_example/BUILD/GAP8_V2/GCC_RISCV_PULP_OS/test:1c005546 00000070 t __rt_io_unlock
/home/user/Desktop/Bitcraze/aideck-gap8-examples/examples/image_processing/simple_kernel_example/BUILD/GAP8_V2/GCC_RISCV_PULP_OS/test:1c0033d8 00000072 T __rt_bridge_handle_notif	/home/user/Desktop/Greenwaves/gap_riscv_toolchain_ubuntu/gap_sdk/gap8/rtos/pulp/pulp-os/kernel/bridge.c:644
/home/user/Desktop/Bitcraze/aideck-gap8-examples/examples/image_processing/simple_kernel_example/BUILD/GAP8_V2/GCC_RISCV_PULP_OS/test:1c005a5c 00000072 T __rt_io_init	/home/user/Desktop/Greenwaves/gap_riscv_toolchain_ubuntu/gap_sdk/gap8/rtos/pulp/pulp-os/libs/io/io.c:800
/home/user/Desktop/Bitcraze/aideck-gap8-examples/examples/image_processing/simple_kernel_example/BUILD/GAP8_V2/GCC_RISCV_PULP_OS/test:1c0059de 00000074 T exit	/home/user/Desktop/Greenwaves/gap_riscv_toolchain_ubuntu/gap_sdk/gap8/rtos/pulp/pulp-os/libs/io/io.c:690
/home/user/Desktop/Bitcraze/aideck-gap8-examples/examples/image_processing/simple_kernel_example/BUILD/GAP8_V2/GCC_RISCV_PULP_OS/test:1c00218a 00000074 T flash_partition_table_verify	/home/user/Desktop/Greenwaves/gap_riscv_toolchain_ubuntu/gap_sdk/rtos/pmsis/bsp/partition/flash_partition.c:80
/home/user/Desktop/Bitcraze/aideck-gap8-examples/examples/image_processing/simple_kernel_example/BUILD/GAP8_V2/GCC_RISCV_PULP_OS/test:1c00360c 00000074 T rt_event_alloc	/home/user/Desktop/Greenwaves/gap_riscv_toolchain_ubuntu/gap_sdk/gap8/rtos/pulp/pulp-os/kernel/events.c:52
/home/user/Desktop/Bitcraze/aideck-gap8-examples/examples/image_processing/simple_kernel_example/BUILD/GAP8_V2/GCC_RISCV_PULP_OS/test:1c001aae 0000007a t __pi_host_fs_copy_2d_async	/home/user/Desktop/Greenwaves/gap_riscv_toolchain_ubuntu/gap_sdk/rtos/pmsis/bsp/fs/host_fs/host_fs.c:126
/home/user/Desktop/Bitcraze/aideck-gap8-examples/examples/image_processing/simple_kernel_example/BUILD/GAP8_V2/GCC_RISCV_PULP_OS/test:1c001bf0 0000007a t __pi_host_fs_open	/home/user/Desktop/Greenwaves/gap_riscv_toolchain_ubuntu/gap_sdk/rtos/pmsis/bsp/fs/host_fs/host_fs.c:44
/home/user/Desktop/Bitcraze/aideck-gap8-examples/examples/image_processing/simple_kernel_example/BUILD/GAP8_V2/GCC_RISCV_PULP_OS/test:1c0039a0 0000007a T rt_event_push_delayed	/home/user/Desktop/Greenwaves/gap_riscv_toolchain_ubuntu/gap_sdk/gap8/rtos/pulp/pulp-os/kernel/time.c:59
/home/user/Desktop/Bitcraze/aideck-gap8-examples/examples/image_processing/simple_kernel_example/BUILD/GAP8_V2/GCC_RISCV_PULP_OS/test:1c003176 0000007c t __rt_fc_cluster_lock_req	/home/user/Desktop/Greenwaves/gap_riscv_toolchain_ubuntu/gap_sdk/gap8/rtos/pulp/pulp-os/kernel/utils.c:142
/home/user/Desktop/Bitcraze/aideck-gap8-examples/examples/image_processing/simple_kernel_example/BUILD/GAP8_V2/GCC_RISCV_PULP_OS/test:1c007634 00000080 b __pi_hyper_temp_buffer	/home/user/Desktop/Greenwaves/gap_riscv_toolchain_ubuntu/gap_sdk/gap8/rtos/pulp/pulp-os/drivers/hyper/hyperram-v1.c:160
/home/user/Desktop/Bitcraze/aideck-gap8-examples/examples/image_processing/simple_kernel_example/BUILD/GAP8_V2/GCC_RISCV_PULP_OS/test:1c00774c 00000080 b __rt_io_event	/home/user/Desktop/Greenwaves/gap_riscv_toolchain_ubuntu/gap_sdk/gap8/rtos/pulp/pulp-os/libs/io/io.c:39
/home/user/Desktop/Bitcraze/aideck-gap8-examples/examples/image_processing/simple_kernel_example/BUILD/GAP8_V2/GCC_RISCV_PULP_OS/test:1c0074a4 00000080 d __rt_putc_host_buffer	/home/user/Desktop/Greenwaves/gap_riscv_toolchain_ubuntu/gap_sdk/gap8/rtos/pulp/pulp-os/libs/io/io.c:47
/home/user/Desktop/Bitcraze/aideck-gap8-examples/examples/image_processing/simple_kernel_example/BUILD/GAP8_V2/GCC_RISCV_PULP_OS/test:1c0051fc 00000086 T __pi_gpio_handler	/home/user/Desktop/Greenwaves/gap_riscv_toolchain_ubuntu/gap_sdk/gap8/rtos/pulp/pulp-os/drivers/gpio/gpio-v2.c:54
/home/user/Desktop/Bitcraze/aideck-gap8-examples/examples/image_processing/simple_kernel_example/BUILD/GAP8_V2/GCC_RISCV_PULP_OS/test:1c007560 00000088 b bsp_fs_data	/home/user/Desktop/Greenwaves/gap_riscv_toolchain_ubuntu/gap_sdk/rtos/pmsis/bsp/fs/host_fs/host_fs.c:27
/home/user/Desktop/Bitcraze/aideck-gap8-examples/examples/image_processing/simple_kernel_example/BUILD/GAP8_V2/GCC_RISCV_PULP_OS/test:1c00741c 00000088 d __rt_i2c	/home/user/Desktop/Greenwaves/gap_riscv_toolchain_ubuntu/gap_sdk/gap8/rtos/pulp/pulp-os/drivers/i2c/i2c-v2.c:25
/home/user/Desktop/Bitcraze/aideck-gap8-examples/examples/image_processing/simple_kernel_example/BUILD/GAP8_V2/GCC_RISCV_PULP_OS/test:1c003e7c 0000008c T __rt_pmu_cluster_power_down	/home/user/Desktop/Greenwaves/gap_riscv_toolchain_ubuntu/gap_sdk/gap8/rtos/pulp/pulp-os/kernel/gap/pmu_driver.c:205
/home/user/Desktop/Bitcraze/aideck-gap8-examples/examples/image_processing/simple_kernel_example/BUILD/GAP8_V2/GCC_RISCV_PULP_OS/test:1c003a3c 0000008c T __rt_time_init	/home/user/Desktop/Greenwaves/gap_riscv_toolchain_ubuntu/gap_sdk/gap8/rtos/pulp/pulp-os/kernel/time.c:188
/home/user/Desktop/Bitcraze/aideck-gap8-examples/examples/image_processing/simple_kernel_example/BUILD/GAP8_V2/GCC_RISCV_PULP_OS/test:1c00684a 0000008e T __rt_uart_open	/home/user/Desktop/Greenwaves/gap_riscv_toolchain_ubuntu/gap_sdk/gap8/rtos/pulp/pulp-os/drivers_deprecated/uart/uart.c:151
/home/user/Desktop/Bitcraze/aideck-gap8-examples/examples/image_processing/simple_kernel_example/BUILD/GAP8_V2/GCC_RISCV_PULP_OS/test:1c004648 00000090 T rt_cluster_call	/home/user/Desktop/Greenwaves/gap_riscv_toolchain_ubuntu/gap_sdk/gap8/rtos/pulp/pulp-os/kernel/pulpos_emu.c:40
/home/user/Desktop/Bitcraze/aideck-gap8-examples/examples/image_processing/simple_kernel_example/BUILD/GAP8_V2/GCC_RISCV_PULP_OS/test:1c005690 00000092 t __rt_io_uart_wait_pending	/home/user/Desktop/Greenwaves/gap_riscv_toolchain_ubuntu/gap_sdk/gap8/rtos/pulp/pulp-os/libs/io/io.c:332
/home/user/Desktop/Bitcraze/aideck-gap8-examples/examples/image_processing/simple_kernel_example/BUILD/GAP8_V2/GCC_RISCV_PULP_OS/test:1c005b18 00000092 t _to_x	/home/user/Desktop/Greenwaves/gap_riscv_toolchain_ubuntu/gap_sdk/gap8/rtos/pulp/pulp-os/libs/io/prf.c:44
/home/user/Desktop/Bitcraze/aideck-gap8-examples/examples/image_processing/simple_kernel_example/BUILD/GAP8_V2/GCC_RISCV_PULP_OS/test:1c0019c0 00000098 t __pi_read_fs_mount	/home/user/Desktop/Greenwaves/gap_riscv_toolchain_ubuntu/gap_sdk/rtos/pmsis/bsp/fs/read_fs/read_fs.c:242
/home/user/Desktop/Bitcraze/aideck-gap8-examples/examples/image_processing/simple_kernel_example/BUILD/GAP8_V2/GCC_RISCV_PULP_OS/test:1c0076b4 00000098 b __rt_gpio	/home/user/Desktop/Greenwaves/gap_riscv_toolchain_ubuntu/gap_sdk/gap8/rtos/pulp/pulp-os/drivers/gpio/gpio-v2.c:34
/home/user/Desktop/Bitcraze/aideck-gap8-examples/examples/image_processing/simple_kernel_example/BUILD/GAP8_V2/GCC_RISCV_PULP_OS/test:1c002c98 0000009c T MD5_Update	/home/user/Desktop/Greenwaves/gap_riscv_toolchain_ubuntu/gap_sdk/rtos/pmsis/bsp/crc/md5.c:218
/home/user/Desktop/Bitcraze/aideck-gap8-examples/examples/image_processing/simple_kernel_example/BUILD/GAP8_V2/GCC_RISCV_PULP_OS/test:1c002052 0000009e t __himax_control	/home/user/Desktop/Greenwaves/gap_riscv_toolchain_ubuntu/gap_sdk/rtos/pmsis/bsp/camera/himax/himax.c:433
/home/user/Desktop/Bitcraze/aideck-gap8-examples/examples/image_processing/simple_kernel_example/BUILD/GAP8_V2/GCC_RISCV_PULP_OS/test:1c003fe6 000000a2 T InitOneFll	/home/user/Desktop/Greenwaves/gap_riscv_toolchain_ubuntu/gap_sdk/gap8/rtos/pulp/pulp-os/kernel/gap/pmu_driver.c:771
/home/user/Desktop/Bitcraze/aideck-gap8-examples/examples/image_processing/simple_kernel_example/BUILD/GAP8_V2/GCC_RISCV_PULP_OS/test:1c00588e 000000ac t tfp_putc.isra.9	/home/user/Desktop/Greenwaves/gap_riscv_toolchain_ubuntu/gap_sdk/gap8/rtos/pulp/pulp-os/libs/io/io.c:795
/home/user/Desktop/Bitcraze/aideck-gap8-examples/examples/image_processing/simple_kernel_example/BUILD/GAP8_V2/GCC_RISCV_PULP_OS/test:1c004190 000000ba T __rt_pmu_init	/home/user/Desktop/Greenwaves/gap_riscv_toolchain_ubuntu/gap_sdk/gap8/rtos/pulp/pulp-os/kernel/gap/pmu_driver.c:472
/home/user/Desktop/Bitcraze/aideck-gap8-examples/examples/image_processing/simple_kernel_example/BUILD/GAP8_V2/GCC_RISCV_PULP_OS/test:1c004ae2 000000bc T pi_i2c_read_async	/home/user/Desktop/Greenwaves/gap_riscv_toolchain_ubuntu/gap_sdk/gap8/rtos/pulp/pulp-os/drivers/i2c/i2c-v2.c:190
/home/user/Desktop/Bitcraze/aideck-gap8-examples/examples/image_processing/simple_kernel_example/BUILD/GAP8_V2/GCC_RISCV_PULP_OS/test:1c007318 000000c0 D __hal_debug_struct
/home/user/Desktop/Bitcraze/aideck-gap8-examples/examples/image_processing/simple_kernel_example/BUILD/GAP8_V2/GCC_RISCV_PULP_OS/test:1c004088 000000c8 T __rt_pmu_cluster_power_up
/home/user/Desktop/Bitcraze/aideck-gap8-examples/examples/image_processing/simple_kernel_example/BUILD/GAP8_V2/GCC_RISCV_PULP_OS/test:1c001f84 000000ce T __himax_reopen	/home/user/Desktop/Greenwaves/gap_riscv_toolchain_ubuntu/gap_sdk/rtos/pmsis/bsp/camera/himax/himax.c:369
/home/user/Desktop/Bitcraze/aideck-gap8-examples/examples/image_processing/simple_kernel_example/BUILD/GAP8_V2/GCC_RISCV_PULP_OS/test:1c0049ee 000000d4 T pi_i2c_write_async	/home/user/Desktop/Greenwaves/gap_riscv_toolchain_ubuntu/gap_sdk/gap8/rtos/pulp/pulp-os/drivers/i2c/i2c-v2.c:114
/home/user/Desktop/Bitcraze/aideck-gap8-examples/examples/image_processing/simple_kernel_example/BUILD/GAP8_V2/GCC_RISCV_PULP_OS/test:1c004458 000000d6 T pi_cluster_open	/home/user/Desktop/Greenwaves/gap_riscv_toolchain_ubuntu/gap_sdk/gap8/rtos/pulp/pulp-os/kernel/cluster.c:343
/home/user/Desktop/Bitcraze/aideck-gap8-examples/examples/image_processing/simple_kernel_example/BUILD/GAP8_V2/GCC_RISCV_PULP_OS/test:1c0055b6 000000da t __rt_io_uart_flush.constprop.11	/home/user/Desktop/Greenwaves/gap_riscv_toolchain_ubuntu/gap_sdk/gap8/rtos/pulp/pulp-os/libs/io/io.c:795
/home/user/Desktop/Bitcraze/aideck-gap8-examples/examples/image_processing/simple_kernel_example/BUILD/GAP8_V2/GCC_RISCV_PULP_OS/test:1c003f08 000000de T SetFllFrequency
/home/user/Desktop/Bitcraze/aideck-gap8-examples/examples/image_processing/simple_kernel_example/BUILD/GAP8_V2/GCC_RISCV_PULP_OS/test:1c003ac8 000000f2 T __rt_timer_handler	/home/user/Desktop/Greenwaves/gap_riscv_toolchain_ubuntu/gap_sdk/gap8/rtos/pulp/pulp-os/kernel/time_irq.c:30
/home/user/Desktop/Bitcraze/aideck-gap8-examples/examples/image_processing/simple_kernel_example/BUILD/GAP8_V2/GCC_RISCV_PULP_OS/test:1c004734 000000fa T pi_cluster_send_task_to_cl_async	/home/user/Desktop/Greenwaves/gap_riscv_toolchain_ubuntu/gap_sdk/gap8/rtos/pulp/pulp-os/kernel/cluster_call.c:65
/home/user/Desktop/Bitcraze/aideck-gap8-examples/examples/image_processing/simple_kernel_example/BUILD/GAP8_V2/GCC_RISCV_PULP_OS/test:1c006c14 00000100 R __clz_tab
/home/user/Desktop/Bitcraze/aideck-gap8-examples/examples/image_processing/simple_kernel_example/BUILD/GAP8_V2/GCC_RISCV_PULP_OS/test:1c0021fe 00000102 T flash_partition_table_load	/home/user/Desktop/Greenwaves/gap_riscv_toolchain_ubuntu/gap_sdk/rtos/pmsis/bsp/partition/flash_partition.c:114
/home/user/Desktop/Bitcraze/aideck-gap8-examples/examples/image_processing/simple_kernel_example/BUILD/GAP8_V2/GCC_RISCV_PULP_OS/test:1c00105e 00000102 t WritePPMHeader.part.1	/home/user/Desktop/Greenwaves/gap_riscv_toolchain_ubuntu/gap_sdk/libs/gap_lib/img_io/ImgIO.c:290
/home/user/Desktop/Bitcraze/aideck-gap8-examples/examples/image_processing/simple_kernel_example/BUILD/GAP8_V2/GCC_RISCV_PULP_OS/test:1c004bc0 00000118 T pi_i2c_open	/home/user/Desktop/Greenwaves/gap_riscv_toolchain_ubuntu/gap_sdk/gap8/rtos/pulp/pulp-os/drivers/i2c/i2c-v2.c:238
/home/user/Desktop/Bitcraze/aideck-gap8-examples/examples/image_processing/simple_kernel_example/BUILD/GAP8_V2/GCC_RISCV_PULP_OS/test:1c006ef0 0000011c r __himax_reg_init	/home/user/Desktop/Greenwaves/gap_riscv_toolchain_ubuntu/gap_sdk/rtos/pmsis/bsp/camera/himax/himax.c:55
/home/user/Desktop/Bitcraze/aideck-gap8-examples/examples/image_processing/simple_kernel_example/BUILD/GAP8_V2/GCC_RISCV_PULP_OS/test:1c0016d6 00000126 t __pi_read_fs_open	/home/user/Desktop/Greenwaves/gap_riscv_toolchain_ubuntu/gap_sdk/rtos/pmsis/bsp/fs/read_fs/read_fs.c:295
/home/user/Desktop/Bitcraze/aideck-gap8-examples/examples/image_processing/simple_kernel_example/BUILD/GAP8_V2/GCC_RISCV_PULP_OS/test:1c00432c 00000126 t __rt_cluster_mount_step	/home/user/Desktop/Greenwaves/gap_riscv_toolchain_ubuntu/gap_sdk/gap8/rtos/pulp/pulp-os/kernel/cluster.c:221
/home/user/Desktop/Bitcraze/aideck-gap8-examples/examples/image_processing/simple_kernel_example/BUILD/GAP8_V2/GCC_RISCV_PULP_OS/test:1c001892 0000012e t __pi_fs_mount_step	/home/user/Desktop/Greenwaves/gap_riscv_toolchain_ubuntu/gap_sdk/rtos/pmsis/bsp/fs/read_fs/read_fs.c:140
/home/user/Desktop/Bitcraze/aideck-gap8-examples/examples/image_processing/simple_kernel_example/BUILD/GAP8_V2/GCC_RISCV_PULP_OS/test:1c003bba 00000134 T rt_periph_copy	/home/user/Desktop/Greenwaves/gap_riscv_toolchain_ubuntu/gap_sdk/gap8/rtos/pulp/pulp-os/kernel/periph-v2.c:58
/home/user/Desktop/Bitcraze/aideck-gap8-examples/examples/image_processing/simple_kernel_example/BUILD/GAP8_V2/GCC_RISCV_PULP_OS/test:1c002d34 00000138 T MD5_Final	/home/user/Desktop/Greenwaves/gap_riscv_toolchain_ubuntu/gap_sdk/rtos/pmsis/bsp/crc/md5.c:258
/home/user/Desktop/Bitcraze/aideck-gap8-examples/examples/image_processing/simple_kernel_example/BUILD/GAP8_V2/GCC_RISCV_PULP_OS/test:1c002ef4 00000166 T __rt_init	/home/user/Desktop/Greenwaves/gap_riscv_toolchain_ubuntu/gap_sdk/gap8/rtos/pulp/pulp-os/kernel/init.c:74
/home/user/Desktop/Bitcraze/aideck-gap8-examples/examples/image_processing/simple_kernel_example/BUILD/GAP8_V2/GCC_RISCV_PULP_OS/test:1c0013a0 00000174 T cluster_inverting	/home/user/Desktop/Bitcraze/aideck-gap8-examples/examples/image_processing/simple_kernel_example/img_proc.c:216
/home/user/Desktop/Bitcraze/aideck-gap8-examples/examples/image_processing/simple_kernel_example/BUILD/GAP8_V2/GCC_RISCV_PULP_OS/test:1c001db6 00000188 T __himax_open	/home/user/Desktop/Greenwaves/gap_riscv_toolchain_ubuntu/gap_sdk/rtos/pmsis/bsp/camera/himax/himax.c:275
/home/user/Desktop/Bitcraze/aideck-gap8-examples/examples/image_processing/simple_kernel_example/BUILD/GAP8_V2/GCC_RISCV_PULP_OS/test:1c001160 00000240 T WriteImageToFile	/home/user/Desktop/Greenwaves/gap_riscv_toolchain_ubuntu/gap_sdk/libs/gap_lib/img_io/ImgIO.c:472
/home/user/Desktop/Bitcraze/aideck-gap8-examples/examples/image_processing/simple_kernel_example/BUILD/GAP8_V2/GCC_RISCV_PULP_OS/test:00000030 00000280 D periph_channels
/home/user/Desktop/Bitcraze/aideck-gap8-examples/examples/image_processing/simple_kernel_example/BUILD/GAP8_V2/GCC_RISCV_PULP_OS/test:1c004f0a 00000296 t __pi_hyper_copy_misaligned	/home/user/Desktop/Greenwaves/gap_riscv_toolchain_ubuntu/gap_sdk/gap8/rtos/pulp/pulp-os/drivers/hyper/hyperram-v1.c:806
/home/user/Desktop/Bitcraze/aideck-gap8-examples/examples/image_processing/simple_kernel_example/BUILD/GAP8_V2/GCC_RISCV_PULP_OS/test:1c000d6a 000002da T test_camera	/home/user/Desktop/Bitcraze/aideck-gap8-examples/examples/image_processing/simple_kernel_example/test.c:120
/home/user/Desktop/Bitcraze/aideck-gap8-examples/examples/image_processing/simple_kernel_example/BUILD/GAP8_V2/GCC_RISCV_PULP_OS/test:1c0009ec 0000032e T __umoddi3	/home/gitlab-runner/riscv-gnu-toolchain/riscv-gnu-toolchain/riscv-gcc/libgcc/libgcc2.c:1305
/home/user/Desktop/Bitcraze/aideck-gap8-examples/examples/image_processing/simple_kernel_example/BUILD/GAP8_V2/GCC_RISCV_PULP_OS/test:1c0006b0 0000033c T __udivdi3	/home/gitlab-runner/riscv-gnu-toolchain/riscv-gnu-toolchain/riscv-gcc/libgcc/libgcc2.c:1317
/home/user/Desktop/Bitcraze/aideck-gap8-examples/examples/image_processing/simple_kernel_example/BUILD/GAP8_V2/GCC_RISCV_PULP_OS/test:1b0003e8 00000800 D __rt_fc_stack	/home/user/Desktop/Greenwaves/gap_riscv_toolchain_ubuntu/gap_sdk/gap8/rtos/pulp/pulp-os/kernel/conf.c:38
/home/user/Desktop/Bitcraze/aideck-gap8-examples/examples/image_processing/simple_kernel_example/BUILD/GAP8_V2/GCC_RISCV_PULP_OS/test:1c002390 000008d6 t body	/home/user/Desktop/Greenwaves/gap_riscv_toolchain_ubuntu/gap_sdk/rtos/pmsis/bsp/crc/md5.c:100
/home/user/Desktop/Bitcraze/aideck-gap8-examples/examples/image_processing/simple_kernel_example/BUILD/GAP8_V2/GCC_RISCV_PULP_OS/test:1c005c42 00000ab6 T _prf	/home/user/Desktop/Greenwaves/gap_riscv_toolchain_ubuntu/gap_sdk/gap8/rtos/pulp/pulp-os/libs/io/prf.c:437
