Archive member included to satisfy reference by file (symbol)

/usr/lib/gap_riscv_toolchain/bin/../lib/gcc/riscv32-unknown-elf/7.1.1/rv32imcxgap8/ilp32/libgcc.a(_bswapsi2.o)
                              /module/examples/other/imflip_handler/BUILD/GAP8_V2/GCC_RISCV_FREERTOS//gap_sdk/rtos/pmsis/pmsis_bsp/fs/lfs/lfs.o (__bswapsi2)
/usr/lib/gap_riscv_toolchain/bin/../lib/gcc/riscv32-unknown-elf/7.1.1/rv32imcxgap8/ilp32/libgcc.a(_divdi3.o)
                              /module/examples/other/imflip_handler/BUILD/GAP8_V2/GCC_RISCV_FREERTOS//gap_sdk/rtos/freeRTOS/vendors/gwt/pmsis/backend/pmsis_backend_native_task_api.o (__divdi3)
/usr/lib/gap_riscv_toolchain/bin/../lib/gcc/riscv32-unknown-elf/7.1.1/rv32imcxgap8/ilp32/libgcc.a(_udivdi3.o)
                              /module/examples/other/imflip_handler/BUILD/GAP8_V2/GCC_RISCV_FREERTOS//gap_sdk/rtos/freeRTOS/vendors/gwt/pmsis/backend/pmsis_backend_native_task_api.o (__udivdi3)
/usr/lib/gap_riscv_toolchain/bin/../lib/gcc/riscv32-unknown-elf/7.1.1/rv32imcxgap8/ilp32/libgcc.a(adddf3.o)
                              /module/examples/other/imflip_handler/BUILD/GAP8_V2/GCC_RISCV_FREERTOS//gap_sdk/rtos/freeRTOS/vendors/gwt/libs/printf/printf.o (__adddf3)
/usr/lib/gap_riscv_toolchain/bin/../lib/gcc/riscv32-unknown-elf/7.1.1/rv32imcxgap8/ilp32/libgcc.a(divdf3.o)
                              /module/examples/other/imflip_handler/BUILD/GAP8_V2/GCC_RISCV_FREERTOS//gap_sdk/rtos/freeRTOS/vendors/gwt/libs/printf/printf.o (__divdf3)
/usr/lib/gap_riscv_toolchain/bin/../lib/gcc/riscv32-unknown-elf/7.1.1/rv32imcxgap8/ilp32/libgcc.a(eqdf2.o)
                              /module/examples/other/imflip_handler/BUILD/GAP8_V2/GCC_RISCV_FREERTOS//gap_sdk/rtos/freeRTOS/vendors/gwt/libs/printf/printf.o (__nedf2)
/usr/lib/gap_riscv_toolchain/bin/../lib/gcc/riscv32-unknown-elf/7.1.1/rv32imcxgap8/ilp32/libgcc.a(gedf2.o)
                              /module/examples/other/imflip_handler/BUILD/GAP8_V2/GCC_RISCV_FREERTOS//gap_sdk/rtos/freeRTOS/vendors/gwt/libs/printf/printf.o (__gedf2)
/usr/lib/gap_riscv_toolchain/bin/../lib/gcc/riscv32-unknown-elf/7.1.1/rv32imcxgap8/ilp32/libgcc.a(ledf2.o)
                              /module/examples/other/imflip_handler/BUILD/GAP8_V2/GCC_RISCV_FREERTOS//gap_sdk/rtos/freeRTOS/vendors/gwt/libs/printf/printf.o (__ltdf2)
/usr/lib/gap_riscv_toolchain/bin/../lib/gcc/riscv32-unknown-elf/7.1.1/rv32imcxgap8/ilp32/libgcc.a(muldf3.o)
                              /module/examples/other/imflip_handler/BUILD/GAP8_V2/GCC_RISCV_FREERTOS//gap_sdk/rtos/freeRTOS/vendors/gwt/libs/printf/printf.o (__muldf3)
/usr/lib/gap_riscv_toolchain/bin/../lib/gcc/riscv32-unknown-elf/7.1.1/rv32imcxgap8/ilp32/libgcc.a(subdf3.o)
                              /module/examples/other/imflip_handler/BUILD/GAP8_V2/GCC_RISCV_FREERTOS//gap_sdk/rtos/freeRTOS/vendors/gwt/libs/printf/printf.o (__subdf3)
/usr/lib/gap_riscv_toolchain/bin/../lib/gcc/riscv32-unknown-elf/7.1.1/rv32imcxgap8/ilp32/libgcc.a(fixdfsi.o)
                              /module/examples/other/imflip_handler/BUILD/GAP8_V2/GCC_RISCV_FREERTOS//gap_sdk/rtos/freeRTOS/vendors/gwt/libs/printf/printf.o (__fixdfsi)
/usr/lib/gap_riscv_toolchain/bin/../lib/gcc/riscv32-unknown-elf/7.1.1/rv32imcxgap8/ilp32/libgcc.a(fixunsdfsi.o)
                              /module/examples/other/imflip_handler/BUILD/GAP8_V2/GCC_RISCV_FREERTOS//gap_sdk/rtos/freeRTOS/vendors/gwt/libs/printf/printf.o (__fixunsdfsi)
/usr/lib/gap_riscv_toolchain/bin/../lib/gcc/riscv32-unknown-elf/7.1.1/rv32imcxgap8/ilp32/libgcc.a(floatsidf.o)
                              /module/examples/other/imflip_handler/BUILD/GAP8_V2/GCC_RISCV_FREERTOS//gap_sdk/rtos/freeRTOS/vendors/gwt/libs/printf/printf.o (__floatsidf)
/usr/lib/gap_riscv_toolchain/bin/../lib/gcc/riscv32-unknown-elf/7.1.1/rv32imcxgap8/ilp32/libgcc.a(floatunsidf.o)
                              /module/examples/other/imflip_handler/BUILD/GAP8_V2/GCC_RISCV_FREERTOS//gap_sdk/rtos/freeRTOS/vendors/gwt/libs/printf/printf.o (__floatunsidf)
/usr/lib/gap_riscv_toolchain/bin/../lib/gcc/riscv32-unknown-elf/7.1.1/rv32imcxgap8/ilp32/libgcc.a(divsf3.o)
                              /module/examples/other/imflip_handler/BUILD/GAP8_V2/GCC_RISCV_FREERTOS//gap_sdk/rtos/freeRTOS/vendors/gwt/gap8/pmsis/drivers/timer/timer.o (__divsf3)
/usr/lib/gap_riscv_toolchain/bin/../lib/gcc/riscv32-unknown-elf/7.1.1/rv32imcxgap8/ilp32/libgcc.a(mulsf3.o)
                              /module/examples/other/imflip_handler/BUILD/GAP8_V2/GCC_RISCV_FREERTOS//gap_sdk/rtos/freeRTOS/vendors/gwt/gap8/pmsis/drivers/timer/timer.o (__mulsf3)
/usr/lib/gap_riscv_toolchain/bin/../lib/gcc/riscv32-unknown-elf/7.1.1/rv32imcxgap8/ilp32/libgcc.a(fixunssfsi.o)
                              /module/examples/other/imflip_handler/BUILD/GAP8_V2/GCC_RISCV_FREERTOS//gap_sdk/rtos/freeRTOS/vendors/gwt/gap8/pmsis/drivers/timer/timer.o (__fixunssfsi)
/usr/lib/gap_riscv_toolchain/bin/../lib/gcc/riscv32-unknown-elf/7.1.1/rv32imcxgap8/ilp32/libgcc.a(floatunsisf.o)
[...]
Memory Configuration

Name             Origin             Length             Attributes
FC_tcdm          0x000000001b000000 0x0000000000004000
fc_tcdm_aliased  0x0000000000000004 0x0000000000003ffc
L2               0x000000001c000000 0x0000000000080000
L1_sram          0x0000000010000000 0x0000000000010000
*default*        0x0000000000000000 0xffffffffffffffff

Linker script and memory map

LOAD /module/examples/other/imflip_handler/BUILD/GAP8_V2/GCC_RISCV_FREERTOS/hello_world_gap8.o
LOAD /module/examples/other/imflip_handler/BUILD/GAP8_V2/GCC_RISCV_FREERTOS/../../../lib/cpx/src/com.o
LOAD /module/examples/other/imflip_handler/BUILD/GAP8_V2/GCC_RISCV_FREERTOS/../../../lib/cpx/src/cpx.o
LOAD /module/examples/other/imflip_handler/BUILD/GAP8_V2/GCC_RISCV_FREERTOS//gap_sdk/rtos/freeRTOS/vendors/gwt/gap8/src/device/gap8_iet.o
LOAD /module/examples/other/imflip_handler/BUILD/GAP8_V2/GCC_RISCV_FREERTOS//gap_sdk/rtos/freeRTOS/vendors/gwt/gap8/src/device/startup_gap8.o
LOAD /module/examples/other/imflip_handler/BUILD/GAP8_V2/GCC_RISCV_FREERTOS//gap_sdk/rtos/freeRTOS/vendors/gwt/gap8/pmsis/cluster/drivers/cluster_synchronisation/cluster_core.o
LOAD /module/examples/other/imflip_handler/BUILD/GAP8_V2/GCC_RISCV_FREERTOS//gap_sdk/rtos/freeRTOS/vendors/gwt/gap8/pmsis/util/asm_util.o
LOAD /module/examples/other/imflip_handler/BUILD/GAP8_V2/GCC_RISCV_FREERTOS//gap_sdk/rtos/freeRTOS/freertos_kernel/portable/GCC/RI5CY-GAP8/port_asm.o
LOAD /module/examples/other/imflip_handler/BUILD/GAP8_V2/GCC_RISCV_FREERTOS//gap_sdk/rtos/freeRTOS/vendors/gwt/gap8/src/device/system_gap8.o
LOAD /module/examples/other/imflip_handler/BUILD/GAP8_V2/GCC_RISCV_FREERTOS//gap_sdk/rtos/freeRTOS/vendors/gwt/gap8/src/device/gap8_it.o
LOAD /module/examples/other/imflip_handler/BUILD/GAP8_V2/GCC_RISCV_FREERTOS//gap_sdk/rtos/freeRTOS/vendors/gwt/gap8/src/driver/gap_io.o
LOAD /module/examples/other/imflip_handler/BUILD/GAP8_V2/GCC_RISCV_FREERTOS//gap_sdk/rtos/freeRTOS/vendors/gwt/libs/src/errno.o
LOAD /module/examples/other/imflip_handler/BUILD/GAP8_V2/GCC_RISCV_FREERTOS//gap_sdk/rtos/freeRTOS/vendors/gwt/libs/src/stdlib.o
LOAD /module/examples/other/imflip_handler/BUILD/GAP8_V2/GCC_RISCV_FREERTOS//gap_sdk/rtos/freeRTOS/vendors/gwt/libs/src/string.o
LOAD /module/examples/other/imflip_handler/BUILD/GAP8_V2/GCC_RISCV_FREERTOS//gap_sdk/rtos/freeRTOS/vendors/gwt/gap8/pmsis/cluster/malloc/cl_malloc.o
LOAD /module/examples/other/imflip_handler/BUILD/GAP8_V2/GCC_RISCV_FREERTOS//gap_sdk/rtos/freeRTOS/vendors/gwt/gap8/pmsis/cluster/drivers/cluster_synchronisation/cl_to_fc_delegate.o
LOAD /module/examples/other/imflip_handler/BUILD/GAP8_V2/GCC_RISCV_FREERTOS//gap_sdk/rtos/freeRTOS/vendors/gwt/gap8/pmsis/cluster/drivers/cluster_synchronisation/fc_to_cl_delegate.o
LOAD /module/examples/other/imflip_handler/BUILD/GAP8_V2/GCC_RISCV_FREERTOS//gap_sdk/rtos/freeRTOS/vendors/gwt/gap8/pmsis/cluster/drivers/cluster_team/cl_team.o
LOAD /module/examples/other/imflip_handler/BUILD/GAP8_V2/GCC_RISCV_FREERTOS//gap_sdk/rtos/freeRTOS/vendors/gwt/gap8/pmsis/cluster/drivers/delegate/hyperbus/hyperbus_cl_internal.o
LOAD /module/examples/other/imflip_handler/BUILD/GAP8_V2/GCC_RISCV_FREERTOS//gap_sdk/rtos/freeRTOS/vendors/gwt/gap8/pmsis/cluster/drivers/delegate/uart/uart_cl_internal.o
LOAD /module/examples/other/imflip_handler/BUILD/GAP8_V2/GCC_RISCV_FREERTOS//gap_sdk/rtos/freeRTOS/vendors/gwt/gap8/pmsis/cluster/drivers/dma/cl_dma_irq.o
LOAD /module/examples/other/imflip_handler/BUILD/GAP8_V2/GCC_RISCV_FREERTOS//gap_sdk/rtos/freeRTOS/vendors/gwt/gap8/pmsis/drivers/fc_event/fc_event.o
LOAD /module/examples/other/imflip_handler/BUILD/GAP8_V2/GCC_RISCV_FREERTOS//gap_sdk/rtos/freeRTOS/vendors/gwt/gap8/pmsis/drivers/fll/fll.o
LOAD /module/examples/other/imflip_handler/BUILD/GAP8_V2/GCC_RISCV_FREERTOS//gap_sdk/rtos/freeRTOS/vendors/gwt/gap8/pmsis/drivers/gpio/gpio.o
LOAD /module/examples/other/imflip_handler/BUILD/GAP8_V2/GCC_RISCV_FREERTOS//gap_sdk/rtos/freeRTOS/vendors/gwt/gap8/pmsis/drivers/pad/pad.o
LOAD /module/examples/other/imflip_handler/BUILD/GAP8_V2/GCC_RISCV_FREERTOS//gap_sdk/rtos/freeRTOS/vendors/gwt/gap8/pmsis/drivers/pmu/pmu.o
LOAD /module/examples/other/imflip_handler/BUILD/GAP8_V2/GCC_RISCV_FREERTOS//gap_sdk/rtos/freeRTOS/vendors/gwt/gap8/pmsis/drivers/pmu/pmu_internal.o
LOAD /module/examples/other/imflip_handler/BUILD/GAP8_V2/GCC_RISCV_FREERTOS//gap_sdk/rtos/freeRTOS/vendors/gwt/gap8/pmsis/drivers/pwm/pwm.o
LOAD /module/examples/other/imflip_handler/BUILD/GAP8_V2/GCC_RISCV_FREERTOS//gap_sdk/rtos/freeRTOS/vendors/gwt/gap8/pmsis/drivers/pwm/pwm_internal.o
LOAD /module/examples/other/imflip_handler/BUILD/GAP8_V2/GCC_RISCV_FREERTOS//gap_sdk/rtos/freeRTOS/vendors/gwt/gap8/pmsis/drivers/rtc/rtc.o
LOAD /module/examples/other/imflip_handler/BUILD/GAP8_V2/GCC_RISCV_FREERTOS//gap_sdk/rtos/freeRTOS/vendors/gwt/gap8/pmsis/drivers/rtc/rtc_internal.o
LOAD /module/examples/other/imflip_handler/BUILD/GAP8_V2/GCC_RISCV_FREERTOS//gap_sdk/rtos/freeRTOS/vendors/gwt/gap8/pmsis/drivers/timer/timer.o
LOAD /module/examples/other/imflip_handler/BUILD/GAP8_V2/GCC_RISCV_FREERTOS//gap_sdk/rtos/freeRTOS/vendors/gwt/gap8/pmsis/drivers/udma/hyperbus/hyperbus.o
LOAD /module/examples/other/imflip_handler/BUILD/GAP8_V2/GCC_RISCV_FREERTOS//gap_sdk/rtos/freeRTOS/vendors/gwt/gap8/pmsis/drivers/udma/hyperbus/hyperbus_internal.o
LOAD /module/examples/other/imflip_handler/BUILD/GAP8_V2/GCC_RISCV_FREERTOS//gap_sdk/rtos/freeRTOS/vendors/gwt/gap8/pmsis/drivers/udma/cpi/cpi.o
LOAD /module/examples/other/imflip_handler/BUILD/GAP8_V2/GCC_RISCV_FREERTOS//gap_sdk/rtos/freeRTOS/vendors/gwt/gap8/pmsis/drivers/udma/cpi/cpi_internal.o
LOAD /module/examples/other/imflip_handler/BUILD/GAP8_V2/GCC_RISCV_FREERTOS//gap_sdk/rtos/freeRTOS/vendors/gwt/gap8/pmsis/drivers/udma/dmacpy/dmacpy.o
LOAD /module/examples/other/imflip_handler/BUILD/GAP8_V2/GCC_RISCV_FREERTOS//gap_sdk/rtos/freeRTOS/vendors/gwt/gap8/pmsis/drivers/udma/dmacpy/dmacpy_internal.o
LOAD /module/examples/other/imflip_handler/BUILD/GAP8_V2/GCC_RISCV_FREERTOS//gap_sdk/rtos/freeRTOS/vendors/gwt/gap8/pmsis/drivers/udma/i2c/i2c.o
LOAD /module/examples/other/imflip_handler/BUILD/GAP8_V2/GCC_RISCV_FREERTOS//gap_sdk/rtos/freeRTOS/vendors/gwt/gap8/pmsis/drivers/udma/i2c/i2c_internal.o
LOAD /module/examples/other/imflip_handler/BUILD/GAP8_V2/GCC_RISCV_FREERTOS//gap_sdk/rtos/freeRTOS/vendors/gwt/gap8/pmsis/drivers/udma/i2s/i2s.o
LOAD /module/examples/other/imflip_handler/BUILD/GAP8_V2/GCC_RISCV_FREERTOS//gap_sdk/rtos/freeRTOS/vendors/gwt/gap8/pmsis/drivers/udma/i2s/i2s_internal.o
LOAD /module/examples/other/imflip_handler/BUILD/GAP8_V2/GCC_RISCV_FREERTOS//gap_sdk/rtos/freeRTOS/vendors/gwt/gap8/pmsis/drivers/udma/spi/spi.o
LOAD /module/examples/other/imflip_handler/BUILD/GAP8_V2/GCC_RISCV_FREERTOS//gap_sdk/rtos/freeRTOS/vendors/gwt/gap8/pmsis/drivers/udma/spi/spi_internal.o
LOAD /module/examples/other/imflip_handler/BUILD/GAP8_V2/GCC_RISCV_FREERTOS//gap_sdk/rtos/freeRTOS/vendors/gwt/gap8/pmsis/drivers/udma/uart/uart.o
LOAD /module/examples/other/imflip_handler/BUILD/GAP8_V2/GCC_RISCV_FREERTOS//gap_sdk/rtos/freeRTOS/vendors/gwt/gap8/pmsis/drivers/udma/uart/uart_internal.o
LOAD /module/examples/other/imflip_handler/BUILD/GAP8_V2/GCC_RISCV_FREERTOS//gap_sdk/rtos/pmsis/pmsis_bsp/flash/flash.o
LOAD /module/examples/other/imflip_handler/BUILD/GAP8_V2/GCC_RISCV_FREERTOS//gap_sdk/rtos/pmsis/pmsis_bsp/partition/partition.o
LOAD /module/examples/other/imflip_handler/BUILD/GAP8_V2/GCC_RISCV_FREERTOS//gap_sdk/rtos/pmsis/pmsis_bsp/partition/flash_partition.o
LOAD /module/examples/other/imflip_handler/BUILD/GAP8_V2/GCC_RISCV_FREERTOS//gap_sdk/rtos/pmsis/pmsis_bsp/crc/md5.o
LOAD /module/examples/other/imflip_handler/BUILD/GAP8_V2/GCC_RISCV_FREERTOS//gap_sdk/rtos/pmsis/pmsis_bsp/fs/fs.o
LOAD /module/examples/other/imflip_handler/BUILD/GAP8_V2/GCC_RISCV_FREERTOS//gap_sdk/rtos/pmsis/pmsis_bsp/fs/lfs/lfs.o
LOAD /module/examples/other/imflip_handler/BUILD/GAP8_V2/GCC_RISCV_FREERTOS//gap_sdk/rtos/pmsis/pmsis_bsp/fs/lfs/lfs_util.o
LOAD /module/examples/other/imflip_handler/BUILD/GAP8_V2/GCC_RISCV_FREERTOS//gap_sdk/rtos/pmsis/pmsis_bsp/fs/lfs/pi_lfs.o
LOAD /module/examples/other/imflip_handler/BUILD/GAP8_V2/GCC_RISCV_FREERTOS//gap_sdk/rtos/pmsis/pmsis_bsp/fs/read_fs/read_fs.o
LOAD /module/examples/other/imflip_handler/BUILD/GAP8_V2/GCC_RISCV_FREERTOS//gap_sdk/rtos/pmsis/pmsis_bsp/fs/host_fs/semihost.o
LOAD /module/examples/other/imflip_handler/BUILD/GAP8_V2/GCC_RISCV_FREERTOS//gap_sdk/rtos/pmsis/pmsis_bsp/fs/host_fs/host_fs.o
LOAD /module/examples/other/imflip_handler/BUILD/GAP8_V2/GCC_RISCV_FREERTOS//gap_sdk/rtos/pmsis/pmsis_bsp/ota/ota.o
LOAD /module/examples/other/imflip_handler/BUILD/GAP8_V2/GCC_RISCV_FREERTOS//gap_sdk/rtos/pmsis/pmsis_bsp/ota/ota_utility.o
LOAD /module/examples/other/imflip_handler/BUILD/GAP8_V2/GCC_RISCV_FREERTOS//gap_sdk/rtos/pmsis/pmsis_bsp/ota/updater.o
LOAD /module/examples/other/imflip_handler/BUILD/GAP8_V2/GCC_RISCV_FREERTOS//gap_sdk/rtos/pmsis/pmsis_bsp/bootloader/bootloader_utility.o
LOAD /module/examples/other/imflip_handler/BUILD/GAP8_V2/GCC_RISCV_FREERTOS//gap_sdk/rtos/pmsis/pmsis_bsp/bsp/ai_deck.o
LOAD /module/examples/other/imflip_handler/BUILD/GAP8_V2/GCC_RISCV_FREERTOS//gap_sdk/rtos/pmsis/pmsis_bsp/camera/camera.o
LOAD /module/examples/other/imflip_handler/BUILD/GAP8_V2/GCC_RISCV_FREERTOS//gap_sdk/rtos/pmsis/pmsis_bsp/camera/himax/himax.o
LOAD /module/examples/other/imflip_handler/BUILD/GAP8_V2/GCC_RISCV_FREERTOS//gap_sdk/rtos/pmsis/pmsis_bsp/flash/hyperflash/hyperflash.o
LOAD /module/examples/other/imflip_handler/BUILD/GAP8_V2/GCC_RISCV_FREERTOS//gap_sdk/rtos/pmsis/pmsis_bsp/ram/hyperram/hyperram.o
LOAD /module/examples/other/imflip_handler/BUILD/GAP8_V2/GCC_RISCV_FREERTOS//gap_sdk/rtos/pmsis/pmsis_bsp/ram/spiram/spiram.o
LOAD /module/examples/other/imflip_handler/BUILD/GAP8_V2/GCC_RISCV_FREERTOS//gap_sdk/rtos/pmsis/pmsis_bsp/flash/spiflash/spiflash.o
LOAD /module/examples/other/imflip_handler/BUILD/GAP8_V2/GCC_RISCV_FREERTOS//gap_sdk/rtos/pmsis/pmsis_bsp/ram/ram.o
LOAD /module/examples/other/imflip_handler/BUILD/GAP8_V2/GCC_RISCV_FREERTOS//gap_sdk/rtos/pmsis/pmsis_bsp/ram/alloc_extern.o
LOAD /module/examples/other/imflip_handler/BUILD/GAP8_V2/GCC_RISCV_FREERTOS//gap_sdk/rtos/freeRTOS/vendors/gwt/pmsis/rtos/pi_log.o
LOAD /module/examples/other/imflip_handler/BUILD/GAP8_V2/GCC_RISCV_FREERTOS//gap_sdk/rtos/freeRTOS/vendors/gwt/pmsis/rtos/event_kernel/event_kernel.o
LOAD /module/examples/other/imflip_handler/BUILD/GAP8_V2/GCC_RISCV_FREERTOS//gap_sdk/rtos/freeRTOS/vendors/gwt/pmsis/rtos/malloc/cl_l1_malloc.o
LOAD /module/examples/other/imflip_handler/BUILD/GAP8_V2/GCC_RISCV_FREERTOS//gap_sdk/rtos/freeRTOS/vendors/gwt/pmsis/rtos/malloc/fc_l1_malloc.o
LOAD /module/examples/other/imflip_handler/BUILD/GAP8_V2/GCC_RISCV_FREERTOS//gap_sdk/rtos/freeRTOS/vendors/gwt/pmsis/rtos/malloc/l2_malloc.o
LOAD /module/examples/other/imflip_handler/BUILD/GAP8_V2/GCC_RISCV_FREERTOS//gap_sdk/rtos/freeRTOS/vendors/gwt/pmsis/rtos/malloc/malloc_external.o
LOAD /module/examples/other/imflip_handler/BUILD/GAP8_V2/GCC_RISCV_FREERTOS//gap_sdk/rtos/freeRTOS/vendors/gwt/pmsis/rtos/malloc/malloc_internal.o
LOAD /module/examples/other/imflip_handler/BUILD/GAP8_V2/GCC_RISCV_FREERTOS//gap_sdk/rtos/freeRTOS/vendors/gwt/pmsis/rtos/malloc/pi_malloc.o
LOAD /module/examples/other/imflip_handler/BUILD/GAP8_V2/GCC_RISCV_FREERTOS//gap_sdk/rtos/freeRTOS/vendors/gwt/pmsis/rtos/mem_slab/mem_slab.o
LOAD /module/examples/other/imflip_handler/BUILD/GAP8_V2/GCC_RISCV_FREERTOS//gap_sdk/rtos/freeRTOS/vendors/gwt/pmsis/rtos/os/device.o
LOAD /module/examples/other/imflip_handler/BUILD/GAP8_V2/GCC_RISCV_FREERTOS//gap_sdk/rtos/freeRTOS/vendors/gwt/pmsis/rtos/os/pmsis_task.o
LOAD /module/examples/other/imflip_handler/BUILD/GAP8_V2/GCC_RISCV_FREERTOS//gap_sdk/rtos/freeRTOS/vendors/gwt/pmsis/backend/pmsis_backend_native_task_api.o
LOAD /module/examples/other/imflip_handler/BUILD/GAP8_V2/GCC_RISCV_FREERTOS//gap_sdk/rtos/freeRTOS/freertos_kernel/portable/GCC/RI5CY-GAP8/port.o
LOAD /module/examples/other/imflip_handler/BUILD/GAP8_V2/GCC_RISCV_FREERTOS//gap_sdk/rtos/freeRTOS/vendors/gwt/libs/printf/printf.o
LOAD /module/examples/other/imflip_handler/BUILD/GAP8_V2/GCC_RISCV_FREERTOS//gap_sdk/rtos/freeRTOS/freertos_kernel/list.o
LOAD /module/examples/other/imflip_handler/BUILD/GAP8_V2/GCC_RISCV_FREERTOS//gap_sdk/rtos/freeRTOS/freertos_kernel/queue.o
LOAD /module/examples/other/imflip_handler/BUILD/GAP8_V2/GCC_RISCV_FREERTOS//gap_sdk/rtos/freeRTOS/freertos_kernel/tasks.o
LOAD /module/examples/other/imflip_handler/BUILD/GAP8_V2/GCC_RISCV_FREERTOS//gap_sdk/rtos/freeRTOS/freertos_kernel/timers.o
LOAD /module/examples/other/imflip_handler/BUILD/GAP8_V2/GCC_RISCV_FREERTOS//gap_sdk/rtos/freeRTOS/freertos_kernel/event_groups.o
LOAD /module/examples/other/imflip_handler/BUILD/GAP8_V2/GCC_RISCV_FREERTOS//gap_sdk/rtos/freeRTOS/freertos_kernel/stream_buffer.o
LOAD /module/examples/other/imflip_handler/BUILD/GAP8_V2/GCC_RISCV_FREERTOS//gap_sdk/rtos/freeRTOS/demos/gwt/config/gap8/FreeRTOS_util.o
LOAD /usr/lib/gap_riscv_toolchain/bin/../lib/gcc/riscv32-unknown-elf/7.1.1/rv32imcxgap8/ilp32/libgcc.a
                0x0000000000000000                __DYNAMIC = 0x0
                0x0000000000001000                __STACK_FC_SIZE = 0x1000
                0x0000000000000400                __STACK_IRQ_SIZE = 0x400

.l1FcTiny       0x000000001b000000        0x0
                0x000000001b000000                . = ALIGN (0x4)
                0x000000001b000000                __l1FcShared_start = .
 *(.l1FcTiny)
 *(.l1FcTiny.*)
                0x000000001b000000                . = ALIGN (0x4)
                0x000000001b000000                __l1FcShared_end = .
                0x0000000000000000                __l1FcShared_size = (__l1FcShared_end - __l1FcShared_start)

.fcTcdmTiny     0x0000000000000004        0xc load address 0x000000001b000000
 *(.fcTcdmTiny)
 .fcTcdmTiny    0x0000000000000004        0xc /module/examples/other/imflip_handler/BUILD/GAP8_V2/GCC_RISCV_FREERTOS//gap_sdk/rtos/freeRTOS/vendors/gwt/gap8/pmsis/drivers/udma/hyperbus/hyperbus_internal.o
                0x0000000000000004                __global_hyper_fifo_head
                0x0000000000000008                __global_hyper_driver_fifo
                0x000000000000000c                __global_hyper_fifo_tail
 *(.fcTcdmTiny.*)

.fcTcdm
 *(.fcTcdm)
 *(.fcTcdm.*)

.fcTcdm_g       0x000000001b00000c      0x58c
                0x000000001b000010                . = ALIGN (0x8)
 *fill*         0x000000001b00000c        0x4 
                0x000000001b000010                __fc_tcdm_g_start = .
 *(.fcTcdm_g)
 .fcTcdm_g      0x000000001b000010      0x244 /module/examples/other/imflip_handler/BUILD/GAP8_V2/GCC_RISCV_FREERTOS//gap_sdk/rtos/freeRTOS/vendors/gwt/gap8/pmsis/cluster/drivers/cluster_synchronisation/cl_to_fc_delegate.o
                0x000000001b000010                delegate_task_mask
                0x000000001b000014                delegate_task
 .fcTcdm_g      0x000000001b000254       0xe4 /module/examples/other/imflip_handler/BUILD/GAP8_V2/GCC_RISCV_FREERTOS//gap_sdk/rtos/freeRTOS/vendors/gwt/gap8/pmsis/drivers/fc_event/fc_event.o
 .fcTcdm_g      0x000000001b000338        0x4 /module/examples/other/imflip_handler/BUILD/GAP8_V2/GCC_RISCV_FREERTOS//gap_sdk/rtos/freeRTOS/vendors/gwt/pmsis/rtos/event_kernel/event_kernel.o
                0x000000001b000338                default_sched
 .fcTcdm_g      0x000000001b00033c        0x8 /module/examples/other/imflip_handler/BUILD/GAP8_V2/GCC_RISCV_FREERTOS//gap_sdk/rtos/freeRTOS/vendors/gwt/pmsis/backend/pmsis_backend_native_task_api.o
                0x000000001b00033c                delayed_task
 .fcTcdm_g      0x000000001b000344      0x254 /module/examples/other/imflip_handler/BUILD/GAP8_V2/GCC_RISCV_FREERTOS//gap_sdk/rtos/freeRTOS/demos/gwt/config/gap8/FreeRTOS_util.o
 *(.fcTcdm_g.*)
                0x000000001b000598                . = ALIGN (0x8)
                0x000000001b000598                __fc_tcdm_g_end = .

.stack_irq      0x000000001b000598      0x400
                0x000000001b000598                . = ALIGN (0x4)
                0x000000001b000598                __stack_irq_end__ = .
                0x000000001b000998                . = (. + __STACK_IRQ_SIZE)
 *fill*         0x000000001b000598      0x400 
                0x000000001b000998                __stack_irq_start__ = .

.heapfcram      0x000000001b000998     0x1000
                0x000000001b000998                . = ALIGN (0x8)
 *(.heapfcram)
 *(.heapfcram.*)
                0x000000001b000998                . = ALIGN (0x8)
                0x000000001b000998                __heapfcram_start = .
                0x000000001b000998                __stack_fc_end__ = .
                0x000000001b001998                . = (. + __STACK_FC_SIZE)
 *fill*         0x000000001b000998     0x1000 
                0x000000001b001998                __stack_fc_start__ = .
                0x0000000000003668                __heapfcram_size = ((ORIGIN (FC_tcdm) + LENGTH (FC_tcdm)) - __heapfcram_start)

.vectors_irq    0x000000001c000000       0x94
                0x000000001c000000                . = ALIGN (0x100)
                0x000000001c000000                __irq_vector_base_m__ = .
 *(.vectors_irq)
 .vectors_irq   0x000000001c000000       0x94 /module/examples/other/imflip_handler/BUILD/GAP8_V2/GCC_RISCV_FREERTOS//gap_sdk/rtos/freeRTOS/vendors/gwt/gap8/src/device/startup_gap8.o
                0x000000001c000090                __rt_debug_struct_ptr

.text           0x000000001c000094     0xb74c
                0x000000001c000094                . = ALIGN (0x4)
                0x000000001c000094                _stext = .
 *(.text.reset)
 .text.reset    0x000000001c000094       0x7e /module/examples/other/imflip_handler/BUILD/GAP8_V2/GCC_RISCV_FREERTOS//gap_sdk/rtos/freeRTOS/vendors/gwt/gap8/src/device/startup_gap8.o
                0x000000001c000094                reset_handler
 *(.text)
 .text          0x000000001c000112      0x290 /module/examples/other/imflip_handler/BUILD/GAP8_V2/GCC_RISCV_FREERTOS//gap_sdk/rtos/freeRTOS/vendors/gwt/gap8/src/device/gap8_iet.o
                0x000000001c000112                default_handler
                0x000000001c000116                cluster_notify_fc_handler
                0x000000001c00014e                pendSV_handler
                0x000000001c0001be                systick_handler
                0x000000001c00023a                fc_event_handler
                0x000000001c000272                fc_hyper_handler
                0x000000001c000320                dma_irq_handler
                0x000000001c000348                ecall_handler
                0x000000001c00039a                ill_ins_handler
 .text          0x000000001c0003a2      0x126 /module/examples/other/imflip_handler/BUILD/GAP8_V2/GCC_RISCV_FREERTOS//gap_sdk/rtos/freeRTOS/vendors/gwt/gap8/pmsis/cluster/drivers/cluster_synchronisation/cluster_core.o
                0x000000001c0003a2                cluster_exec_loop
                0x000000001c0004ba                cl_slave_stack_setup
 .text          0x000000001c0004c8       0xd8 /module/examples/other/imflip_handler/BUILD/GAP8_V2/GCC_RISCV_FREERTOS//gap_sdk/rtos/freeRTOS/vendors/gwt/gap8/pmsis/util/asm_util.o
                0x000000001c0004c8                ASM_FUNC_SAVE_MINIMAL_CONTEXT
                0x000000001c00050c                ASM_FUNC_RESTORE_MINIMAL_CONTEXT
                0x000000001c000550                ASM_FUNC_SAVE_SAVE_CONTEXT
                0x000000001c00056a                ASM_FUNC_RESTORE_SAVE_CONTEXT
                0x000000001c000584                ASM_FUNC_SAVE_CSR_CONTEXT
                0x000000001c000592                ASM_FUNC_RESTORE_CSR_CONTEXT
 .text          0x000000001c0005a0       0x8e /module/examples/other/imflip_handler/BUILD/GAP8_V2/GCC_RISCV_FREERTOS//gap_sdk/rtos/freeRTOS/freertos_kernel/portable/GCC/RI5CY-GAP8/port_asm.o
                0x000000001c0005a0                xPortStartScheduler
 .text          0x000000001c00062e       0x4e /module/examples/other/imflip_handler/BUILD/GAP8_V2/GCC_RISCV_FREERTOS//gap_sdk/rtos/freeRTOS/vendors/gwt/gap8/pmsis/drivers/fc_event/fc_event.o
                0x000000001c00062e                fc_soc_event_handler
 .text          0x000000001c00067c      0x168 /module/examples/other/imflip_handler/BUILD/GAP8_V2/GCC_RISCV_FREERTOS//gap_sdk/rtos/freeRTOS/vendors/gwt/gap8/pmsis/drivers/udma/hyperbus/hyperbus_internal.o
                0x000000001c00067c                hyper_handler
 .text          0x000000001c0007e4      0x5fe /usr/lib/gap_riscv_toolchain/bin/../lib/gcc/riscv32-unknown-elf/7.1.1/rv32imcxgap8/ilp32/libgcc.a(adddf3.o)
                0x000000001c0007e4                __adddf3
 .text          0x000000001c000de2      0x4d2 /usr/lib/gap_riscv_toolchain/bin/../lib/gcc/riscv32-unknown-elf/7.1.1/rv32imcxgap8/ilp32/libgcc.a(divdf3.o)
                0x000000001c000de2                __divdf3
 .text          0x000000001c0012b4       0x60 /usr/lib/gap_riscv_toolchain/bin/../lib/gcc/riscv32-unknown-elf/7.1.1/rv32imcxgap8/ilp32/libgcc.a(eqdf2.o)
                0x000000001c0012b4                __eqdf2
                0x000000001c0012b4                __nedf2
 .text          0x000000001c001314       0xae /usr/lib/gap_riscv_toolchain/bin/../lib/gcc/riscv32-unknown-elf/7.1.1/rv32imcxgap8/ilp32/libgcc.a(gedf2.o)
                0x000000001c001314                __gtdf2
                0x000000001c001314                __gedf2
 .text          0x000000001c0013c2       0xae /usr/lib/gap_riscv_toolchain/bin/../lib/gcc/riscv32-unknown-elf/7.1.1/rv32imcxgap8/ilp32/libgcc.a(ledf2.o)
                0x000000001c0013c2                __ltdf2
                0x000000001c0013c2                __ledf2
 .text          0x000000001c001470      0x43a /usr/lib/gap_riscv_toolchain/bin/../lib/gcc/riscv32-unknown-elf/7.1.1/rv32imcxgap8/ilp32/libgcc.a(muldf3.o)
                0x000000001c001470                __muldf3
 .text          0x000000001c0018aa      0x612 /usr/lib/gap_riscv_toolchain/bin/../lib/gcc/riscv32-unknown-elf/7.1.1/rv32imcxgap8/ilp32/libgcc.a(subdf3.o)
                0x000000001c0018aa                __subdf3
 .text          0x000000001c001ebc       0x5c /usr/lib/gap_riscv_toolchain/bin/../lib/gcc/riscv32-unknown-elf/7.1.1/rv32imcxgap8/ilp32/libgcc.a(fixdfsi.o)
                0x000000001c001ebc                __fixdfsi
 .text          0x000000001c001f18       0x52 /usr/lib/gap_riscv_toolchain/bin/../lib/gcc/riscv32-unknown-elf/7.1.1/rv32imcxgap8/ilp32/libgcc.a(fixunsdfsi.o)
                0x000000001c001f18                __fixunsdfsi
 .text          0x000000001c001f6a       0x58 /usr/lib/gap_riscv_toolchain/bin/../lib/gcc/riscv32-unknown-elf/7.1.1/rv32imcxgap8/ilp32/libgcc.a(floatsidf.o)
                0x000000001c001f6a                __floatsidf
 .text          0x000000001c001fc2       0x4c /usr/lib/gap_riscv_toolchain/bin/../lib/gcc/riscv32-unknown-elf/7.1.1/rv32imcxgap8/ilp32/libgcc.a(floatunsidf.o)
                0x000000001c001fc2                __floatunsidf
 *(.text.*)
 .text.start_example
                0x000000001c00200e      0x19e /module/examples/other/imflip_handler/BUILD/GAP8_V2/GCC_RISCV_FREERTOS/hello_world_gap8.o
                0x000000001c00200e                start_example
 .text.cam_handler
                0x000000001c0021ac      0x2c4 /module/examples/other/imflip_handler/BUILD/GAP8_V2/GCC_RISCV_FREERTOS/hello_world_gap8.o
 .text.startup.main
                0x000000001c002470       0x18 /module/examples/other/imflip_handler/BUILD/GAP8_V2/GCC_RISCV_FREERTOS/hello_world_gap8.o
                0x000000001c002470                main
 .text.vDataReadyISR
                0x000000001c002488       0x2c /module/examples/other/imflip_handler/BUILD/GAP8_V2/GCC_RISCV_FREERTOS/../../../lib/cpx/src/com.o
                0x000000001c002488                vDataReadyISR
 .text.com_task
                0x000000001c0024b4      0x180 /module/examples/other/imflip_handler/BUILD/GAP8_V2/GCC_RISCV_FREERTOS/../../../lib/cpx/src/com.o
                0x000000001c0024b4                com_task
 .text.com_init
                0x000000001c002634      0x17a /module/examples/other/imflip_handler/BUILD/GAP8_V2/GCC_RISCV_FREERTOS/../../../lib/cpx/src/com.o
                0x000000001c002634                com_init
 .text.com_read
                0x000000001c0027ae       0x10 /module/examples/other/imflip_handler/BUILD/GAP8_V2/GCC_RISCV_FREERTOS/../../../lib/cpx/src/com.o
                0x000000001c0027ae                com_read
 .text.com_write
                0x000000001c0027be       0x32 /module/examples/other/imflip_handler/BUILD/GAP8_V2/GCC_RISCV_FREERTOS/../../../lib/cpx/src/com.o
                0x000000001c0027be                com_write
 .text.cpx_rx_task
                0x000000001c0027f0       0xb4 /module/examples/other/imflip_handler/BUILD/GAP8_V2/GCC_RISCV_FREERTOS/../../../lib/cpx/src/cpx.o
 .text.cpxEnableFunction
                0x000000001c0028a4       0x2a /module/examples/other/imflip_handler/BUILD/GAP8_V2/GCC_RISCV_FREERTOS/../../../lib/cpx/src/cpx.o
                0x000000001c0028a4                cpxEnableFunction
 .text.cpxPrintToConsole
                0x000000001c0028ce       0xe8 /module/examples/other/imflip_handler/BUILD/GAP8_V2/GCC_RISCV_FREERTOS/../../../lib/cpx/src/cpx.o
                0x000000001c0028ce                cpxPrintToConsole
 .text.cpxInit  0x000000001c0029b6       0x64 /module/examples/other/imflip_handler/BUILD/GAP8_V2/GCC_RISCV_FREERTOS/../../../lib/cpx/src/cpx.o
                0x000000001c0029b6                cpxInit
 .text.system_init
                0x000000001c002a1a       0x5e /module/examples/other/imflip_handler/BUILD/GAP8_V2/GCC_RISCV_FREERTOS//gap_sdk/rtos/freeRTOS/vendors/gwt/gap8/src/device/system_gap8.o
                0x000000001c002a1a                system_init
 .text.system_setup_systick
                0x000000001c002a78       0x38 /module/examples/other/imflip_handler/BUILD/GAP8_V2/GCC_RISCV_FREERTOS//gap_sdk/rtos/freeRTOS/vendors/gwt/gap8/src/device/system_gap8.o
                0x000000001c002a78                system_setup_systick
 .text.system_core_clock_update
                0x000000001c002ab0       0x36 /module/examples/other/imflip_handler/BUILD/GAP8_V2/GCC_RISCV_FREERTOS//gap_sdk/rtos/freeRTOS/vendors/gwt/gap8/src/device/system_gap8.o
                0x000000001c002ab0                system_core_clock_update
 .text.system_core_clock_get
                0x000000001c002ae6        0xa /module/examples/other/imflip_handler/BUILD/GAP8_V2/GCC_RISCV_FREERTOS//gap_sdk/rtos/freeRTOS/vendors/gwt/gap8/src/device/system_gap8.o
                0x000000001c002ae6                system_core_clock_get
 .text.system_exit
                0x000000001c002af0       0x64 /module/examples/other/imflip_handler/BUILD/GAP8_V2/GCC_RISCV_FREERTOS//gap_sdk/rtos/freeRTOS/vendors/gwt/gap8/src/device/system_gap8.o
                0x000000001c002af0                system_exit
 .text._procid  0x000000001c002b54        0xa /module/examples/other/imflip_handler/BUILD/GAP8_V2/GCC_RISCV_FREERTOS//gap_sdk/rtos/freeRTOS/vendors/gwt/gap8/src/device/gap8_it.o
                0x000000001c002b54                _procid
 .text._clusterid
                0x000000001c002b5e        0x8 /module/examples/other/imflip_handler/BUILD/GAP8_V2/GCC_RISCV_FREERTOS//gap_sdk/rtos/freeRTOS/vendors/gwt/gap8/src/device/gap8_it.o
                0x000000001c002b5e                _clusterid
 .text.pi_log_write.constprop.0
                0x000000001c002b66       0x32 /module/examples/other/imflip_handler/BUILD/GAP8_V2/GCC_RISCV_FREERTOS//gap_sdk/rtos/freeRTOS/vendors/gwt/gap8/src/device/gap8_it.o
 .text._isr_default
                0x000000001c002b98       0x38 /module/examples/other/imflip_handler/BUILD/GAP8_V2/GCC_RISCV_FREERTOS//gap_sdk/rtos/freeRTOS/vendors/gwt/gap8/src/device/gap8_it.o
                0x000000001c002b98                _isr_default
 .text.vSetPendSV
                0x000000001c002bd0        0xa /module/examples/other/imflip_handler/BUILD/GAP8_V2/GCC_RISCV_FREERTOS//gap_sdk/rtos/freeRTOS/vendors/gwt/gap8/src/device/gap8_it.o
                0x000000001c002bd0                vSetPendSV
 .text._ill_insn_print
                0x000000001c002bda       0x36 /module/examples/other/imflip_handler/BUILD/GAP8_V2/GCC_RISCV_FREERTOS//gap_sdk/rtos/freeRTOS/vendors/gwt/gap8/src/device/gap8_it.o
                0x000000001c002bda                _ill_insn_print
 .text.__uart_putc_cluster_req
                0x000000001c002c10       0x48 /module/examples/other/imflip_handler/BUILD/GAP8_V2/GCC_RISCV_FREERTOS//gap_sdk/rtos/freeRTOS/vendors/gwt/gap8/src/driver/gap_io.o
 .text.printf_uart_init
                0x000000001c002c58       0x5c /module/examples/other/imflip_handler/BUILD/GAP8_V2/GCC_RISCV_FREERTOS//gap_sdk/rtos/freeRTOS/vendors/gwt/gap8/src/driver/gap_io.o
                0x000000001c002c58                printf_uart_init
 .text._putchar
                0x000000001c002cb4      0x124 /module/examples/other/imflip_handler/BUILD/GAP8_V2/GCC_RISCV_FREERTOS//gap_sdk/rtos/freeRTOS/vendors/gwt/gap8/src/driver/gap_io.o
                0x000000001c002cb4                _putchar
 .text.system_exit_printf_flush
                0x000000001c002dd8       0x96 /module/examples/other/imflip_handler/BUILD/GAP8_V2/GCC_RISCV_FREERTOS//gap_sdk/rtos/freeRTOS/vendors/gwt/gap8/src/driver/gap_io.o
                0x000000001c002dd8                system_exit_printf_flush
 .text.exit     0x000000001c002e6e        0x8 /module/examples/other/imflip_handler/BUILD/GAP8_V2/GCC_RISCV_FREERTOS//gap_sdk/rtos/freeRTOS/vendors/gwt/libs/src/stdlib.o
                0x000000001c002e6e                exit
 .text.memcpy   0x000000001c002e76      0x10a /module/examples/other/imflip_handler/BUILD/GAP8_V2/GCC_RISCV_FREERTOS//gap_sdk/rtos/freeRTOS/vendors/gwt/libs/src/string.o
                0x000000001c002e76                memcpy
 .text.memset   0x000000001c002f80       0xb6 /module/examples/other/imflip_handler/BUILD/GAP8_V2/GCC_RISCV_FREERTOS//gap_sdk/rtos/freeRTOS/vendors/gwt/libs/src/string.o
                0x000000001c002f80                memset
 .text.cl_notify_fc_event_handler
                0x000000001c003036       0xa2 /module/examples/other/imflip_handler/BUILD/GAP8_V2/GCC_RISCV_FREERTOS//gap_sdk/rtos/freeRTOS/vendors/gwt/gap8/pmsis/cluster/drivers/cluster_synchronisation/cl_to_fc_delegate.o
                0x000000001c003036                cl_notify_fc_event_handler
 .text.pi_cl_send_task_to_fc
                0x000000001c0030d8       0x42 /module/examples/other/imflip_handler/BUILD/GAP8_V2/GCC_RISCV_FREERTOS//gap_sdk/rtos/freeRTOS/vendors/gwt/gap8/pmsis/cluster/drivers/cluster_synchronisation/cl_to_fc_delegate.o
                0x000000001c0030d8                pi_cl_send_task_to_fc
 .text.cl_task_finish
                0x000000001c00311a       0x78 /module/examples/other/imflip_handler/BUILD/GAP8_V2/GCC_RISCV_FREERTOS//gap_sdk/rtos/freeRTOS/vendors/gwt/gap8/pmsis/cluster/drivers/cluster_synchronisation/fc_to_cl_delegate.o
                0x000000001c00311a                cl_task_finish
 .text.pi_cl_dma_2d_handler
                0x000000001c003192       0x94 /module/examples/other/imflip_handler/BUILD/GAP8_V2/GCC_RISCV_FREERTOS//gap_sdk/rtos/freeRTOS/vendors/gwt/gap8/pmsis/cluster/drivers/dma/cl_dma_irq.o
                0x000000001c003192                pi_cl_dma_2d_handler
 .text.fc_event_null_event
                0x000000001c003226        0x2 /module/examples/other/imflip_handler/BUILD/GAP8_V2/GCC_RISCV_FREERTOS//gap_sdk/rtos/freeRTOS/vendors/gwt/gap8/pmsis/drivers/fc_event/fc_event.o
 .text.pi_fc_event_handler_init
                0x000000001c003228       0x30 /module/examples/other/imflip_handler/BUILD/GAP8_V2/GCC_RISCV_FREERTOS//gap_sdk/rtos/freeRTOS/vendors/gwt/gap8/pmsis/drivers/fc_event/fc_event.o
                0x000000001c003228                pi_fc_event_handler_init
 .text.pi_fc_event_handler_set
                0x000000001c003258       0x10 /module/examples/other/imflip_handler/BUILD/GAP8_V2/GCC_RISCV_FREERTOS//gap_sdk/rtos/freeRTOS/vendors/gwt/gap8/pmsis/drivers/fc_event/fc_event.o
                0x000000001c003258                pi_fc_event_handler_set
 .text.pi_fc_event_handler_clear
                0x000000001c003268       0x18 /module/examples/other/imflip_handler/BUILD/GAP8_V2/GCC_RISCV_FREERTOS//gap_sdk/rtos/freeRTOS/vendors/gwt/gap8/pmsis/drivers/fc_event/fc_event.o
                0x000000001c003268                pi_fc_event_handler_clear
 .text.pi_fll_init
                0x000000001c003280       0xd2 /module/examples/other/imflip_handler/BUILD/GAP8_V2/GCC_RISCV_FREERTOS//gap_sdk/rtos/freeRTOS/vendors/gwt/gap8/pmsis/drivers/fll/fll.o
                0x000000001c003280                pi_fll_init
 .text.pi_fll_frequency_get
                0x000000001c003352       0x46 /module/examples/other/imflip_handler/BUILD/GAP8_V2/GCC_RISCV_FREERTOS//gap_sdk/rtos/freeRTOS/vendors/gwt/gap8/pmsis/drivers/fll/fll.o
                0x000000001c003352                pi_fll_frequency_get
 .text.pi_freq_callback_add
                0x000000001c003398       0x28 /module/examples/other/imflip_handler/BUILD/GAP8_V2/GCC_RISCV_FREERTOS//gap_sdk/rtos/freeRTOS/vendors/gwt/gap8/pmsis/drivers/fll/fll.o
                0x000000001c003398                pi_freq_callback_add
 .text.pi_freq_callback_remove
                0x000000001c0033c0       0x46 /module/examples/other/imflip_handler/BUILD/GAP8_V2/GCC_RISCV_FREERTOS//gap_sdk/rtos/freeRTOS/vendors/gwt/gap8/pmsis/drivers/fll/fll.o
                0x000000001c0033c0                pi_freq_callback_remove
 .text.gpio_handler
                0x000000001c003406       0x88 /module/examples/other/imflip_handler/BUILD/GAP8_V2/GCC_RISCV_FREERTOS//gap_sdk/rtos/freeRTOS/vendors/gwt/gap8/pmsis/drivers/gpio/gpio.o
 .text.pi_gpio_conf_init
                0x000000001c00348e        0xa /module/examples/other/imflip_handler/BUILD/GAP8_V2/GCC_RISCV_FREERTOS//gap_sdk/rtos/freeRTOS/vendors/gwt/gap8/pmsis/drivers/gpio/gpio.o
                0x000000001c00348e                pi_gpio_conf_init
 .text.pi_gpio_open
                0x000000001c003498       0xae /module/examples/other/imflip_handler/BUILD/GAP8_V2/GCC_RISCV_FREERTOS//gap_sdk/rtos/freeRTOS/vendors/gwt/gap8/pmsis/drivers/gpio/gpio.o
                0x000000001c003498                pi_gpio_open
 .text.pi_gpio_pin_configure
                0x000000001c003546       0xde /module/examples/other/imflip_handler/BUILD/GAP8_V2/GCC_RISCV_FREERTOS//gap_sdk/rtos/freeRTOS/vendors/gwt/gap8/pmsis/drivers/gpio/gpio.o
                0x000000001c003546                pi_gpio_pin_configure
 .text.pi_gpio_pin_write
                0x000000001c003624       0x36 /module/examples/other/imflip_handler/BUILD/GAP8_V2/GCC_RISCV_FREERTOS//gap_sdk/rtos/freeRTOS/vendors/gwt/gap8/pmsis/drivers/gpio/gpio.o
                0x000000001c003624                pi_gpio_pin_write
 .text.pi_gpio_pin_read
                0x000000001c00365a       0x4a /module/examples/other/imflip_handler/BUILD/GAP8_V2/GCC_RISCV_FREERTOS//gap_sdk/rtos/freeRTOS/vendors/gwt/gap8/pmsis/drivers/gpio/gpio.o
                0x000000001c00365a                pi_gpio_pin_read
 .text.pi_gpio_pin_notif_configure
                0x000000001c0036a4       0x72 /module/examples/other/imflip_handler/BUILD/GAP8_V2/GCC_RISCV_FREERTOS//gap_sdk/rtos/freeRTOS/vendors/gwt/gap8/pmsis/drivers/gpio/gpio.o
                0x000000001c0036a4                pi_gpio_pin_notif_configure
 .text.pi_gpio_callback_add
                0x000000001c003716       0x22 /module/examples/other/imflip_handler/BUILD/GAP8_V2/GCC_RISCV_FREERTOS//gap_sdk/rtos/freeRTOS/vendors/gwt/gap8/pmsis/drivers/gpio/gpio.o
                0x000000001c003716                pi_gpio_callback_add
 .text.pi_pad_set_function
                0x000000001c003738       0x38 /module/examples/other/imflip_handler/BUILD/GAP8_V2/GCC_RISCV_FREERTOS//gap_sdk/rtos/freeRTOS/vendors/gwt/gap8/pmsis/drivers/pad/pad.o
                0x000000001c003738                pi_pad_set_function
 .text.pi_pad_init
                0x000000001c003770       0x26 /module/examples/other/imflip_handler/BUILD/GAP8_V2/GCC_RISCV_FREERTOS//gap_sdk/rtos/freeRTOS/vendors/gwt/gap8/pmsis/drivers/pad/pad.o
                0x000000001c003770                pi_pad_init
 .text.__pi_pmu_handler
                0x000000001c003796       0x1e /module/examples/other/imflip_handler/BUILD/GAP8_V2/GCC_RISCV_FREERTOS//gap_sdk/rtos/freeRTOS/vendors/gwt/gap8/pmsis/drivers/pmu/pmu_internal.o
 .text.__pi_pmu_init
                0x000000001c0037b4       0xfa /module/examples/other/imflip_handler/BUILD/GAP8_V2/GCC_RISCV_FREERTOS//gap_sdk/rtos/freeRTOS/vendors/gwt/gap8/pmsis/drivers/pmu/pmu_internal.o
                0x000000001c0037b4                __pi_pmu_init
 .text.pi_timer_init
                0x000000001c0038ae       0x34 /module/examples/other/imflip_handler/BUILD/GAP8_V2/GCC_RISCV_FREERTOS//gap_sdk/rtos/freeRTOS/vendors/gwt/gap8/pmsis/drivers/timer/timer.o
                0x000000001c0038ae                pi_timer_init
 .text.pi_timer_stop
                0x000000001c0038e2       0x28 /module/examples/other/imflip_handler/BUILD/GAP8_V2/GCC_RISCV_FREERTOS//gap_sdk/rtos/freeRTOS/vendors/gwt/gap8/pmsis/drivers/timer/timer.o
                0x000000001c0038e2                pi_timer_stop
 .text.__pi_hyper_copy_aligned.isra.6
                0x000000001c00390a       0x48 /module/examples/other/imflip_handler/BUILD/GAP8_V2/GCC_RISCV_FREERTOS//gap_sdk/rtos/freeRTOS/vendors/gwt/gap8/pmsis/drivers/udma/hyperbus/hyperbus_internal.o
 .text.__pi_hyper_copy_misaligned
                0x000000001c003952      0x2ee /module/examples/other/imflip_handler/BUILD/GAP8_V2/GCC_RISCV_FREERTOS//gap_sdk/rtos/freeRTOS/vendors/gwt/gap8/pmsis/drivers/udma/hyperbus/hyperbus_internal.o
 .text.pi_cpi_conf_init
                0x000000001c003c40        0x2 /module/examples/other/imflip_handler/BUILD/GAP8_V2/GCC_RISCV_FREERTOS//gap_sdk/rtos/freeRTOS/vendors/gwt/gap8/pmsis/drivers/udma/cpi/cpi.o
                0x000000001c003c40                pi_cpi_conf_init
 .text.pi_cpi_open
                0x000000001c003c42        0x8 /module/examples/other/imflip_handler/BUILD/GAP8_V2/GCC_RISCV_FREERTOS//gap_sdk/rtos/freeRTOS/vendors/gwt/gap8/pmsis/drivers/udma/cpi/cpi.o
                0x000000001c003c42                pi_cpi_open
 .text.pi_cpi_close
                0x000000001c003c4a       0x1e /module/examples/other/imflip_handler/BUILD/GAP8_V2/GCC_RISCV_FREERTOS//gap_sdk/rtos/freeRTOS/vendors/gwt/gap8/pmsis/drivers/udma/cpi/cpi.o
                0x000000001c003c4a                pi_cpi_close
 .text.pi_cpi_capture_async
                0x000000001c003c68        0x4 /module/examples/other/imflip_handler/BUILD/GAP8_V2/GCC_RISCV_FREERTOS//gap_sdk/rtos/freeRTOS/vendors/gwt/gap8/pmsis/drivers/udma/cpi/cpi.o
                0x000000001c003c68                pi_cpi_capture_async
 .text.__pi_cpi_handler
                0x000000001c003c6c      0x1f4 /module/examples/other/imflip_handler/BUILD/GAP8_V2/GCC_RISCV_FREERTOS//gap_sdk/rtos/freeRTOS/vendors/gwt/gap8/pmsis/drivers/udma/cpi/cpi_internal.o
 .text.__pi_cpi_conf_init
                0x000000001c003e60        0xc /module/examples/other/imflip_handler/BUILD/GAP8_V2/GCC_RISCV_FREERTOS//gap_sdk/rtos/freeRTOS/vendors/gwt/gap8/pmsis/drivers/udma/cpi/cpi_internal.o
                0x000000001c003e60                __pi_cpi_conf_init
 .text.__pi_cpi_open
                0x000000001c003e6c       0xfc /module/examples/other/imflip_handler/BUILD/GAP8_V2/GCC_RISCV_FREERTOS//gap_sdk/rtos/freeRTOS/vendors/gwt/gap8/pmsis/drivers/udma/cpi/cpi_internal.o
                0x000000001c003e6c                __pi_cpi_open
 .text.__pi_cpi_close
                0x000000001c003f68       0x84 /module/examples/other/imflip_handler/BUILD/GAP8_V2/GCC_RISCV_FREERTOS//gap_sdk/rtos/freeRTOS/vendors/gwt/gap8/pmsis/drivers/udma/cpi/cpi_internal.o
                0x000000001c003f68                __pi_cpi_close
 .text.__pi_cpi_copy
                0x000000001c003fec      0x114 /module/examples/other/imflip_handler/BUILD/GAP8_V2/GCC_RISCV_FREERTOS//gap_sdk/rtos/freeRTOS/vendors/gwt/gap8/pmsis/drivers/udma/cpi/cpi_internal.o
                0x000000001c003fec                __pi_cpi_copy
 .text.pi_i2c_conf_init
                0x000000001c004100        0x2 /module/examples/other/imflip_handler/BUILD/GAP8_V2/GCC_RISCV_FREERTOS//gap_sdk/rtos/freeRTOS/vendors/gwt/gap8/pmsis/drivers/udma/i2c/i2c.o
                0x000000001c004100                pi_i2c_conf_init
 .text.pi_i2c_open
                0x000000001c004102        0x8 /module/examples/other/imflip_handler/BUILD/GAP8_V2/GCC_RISCV_FREERTOS//gap_sdk/rtos/freeRTOS/vendors/gwt/gap8/pmsis/drivers/udma/i2c/i2c.o
                0x000000001c004102                pi_i2c_open
 .text.pi_i2c_read
                0x000000001c00410a       0x46 /module/examples/other/imflip_handler/BUILD/GAP8_V2/GCC_RISCV_FREERTOS//gap_sdk/rtos/freeRTOS/vendors/gwt/gap8/pmsis/drivers/udma/i2c/i2c.o
                0x000000001c00410a                pi_i2c_read
 .text.pi_i2c_write
                0x000000001c004150       0x46 /module/examples/other/imflip_handler/BUILD/GAP8_V2/GCC_RISCV_FREERTOS//gap_sdk/rtos/freeRTOS/vendors/gwt/gap8/pmsis/drivers/udma/i2c/i2c.o
                0x000000001c004150                pi_i2c_write
 .text.__pi_i2c_copy_exec_read
                0x000000001c004196       0xda /module/examples/other/imflip_handler/BUILD/GAP8_V2/GCC_RISCV_FREERTOS//gap_sdk/rtos/freeRTOS/vendors/gwt/gap8/pmsis/drivers/udma/i2c/i2c_internal.o
 .text.__pi_i2c_copy_exec_write
                0x000000001c004270       0xf0 /module/examples/other/imflip_handler/BUILD/GAP8_V2/GCC_RISCV_FREERTOS//gap_sdk/rtos/freeRTOS/vendors/gwt/gap8/pmsis/drivers/udma/i2c/i2c_internal.o
 .text.__pi_i2c_handler
                0x000000001c004360      0x11a /module/examples/other/imflip_handler/BUILD/GAP8_V2/GCC_RISCV_FREERTOS//gap_sdk/rtos/freeRTOS/vendors/gwt/gap8/pmsis/drivers/udma/i2c/i2c_internal.o
 .text.__pi_i2c_freq_cb
                0x000000001c00447a       0x7c /module/examples/other/imflip_handler/BUILD/GAP8_V2/GCC_RISCV_FREERTOS//gap_sdk/rtos/freeRTOS/vendors/gwt/gap8/pmsis/drivers/udma/i2c/i2c_internal.o
 .text.__pi_i2c_conf_init
                0x000000001c0044f6       0x18 /module/examples/other/imflip_handler/BUILD/GAP8_V2/GCC_RISCV_FREERTOS//gap_sdk/rtos/freeRTOS/vendors/gwt/gap8/pmsis/drivers/udma/i2c/i2c_internal.o
                0x000000001c0044f6                __pi_i2c_conf_init
 .text.__pi_i2c_open
                0x000000001c00450e      0x1f8 /module/examples/other/imflip_handler/BUILD/GAP8_V2/GCC_RISCV_FREERTOS//gap_sdk/rtos/freeRTOS/vendors/gwt/gap8/pmsis/drivers/udma/i2c/i2c_internal.o
                0x000000001c00450e                __pi_i2c_open
 .text.__pi_i2c_copy
                0x000000001c004706       0x66 /module/examples/other/imflip_handler/BUILD/GAP8_V2/GCC_RISCV_FREERTOS//gap_sdk/rtos/freeRTOS/vendors/gwt/gap8/pmsis/drivers/udma/i2c/i2c_internal.o
                0x000000001c004706                __pi_i2c_copy
 .text.pi_spi_open
                0x000000001c00476c       0x1c /module/examples/other/imflip_handler/BUILD/GAP8_V2/GCC_RISCV_FREERTOS//gap_sdk/rtos/freeRTOS/vendors/gwt/gap8/pmsis/drivers/udma/spi/spi.o
                0x000000001c00476c                pi_spi_open
 .text.pi_spi_transfer
                0x000000001c004788       0x48 /module/examples/other/imflip_handler/BUILD/GAP8_V2/GCC_RISCV_FREERTOS//gap_sdk/rtos/freeRTOS/vendors/gwt/gap8/pmsis/drivers/udma/spi/spi.o
                0x000000001c004788                pi_spi_transfer
 .text.__pi_spi_freq_cb
                0x000000001c0047d0       0x84 /module/examples/other/imflip_handler/BUILD/GAP8_V2/GCC_RISCV_FREERTOS//gap_sdk/rtos/freeRTOS/vendors/gwt/gap8/pmsis/drivers/udma/spi/spi_internal.o
                0x000000001c0047d0                __pi_spi_freq_cb
 .text.pi_spi_conf_init
                0x000000001c004854       0x26 /module/examples/other/imflip_handler/BUILD/GAP8_V2/GCC_RISCV_FREERTOS//gap_sdk/rtos/freeRTOS/vendors/gwt/gap8/pmsis/drivers/udma/spi/spi_internal.o
                0x000000001c004854                pi_spi_conf_init
 .text.__pi_spi_open
                0x000000001c00487a      0x300 /module/examples/other/imflip_handler/BUILD/GAP8_V2/GCC_RISCV_FREERTOS//gap_sdk/rtos/freeRTOS/vendors/gwt/gap8/pmsis/drivers/udma/spi/spi_internal.o
                0x000000001c00487a                __pi_spi_open
 .text.__pi_spi_receive_async
                0x000000001c004b7a      0x110 /module/examples/other/imflip_handler/BUILD/GAP8_V2/GCC_RISCV_FREERTOS//gap_sdk/rtos/freeRTOS/vendors/gwt/gap8/pmsis/drivers/udma/spi/spi_internal.o
                0x000000001c004b7a                __pi_spi_receive_async
 .text.__pi_spi_send_async
                0x000000001c004c8a      0x146 /module/examples/other/imflip_handler/BUILD/GAP8_V2/GCC_RISCV_FREERTOS//gap_sdk/rtos/freeRTOS/vendors/gwt/gap8/pmsis/drivers/udma/spi/spi_internal.o
                0x000000001c004c8a                __pi_spi_send_async
 .text.__pi_spi_xfer_async
                0x000000001c004dd0      0x138 /module/examples/other/imflip_handler/BUILD/GAP8_V2/GCC_RISCV_FREERTOS//gap_sdk/rtos/freeRTOS/vendors/gwt/gap8/pmsis/drivers/udma/spi/spi_internal.o
                0x000000001c004dd0                __pi_spi_xfer_async
 .text.__pi_spi_copy_async
                0x000000001c004f08      0x792 /module/examples/other/imflip_handler/BUILD/GAP8_V2/GCC_RISCV_FREERTOS//gap_sdk/rtos/freeRTOS/vendors/gwt/gap8/pmsis/drivers/udma/spi/spi_internal.o
                0x000000001c004f08                __pi_spi_copy_async
 .text.__pi_spi_copy_async_2d
                0x000000001c00569a      0x700 /module/examples/other/imflip_handler/BUILD/GAP8_V2/GCC_RISCV_FREERTOS//gap_sdk/rtos/freeRTOS/vendors/gwt/gap8/pmsis/drivers/udma/spi/spi_internal.o
                0x000000001c00569a                __pi_spi_copy_async_2d
 .text.spim_eot_handler
                0x000000001c005d9a      0x86a /module/examples/other/imflip_handler/BUILD/GAP8_V2/GCC_RISCV_FREERTOS//gap_sdk/rtos/freeRTOS/vendors/gwt/gap8/pmsis/drivers/udma/spi/spi_internal.o
                0x000000001c005d9a                spim_eot_handler
 .text.spim_tx_handler
                0x000000001c006604       0x3e /module/examples/other/imflip_handler/BUILD/GAP8_V2/GCC_RISCV_FREERTOS//gap_sdk/rtos/freeRTOS/vendors/gwt/gap8/pmsis/drivers/udma/spi/spi_internal.o
                0x000000001c006604                spim_tx_handler
 .text.spim_rx_handler
                0x000000001c006642       0x3a /module/examples/other/imflip_handler/BUILD/GAP8_V2/GCC_RISCV_FREERTOS//gap_sdk/rtos/freeRTOS/vendors/gwt/gap8/pmsis/drivers/udma/spi/spi_internal.o
                0x000000001c006642                spim_rx_handler
 .text.pi_uart_conf_init
                0x000000001c00667c        0x2 /module/examples/other/imflip_handler/BUILD/GAP8_V2/GCC_RISCV_FREERTOS//gap_sdk/rtos/freeRTOS/vendors/gwt/gap8/pmsis/drivers/udma/uart/uart.o
                0x000000001c00667c                pi_uart_conf_init
 .text.pi_uart_open
                0x000000001c00667e        0x6 /module/examples/other/imflip_handler/BUILD/GAP8_V2/GCC_RISCV_FREERTOS//gap_sdk/rtos/freeRTOS/vendors/gwt/gap8/pmsis/drivers/udma/uart/uart.o
                0x000000001c00667e                pi_uart_open
 .text.pi_uart_close
                0x000000001c006684       0x1e /module/examples/other/imflip_handler/BUILD/GAP8_V2/GCC_RISCV_FREERTOS//gap_sdk/rtos/freeRTOS/vendors/gwt/gap8/pmsis/drivers/udma/uart/uart.o
                0x000000001c006684                pi_uart_close
 .text.pi_uart_write
                0x000000001c0066a2       0x4c /module/examples/other/imflip_handler/BUILD/GAP8_V2/GCC_RISCV_FREERTOS//gap_sdk/rtos/freeRTOS/vendors/gwt/gap8/pmsis/drivers/udma/uart/uart.o
                0x000000001c0066a2                pi_uart_write
 .text.__pi_uart_freq_cb
                0x000000001c0066ee       0xa6 /module/examples/other/imflip_handler/BUILD/GAP8_V2/GCC_RISCV_FREERTOS//gap_sdk/rtos/freeRTOS/vendors/gwt/gap8/pmsis/drivers/udma/uart/uart_internal.o
 .text.__pi_uart_handler
                0x000000001c006794       0xc0 /module/examples/other/imflip_handler/BUILD/GAP8_V2/GCC_RISCV_FREERTOS//gap_sdk/rtos/freeRTOS/vendors/gwt/gap8/pmsis/drivers/udma/uart/uart_internal.o
 .text.__pi_uart_conf_init
                0x000000001c006854       0x18 /module/examples/other/imflip_handler/BUILD/GAP8_V2/GCC_RISCV_FREERTOS//gap_sdk/rtos/freeRTOS/vendors/gwt/gap8/pmsis/drivers/udma/uart/uart_internal.o
                0x000000001c006854                __pi_uart_conf_init
 .text.__pi_uart_open
                0x000000001c00686c      0x1f0 /module/examples/other/imflip_handler/BUILD/GAP8_V2/GCC_RISCV_FREERTOS//gap_sdk/rtos/freeRTOS/vendors/gwt/gap8/pmsis/drivers/udma/uart/uart_internal.o
                0x000000001c00686c                __pi_uart_open
 .text.__pi_uart_close
                0x000000001c006a5c      0x144 /module/examples/other/imflip_handler/BUILD/GAP8_V2/GCC_RISCV_FREERTOS//gap_sdk/rtos/freeRTOS/vendors/gwt/gap8/pmsis/drivers/udma/uart/uart_internal.o
                0x000000001c006a5c                __pi_uart_close
 .text.__pi_uart_copy
                0x000000001c006ba0       0xb0 /module/examples/other/imflip_handler/BUILD/GAP8_V2/GCC_RISCV_FREERTOS//gap_sdk/rtos/freeRTOS/vendors/gwt/gap8/pmsis/drivers/udma/uart/uart_internal.o
                0x000000001c006ba0                __pi_uart_copy
 .text.semihost_exit
                0x000000001c006c50       0x12 /module/examples/other/imflip_handler/BUILD/GAP8_V2/GCC_RISCV_FREERTOS//gap_sdk/rtos/pmsis/pmsis_bsp/fs/host_fs/semihost.o
                0x000000001c006c50                semihost_exit
 .text.bsp_himax_conf_init
                0x000000001c006c62       0x48 /module/examples/other/imflip_handler/BUILD/GAP8_V2/GCC_RISCV_FREERTOS//gap_sdk/rtos/pmsis/pmsis_bsp/bsp/ai_deck.o
                0x000000001c006c62                bsp_himax_conf_init
 .text.bsp_himax_open
                0x000000001c006caa       0x40 /module/examples/other/imflip_handler/BUILD/GAP8_V2/GCC_RISCV_FREERTOS//gap_sdk/rtos/pmsis/pmsis_bsp/bsp/ai_deck.o
                0x000000001c006caa                bsp_himax_open
 .text.pi_bsp_init
                0x000000001c006cea       0x3c /module/examples/other/imflip_handler/BUILD/GAP8_V2/GCC_RISCV_FREERTOS//gap_sdk/rtos/pmsis/pmsis_bsp/bsp/ai_deck.o
                0x000000001c006cea                pi_bsp_init
 .text.pi_camera_open
                0x000000001c006d26        0xc /module/examples/other/imflip_handler/BUILD/GAP8_V2/GCC_RISCV_FREERTOS//gap_sdk/rtos/pmsis/pmsis_bsp/camera/camera.o
                0x000000001c006d26                pi_camera_open
 .text.__camera_conf_init
                0x000000001c006d32        0x2 /module/examples/other/imflip_handler/BUILD/GAP8_V2/GCC_RISCV_FREERTOS//gap_sdk/rtos/pmsis/pmsis_bsp/camera/camera.o
                0x000000001c006d32                __camera_conf_init
 .text.__himax_reg_set
                0x000000001c006d34       0x3e /module/examples/other/imflip_handler/BUILD/GAP8_V2/GCC_RISCV_FREERTOS//gap_sdk/rtos/pmsis/pmsis_bsp/camera/himax/himax.o
                0x000000001c006d34                __himax_reg_set
 .text.__himax_capture_async
                0x000000001c006d72        0xa /module/examples/other/imflip_handler/BUILD/GAP8_V2/GCC_RISCV_FREERTOS//gap_sdk/rtos/pmsis/pmsis_bsp/camera/himax/himax.o
                0x000000001c006d72                __himax_capture_async
 .text.__himax_reg_get
                0x000000001c006d7c       0x5c /module/examples/other/imflip_handler/BUILD/GAP8_V2/GCC_RISCV_FREERTOS//gap_sdk/rtos/pmsis/pmsis_bsp/camera/himax/himax.o
                0x000000001c006d7c                __himax_reg_get
 .text.__himax_close
                0x000000001c006dd8       0x42 /module/examples/other/imflip_handler/BUILD/GAP8_V2/GCC_RISCV_FREERTOS//gap_sdk/rtos/pmsis/pmsis_bsp/camera/himax/himax.o
 .text.__himax_open
                0x000000001c006e1a      0x2ea /module/examples/other/imflip_handler/BUILD/GAP8_V2/GCC_RISCV_FREERTOS//gap_sdk/rtos/pmsis/pmsis_bsp/camera/himax/himax.o
                0x000000001c006e1a                __himax_open
 .text.__himax_reopen
                0x000000001c007104      0x1d6 /module/examples/other/imflip_handler/BUILD/GAP8_V2/GCC_RISCV_FREERTOS//gap_sdk/rtos/pmsis/pmsis_bsp/camera/himax/himax.o
                0x000000001c007104                __himax_reopen
 .text.__himax_control
                0x000000001c0072da      0x124 /module/examples/other/imflip_handler/BUILD/GAP8_V2/GCC_RISCV_FREERTOS//gap_sdk/rtos/pmsis/pmsis_bsp/camera/himax/himax.o
 .text.pi_himax_conf_init
                0x000000001c0073fe       0x2e /module/examples/other/imflip_handler/BUILD/GAP8_V2/GCC_RISCV_FREERTOS//gap_sdk/rtos/pmsis/pmsis_bsp/camera/himax/himax.o
                0x000000001c0073fe                pi_himax_conf_init
 .text.pi_log_default_vprintf
                0x000000001c00742c        0x4 /module/examples/other/imflip_handler/BUILD/GAP8_V2/GCC_RISCV_FREERTOS//gap_sdk/rtos/freeRTOS/vendors/gwt/pmsis/rtos/pi_log.o
 .text.pmsis_event_push
                0x000000001c007430       0x4e /module/examples/other/imflip_handler/BUILD/GAP8_V2/GCC_RISCV_FREERTOS//gap_sdk/rtos/freeRTOS/vendors/gwt/pmsis/rtos/event_kernel/event_kernel.o
                0x000000001c007430                pmsis_event_push
 .text.pmsis_event_kernel_init
                0x000000001c00747e       0x78 /module/examples/other/imflip_handler/BUILD/GAP8_V2/GCC_RISCV_FREERTOS//gap_sdk/rtos/freeRTOS/vendors/gwt/pmsis/rtos/event_kernel/event_kernel.o
                0x000000001c00747e                pmsis_event_kernel_init
 .text.pmsis_event_kernel_main
                0x000000001c0074f6       0xa2 /module/examples/other/imflip_handler/BUILD/GAP8_V2/GCC_RISCV_FREERTOS//gap_sdk/rtos/freeRTOS/vendors/gwt/pmsis/rtos/event_kernel/event_kernel.o
                0x000000001c0074f6                pmsis_event_kernel_main
 .text.pmsis_event_get_default_scheduler
                0x000000001c007598        0xa /module/examples/other/imflip_handler/BUILD/GAP8_V2/GCC_RISCV_FREERTOS//gap_sdk/rtos/freeRTOS/vendors/gwt/pmsis/rtos/event_kernel/event_kernel.o
                0x000000001c007598                pmsis_event_get_default_scheduler
 .text.pmsis_event_set_default_scheduler
                0x000000001c0075a2        0xa /module/examples/other/imflip_handler/BUILD/GAP8_V2/GCC_RISCV_FREERTOS//gap_sdk/rtos/freeRTOS/vendors/gwt/pmsis/rtos/event_kernel/event_kernel.o
                0x000000001c0075a2                pmsis_event_set_default_scheduler
 .text.pi_cl_l1_free
                0x000000001c0075ac       0x20 /module/examples/other/imflip_handler/BUILD/GAP8_V2/GCC_RISCV_FREERTOS//gap_sdk/rtos/freeRTOS/vendors/gwt/pmsis/rtos/malloc/cl_l1_malloc.o
                0x000000001c0075ac                pi_cl_l1_free
 .text.pi_fc_l1_malloc
                0x000000001c0075cc       0x22 /module/examples/other/imflip_handler/BUILD/GAP8_V2/GCC_RISCV_FREERTOS//gap_sdk/rtos/freeRTOS/vendors/gwt/pmsis/rtos/malloc/fc_l1_malloc.o
                0x000000001c0075cc                pi_fc_l1_malloc
 .text.pi_fc_l1_free
                0x000000001c0075ee       0x24 /module/examples/other/imflip_handler/BUILD/GAP8_V2/GCC_RISCV_FREERTOS//gap_sdk/rtos/freeRTOS/vendors/gwt/pmsis/rtos/malloc/fc_l1_malloc.o
                0x000000001c0075ee                pi_fc_l1_free
 .text.pi_fc_l1_malloc_init
                0x000000001c007612       0x20 /module/examples/other/imflip_handler/BUILD/GAP8_V2/GCC_RISCV_FREERTOS//gap_sdk/rtos/freeRTOS/vendors/gwt/pmsis/rtos/malloc/fc_l1_malloc.o
                0x000000001c007612                pi_fc_l1_malloc_init
 .text.pi_l2_malloc
                0x000000001c007632       0x5a /module/examples/other/imflip_handler/BUILD/GAP8_V2/GCC_RISCV_FREERTOS//gap_sdk/rtos/freeRTOS/vendors/gwt/pmsis/rtos/malloc/l2_malloc.o
                0x000000001c007632                pi_l2_malloc
 .text.pi_l2_free
                0x000000001c00768c       0x3a /module/examples/other/imflip_handler/BUILD/GAP8_V2/GCC_RISCV_FREERTOS//gap_sdk/rtos/freeRTOS/vendors/gwt/pmsis/rtos/malloc/l2_malloc.o
                0x000000001c00768c                pi_l2_free
 .text.pi_l2_malloc_init
                0x000000001c0076c6       0x20 /module/examples/other/imflip_handler/BUILD/GAP8_V2/GCC_RISCV_FREERTOS//gap_sdk/rtos/freeRTOS/vendors/gwt/pmsis/rtos/malloc/l2_malloc.o
                0x000000001c0076c6                pi_l2_malloc_init
 .text.__malloc_init
                0x000000001c0076e6       0x20 /module/examples/other/imflip_handler/BUILD/GAP8_V2/GCC_RISCV_FREERTOS//gap_sdk/rtos/freeRTOS/vendors/gwt/pmsis/rtos/malloc/malloc_internal.o
                0x000000001c0076e6                __malloc_init
 .text.__malloc
                0x000000001c007706       0x4a /module/examples/other/imflip_handler/BUILD/GAP8_V2/GCC_RISCV_FREERTOS//gap_sdk/rtos/freeRTOS/vendors/gwt/pmsis/rtos/malloc/malloc_internal.o
                0x000000001c007706                __malloc
 .text.__malloc_free
                0x000000001c007750       0x5c /module/examples/other/imflip_handler/BUILD/GAP8_V2/GCC_RISCV_FREERTOS//gap_sdk/rtos/freeRTOS/vendors/gwt/pmsis/rtos/malloc/malloc_internal.o
                0x000000001c007750                __malloc_free
 .text.pi_malloc_init
                0x000000001c0077ac       0x1c /module/examples/other/imflip_handler/BUILD/GAP8_V2/GCC_RISCV_FREERTOS//gap_sdk/rtos/freeRTOS/vendors/gwt/pmsis/rtos/malloc/pi_malloc.o
                0x000000001c0077ac                pi_malloc_init
 .text.pi_malloc
                0x000000001c0077c8       0x2c /module/examples/other/imflip_handler/BUILD/GAP8_V2/GCC_RISCV_FREERTOS//gap_sdk/rtos/freeRTOS/vendors/gwt/pmsis/rtos/malloc/pi_malloc.o
                0x000000001c0077c8                pi_malloc
 .text.pi_free  0x000000001c0077f4       0x1e /module/examples/other/imflip_handler/BUILD/GAP8_V2/GCC_RISCV_FREERTOS//gap_sdk/rtos/freeRTOS/vendors/gwt/pmsis/rtos/malloc/pi_malloc.o
                0x000000001c0077f4                pi_free
 .text.pi_open_from_conf
                0x000000001c007812        0x4 /module/examples/other/imflip_handler/BUILD/GAP8_V2/GCC_RISCV_FREERTOS//gap_sdk/rtos/freeRTOS/vendors/gwt/pmsis/rtos/os/device.o
                0x000000001c007812                pi_open_from_conf
 .text.__pi_task_block
                0x000000001c007816       0x36 /module/examples/other/imflip_handler/BUILD/GAP8_V2/GCC_RISCV_FREERTOS//gap_sdk/rtos/freeRTOS/vendors/gwt/pmsis/rtos/os/pmsis_task.o
                0x000000001c007816                __pi_task_block
 .text.__pi_task_callback
                0x000000001c00784c       0x24 /module/examples/other/imflip_handler/BUILD/GAP8_V2/GCC_RISCV_FREERTOS//gap_sdk/rtos/freeRTOS/vendors/gwt/pmsis/rtos/os/pmsis_task.o
                0x000000001c00784c                __pi_task_callback
 .text.__pi_task_destroy
                0x000000001c007870       0x10 /module/examples/other/imflip_handler/BUILD/GAP8_V2/GCC_RISCV_FREERTOS//gap_sdk/rtos/freeRTOS/vendors/gwt/pmsis/rtos/os/pmsis_task.o
                0x000000001c007870                __pi_task_destroy
 .text.__pi_task_wait_on
                0x000000001c007880       0x42 /module/examples/other/imflip_handler/BUILD/GAP8_V2/GCC_RISCV_FREERTOS//gap_sdk/rtos/freeRTOS/vendors/gwt/pmsis/rtos/os/pmsis_task.o
                0x000000001c007880                __pi_task_wait_on
 .text.__pi_task_push
                0x000000001c0078c2       0x26 /module/examples/other/imflip_handler/BUILD/GAP8_V2/GCC_RISCV_FREERTOS//gap_sdk/rtos/freeRTOS/vendors/gwt/pmsis/rtos/os/pmsis_task.o
                0x000000001c0078c2                __pi_task_push
 .text.pi_task_release
                0x000000001c0078e8       0x4e /module/examples/other/imflip_handler/BUILD/GAP8_V2/GCC_RISCV_FREERTOS//gap_sdk/rtos/freeRTOS/vendors/gwt/pmsis/rtos/os/pmsis_task.o
                0x000000001c0078e8                pi_task_release
 .text.pi_cl_pi_task_wait
                0x000000001c007936       0x28 /module/examples/other/imflip_handler/BUILD/GAP8_V2/GCC_RISCV_FREERTOS//gap_sdk/rtos/freeRTOS/vendors/gwt/pmsis/rtos/os/pmsis_task.o
                0x000000001c007936                pi_cl_pi_task_wait
 .text.__os_native_kickoff
                0x000000001c00795e       0x9a /module/examples/other/imflip_handler/BUILD/GAP8_V2/GCC_RISCV_FREERTOS//gap_sdk/rtos/freeRTOS/vendors/gwt/pmsis/backend/pmsis_backend_native_task_api.o
                0x000000001c00795e                __os_native_kickoff
 .text.pi_time_wait_us
                0x000000001c0079f8       0x92 /module/examples/other/imflip_handler/BUILD/GAP8_V2/GCC_RISCV_FREERTOS//gap_sdk/rtos/freeRTOS/vendors/gwt/pmsis/backend/pmsis_backend_native_task_api.o
                0x000000001c0079f8                pi_time_wait_us
 .text.pi_task_delayed_increment_push
                0x000000001c007a8a       0x70 /module/examples/other/imflip_handler/BUILD/GAP8_V2/GCC_RISCV_FREERTOS//gap_sdk/rtos/freeRTOS/vendors/gwt/pmsis/backend/pmsis_backend_native_task_api.o
                0x000000001c007a8a                pi_task_delayed_increment_push
 .text.pxPortInitialiseStack
                0x000000001c007afa       0x38 /module/examples/other/imflip_handler/BUILD/GAP8_V2/GCC_RISCV_FREERTOS//gap_sdk/rtos/freeRTOS/freertos_kernel/portable/GCC/RI5CY-GAP8/port.o
                0x000000001c007afa                pxPortInitialiseStack
 .text.prvSetupTimerInterrupt
                0x000000001c007b32        0x8 /module/examples/other/imflip_handler/BUILD/GAP8_V2/GCC_RISCV_FREERTOS//gap_sdk/rtos/freeRTOS/freertos_kernel/portable/GCC/RI5CY-GAP8/port.o
                0x000000001c007b32                prvSetupTimerInterrupt
 .text.vPortEnter_Critical
                0x000000001c007b3a       0x14 /module/examples/other/imflip_handler/BUILD/GAP8_V2/GCC_RISCV_FREERTOS//gap_sdk/rtos/freeRTOS/freertos_kernel/portable/GCC/RI5CY-GAP8/port.o
                0x000000001c007b3a                vPortEnter_Critical
 .text.vPortExit_Critical
                0x000000001c007b4e       0x1c /module/examples/other/imflip_handler/BUILD/GAP8_V2/GCC_RISCV_FREERTOS//gap_sdk/rtos/freeRTOS/freertos_kernel/portable/GCC/RI5CY-GAP8/port.o
                0x000000001c007b4e                vPortExit_Critical
 .text.uPortSet_Interrupt_Mask_From_ISR
                0x000000001c007b6a        0x6 /module/examples/other/imflip_handler/BUILD/GAP8_V2/GCC_RISCV_FREERTOS//gap_sdk/rtos/freeRTOS/freertos_kernel/portable/GCC/RI5CY-GAP8/port.o
                0x000000001c007b6a                uPortSet_Interrupt_Mask_From_ISR
 .text.vPortClear_Interrupt_Mask_From_ISR
                0x000000001c007b70        0x6 /module/examples/other/imflip_handler/BUILD/GAP8_V2/GCC_RISCV_FREERTOS//gap_sdk/rtos/freeRTOS/freertos_kernel/portable/GCC/RI5CY-GAP8/port.o
                0x000000001c007b70                vPortClear_Interrupt_Mask_From_ISR
 .text._out_buffer
                0x000000001c007b76        0xa /module/examples/other/imflip_handler/BUILD/GAP8_V2/GCC_RISCV_FREERTOS//gap_sdk/rtos/freeRTOS/vendors/gwt/libs/printf/printf.o
 .text._out_null
                0x000000001c007b80        0x2 /module/examples/other/imflip_handler/BUILD/GAP8_V2/GCC_RISCV_FREERTOS//gap_sdk/rtos/freeRTOS/vendors/gwt/libs/printf/printf.o
 .text._out_char
                0x000000001c007b82        0x8 /module/examples/other/imflip_handler/BUILD/GAP8_V2/GCC_RISCV_FREERTOS//gap_sdk/rtos/freeRTOS/vendors/gwt/libs/printf/printf.o
 .text._ntoa_long
                0x000000001c007b8a      0x34c /module/examples/other/imflip_handler/BUILD/GAP8_V2/GCC_RISCV_FREERTOS//gap_sdk/rtos/freeRTOS/vendors/gwt/libs/printf/printf.o
 .text._etoa    0x000000001c007ed6      0x68e /module/examples/other/imflip_handler/BUILD/GAP8_V2/GCC_RISCV_FREERTOS//gap_sdk/rtos/freeRTOS/vendors/gwt/libs/printf/printf.o
 .text._ftoa.part.1
                0x000000001c008564      0x53a /module/examples/other/imflip_handler/BUILD/GAP8_V2/GCC_RISCV_FREERTOS//gap_sdk/rtos/freeRTOS/vendors/gwt/libs/printf/printf.o
 .text._vsnprintf
                0x000000001c008a9e      0x7dc /module/examples/other/imflip_handler/BUILD/GAP8_V2/GCC_RISCV_FREERTOS//gap_sdk/rtos/freeRTOS/vendors/gwt/libs/printf/printf.o
 .text.printf_  0x000000001c00927a       0x32 /module/examples/other/imflip_handler/BUILD/GAP8_V2/GCC_RISCV_FREERTOS//gap_sdk/rtos/freeRTOS/vendors/gwt/libs/printf/printf.o
                0x000000001c00927a                printf_
 .text.vprintf_
                0x000000001c0092ac       0x1e /module/examples/other/imflip_handler/BUILD/GAP8_V2/GCC_RISCV_FREERTOS//gap_sdk/rtos/freeRTOS/vendors/gwt/libs/printf/printf.o
                0x000000001c0092ac                vprintf_
 .text.vsnprintf_
                0x000000001c0092ca       0x14 /module/examples/other/imflip_handler/BUILD/GAP8_V2/GCC_RISCV_FREERTOS//gap_sdk/rtos/freeRTOS/vendors/gwt/libs/printf/printf.o
                0x000000001c0092ca                vsnprintf_
 .text.vListInitialise
                0x000000001c0092de       0x14 /module/examples/other/imflip_handler/BUILD/GAP8_V2/GCC_RISCV_FREERTOS//gap_sdk/rtos/freeRTOS/freertos_kernel/list.o
                0x000000001c0092de                vListInitialise
 .text.vListInitialiseItem
                0x000000001c0092f2        0x6 /module/examples/other/imflip_handler/BUILD/GAP8_V2/GCC_RISCV_FREERTOS//gap_sdk/rtos/freeRTOS/freertos_kernel/list.o
                0x000000001c0092f2                vListInitialiseItem
 .text.vListInsertEnd
                0x000000001c0092f8       0x18 /module/examples/other/imflip_handler/BUILD/GAP8_V2/GCC_RISCV_FREERTOS//gap_sdk/rtos/freeRTOS/freertos_kernel/list.o
                0x000000001c0092f8                vListInsertEnd
 .text.vListInsert
                0x000000001c009310       0x2e /module/examples/other/imflip_handler/BUILD/GAP8_V2/GCC_RISCV_FREERTOS//gap_sdk/rtos/freeRTOS/freertos_kernel/list.o
                0x000000001c009310                vListInsert
 .text.uxListRemove
                0x000000001c00933e       0x22 /module/examples/other/imflip_handler/BUILD/GAP8_V2/GCC_RISCV_FREERTOS//gap_sdk/rtos/freeRTOS/freertos_kernel/list.o
                0x000000001c00933e                uxListRemove
 .text.xQueueGenericCreateStatic
                0x000000001c009360       0x6e /module/examples/other/imflip_handler/BUILD/GAP8_V2/GCC_RISCV_FREERTOS//gap_sdk/rtos/freeRTOS/freertos_kernel/queue.o
                0x000000001c009360                xQueueGenericCreateStatic
 .text.xQueueGenericCreate
                0x000000001c0093ce       0x80 /module/examples/other/imflip_handler/BUILD/GAP8_V2/GCC_RISCV_FREERTOS//gap_sdk/rtos/freeRTOS/freertos_kernel/queue.o
                0x000000001c0093ce                xQueueGenericCreate
 .text.xQueueGenericSend
                0x000000001c00944e      0x35e /module/examples/other/imflip_handler/BUILD/GAP8_V2/GCC_RISCV_FREERTOS//gap_sdk/rtos/freeRTOS/freertos_kernel/queue.o
                0x000000001c00944e                xQueueGenericSend
 .text.xQueueCreateMutex
                0x000000001c0097ac       0x80 /module/examples/other/imflip_handler/BUILD/GAP8_V2/GCC_RISCV_FREERTOS//gap_sdk/rtos/freeRTOS/freertos_kernel/queue.o
                0x000000001c0097ac                xQueueCreateMutex
 .text.xQueueGenericSendFromISR
                0x000000001c00982c      0x108 /module/examples/other/imflip_handler/BUILD/GAP8_V2/GCC_RISCV_FREERTOS//gap_sdk/rtos/freeRTOS/freertos_kernel/queue.o
                0x000000001c00982c                xQueueGenericSendFromISR
 .text.xQueueReceive
                0x000000001c009934      0x2b6 /module/examples/other/imflip_handler/BUILD/GAP8_V2/GCC_RISCV_FREERTOS//gap_sdk/rtos/freeRTOS/freertos_kernel/queue.o
                0x000000001c009934                xQueueReceive
 .text.xQueueSemaphoreTake
                0x000000001c009bea      0x2ea /module/examples/other/imflip_handler/BUILD/GAP8_V2/GCC_RISCV_FREERTOS//gap_sdk/rtos/freeRTOS/freertos_kernel/queue.o
                0x000000001c009bea                xQueueSemaphoreTake
 .text.uxQueueMessagesWaiting
                0x000000001c009ed4       0x1c /module/examples/other/imflip_handler/BUILD/GAP8_V2/GCC_RISCV_FREERTOS//gap_sdk/rtos/freeRTOS/freertos_kernel/queue.o
                0x000000001c009ed4                uxQueueMessagesWaiting
 .text.vQueueAddToRegistry
                0x000000001c009ef0       0x58 /module/examples/other/imflip_handler/BUILD/GAP8_V2/GCC_RISCV_FREERTOS//gap_sdk/rtos/freeRTOS/freertos_kernel/queue.o
                0x000000001c009ef0                vQueueAddToRegistry
 .text.vQueueWaitForMessageRestricted
                0x000000001c009f48       0xea /module/examples/other/imflip_handler/BUILD/GAP8_V2/GCC_RISCV_FREERTOS//gap_sdk/rtos/freeRTOS/freertos_kernel/queue.o
                0x000000001c009f48                vQueueWaitForMessageRestricted
 .text.prvAddNewTaskToReadyList
                0x000000001c00a032      0x15c /module/examples/other/imflip_handler/BUILD/GAP8_V2/GCC_RISCV_FREERTOS//gap_sdk/rtos/freeRTOS/freertos_kernel/tasks.o
 .text.prvIdleTask
                0x000000001c00a18e       0x90 /module/examples/other/imflip_handler/BUILD/GAP8_V2/GCC_RISCV_FREERTOS//gap_sdk/rtos/freeRTOS/freertos_kernel/tasks.o
 .text.xTaskIncrementTick.part.6
                0x000000001c00a21e      0x168 /module/examples/other/imflip_handler/BUILD/GAP8_V2/GCC_RISCV_FREERTOS//gap_sdk/rtos/freeRTOS/freertos_kernel/tasks.o
 .text.xTaskCreateStatic
                0x000000001c00a386      0x17e /module/examples/other/imflip_handler/BUILD/GAP8_V2/GCC_RISCV_FREERTOS//gap_sdk/rtos/freeRTOS/freertos_kernel/tasks.o
                0x000000001c00a386                xTaskCreateStatic
 .text.xTaskCreate
                0x000000001c00a504      0x1a2 /module/examples/other/imflip_handler/BUILD/GAP8_V2/GCC_RISCV_FREERTOS//gap_sdk/rtos/freeRTOS/freertos_kernel/tasks.o
                0x000000001c00a504                xTaskCreate
 .text.vTaskStartScheduler
                0x000000001c00a6a6       0xec /module/examples/other/imflip_handler/BUILD/GAP8_V2/GCC_RISCV_FREERTOS//gap_sdk/rtos/freeRTOS/freertos_kernel/tasks.o
                0x000000001c00a6a6                vTaskStartScheduler
 .text.vTaskSuspendAll
                0x000000001c00a792       0x10 /module/examples/other/imflip_handler/BUILD/GAP8_V2/GCC_RISCV_FREERTOS//gap_sdk/rtos/freeRTOS/freertos_kernel/tasks.o
                0x000000001c00a792                vTaskSuspendAll
 .text.xTaskResumeAll
                0x000000001c00a7a2      0x13e /module/examples/other/imflip_handler/BUILD/GAP8_V2/GCC_RISCV_FREERTOS//gap_sdk/rtos/freeRTOS/freertos_kernel/tasks.o
                0x000000001c00a7a2                xTaskResumeAll
 .text.xTaskGetTickCount
                0x000000001c00a8e0        0xa /module/examples/other/imflip_handler/BUILD/GAP8_V2/GCC_RISCV_FREERTOS//gap_sdk/rtos/freeRTOS/freertos_kernel/tasks.o
                0x000000001c00a8e0                xTaskGetTickCount
 .text.xTaskIncrementTick
                0x000000001c00a8ea       0x20 /module/examples/other/imflip_handler/BUILD/GAP8_V2/GCC_RISCV_FREERTOS//gap_sdk/rtos/freeRTOS/freertos_kernel/tasks.o
                0x000000001c00a8ea                xTaskIncrementTick
 .text.vTaskSwitchContext
                0x000000001c00a90a       0xb2 /module/examples/other/imflip_handler/BUILD/GAP8_V2/GCC_RISCV_FREERTOS//gap_sdk/rtos/freeRTOS/freertos_kernel/tasks.o
                0x000000001c00a90a                vTaskSwitchContext
 .text.vTaskPlaceOnEventList
                0x000000001c00a9bc       0x9c /module/examples/other/imflip_handler/BUILD/GAP8_V2/GCC_RISCV_FREERTOS//gap_sdk/rtos/freeRTOS/freertos_kernel/tasks.o
                0x000000001c00a9bc                vTaskPlaceOnEventList
 .text.vTaskPlaceOnUnorderedEventList
                0x000000001c00aa58       0xac /module/examples/other/imflip_handler/BUILD/GAP8_V2/GCC_RISCV_FREERTOS//gap_sdk/rtos/freeRTOS/freertos_kernel/tasks.o
                0x000000001c00aa58                vTaskPlaceOnUnorderedEventList
 .text.vTaskPlaceOnEventListRestricted
                0x000000001c00ab04       0xaa /module/examples/other/imflip_handler/BUILD/GAP8_V2/GCC_RISCV_FREERTOS//gap_sdk/rtos/freeRTOS/freertos_kernel/tasks.o
                0x000000001c00ab04                vTaskPlaceOnEventListRestricted
 .text.xTaskRemoveFromEventList
                0x000000001c00abae       0x8e /module/examples/other/imflip_handler/BUILD/GAP8_V2/GCC_RISCV_FREERTOS//gap_sdk/rtos/freeRTOS/freertos_kernel/tasks.o
                0x000000001c00abae                xTaskRemoveFromEventList
 .text.vTaskRemoveFromUnorderedEventList
                0x000000001c00ac3c       0x74 /module/examples/other/imflip_handler/BUILD/GAP8_V2/GCC_RISCV_FREERTOS//gap_sdk/rtos/freeRTOS/freertos_kernel/tasks.o
                0x000000001c00ac3c                vTaskRemoveFromUnorderedEventList
 .text.vTaskInternalSetTimeOutState
                0x000000001c00acb0       0x16 /module/examples/other/imflip_handler/BUILD/GAP8_V2/GCC_RISCV_FREERTOS//gap_sdk/rtos/freeRTOS/freertos_kernel/tasks.o
                0x000000001c00acb0                vTaskInternalSetTimeOutState
 .text.xTaskCheckForTimeOut
                0x000000001c00acc6       0x84 /module/examples/other/imflip_handler/BUILD/GAP8_V2/GCC_RISCV_FREERTOS//gap_sdk/rtos/freeRTOS/freertos_kernel/tasks.o
                0x000000001c00acc6                xTaskCheckForTimeOut
 .text.vTaskMissedYield
                0x000000001c00ad4a        0xc /module/examples/other/imflip_handler/BUILD/GAP8_V2/GCC_RISCV_FREERTOS//gap_sdk/rtos/freeRTOS/freertos_kernel/tasks.o
                0x000000001c00ad4a                vTaskMissedYield
 .text.xTaskGetCurrentTaskHandle
                0x000000001c00ad56        0xa /module/examples/other/imflip_handler/BUILD/GAP8_V2/GCC_RISCV_FREERTOS//gap_sdk/rtos/freeRTOS/freertos_kernel/tasks.o
                0x000000001c00ad56                xTaskGetCurrentTaskHandle
 .text.xTaskGetSchedulerState
                0x000000001c00ad60       0x1c /module/examples/other/imflip_handler/BUILD/GAP8_V2/GCC_RISCV_FREERTOS//gap_sdk/rtos/freeRTOS/freertos_kernel/tasks.o
                0x000000001c00ad60                xTaskGetSchedulerState
 .text.xTaskPriorityInherit
                0x000000001c00ad7c       0xb0 /module/examples/other/imflip_handler/BUILD/GAP8_V2/GCC_RISCV_FREERTOS//gap_sdk/rtos/freeRTOS/freertos_kernel/tasks.o
                0x000000001c00ad7c                xTaskPriorityInherit
 .text.xTaskPriorityDisinherit
                0x000000001c00ae2c       0x70 /module/examples/other/imflip_handler/BUILD/GAP8_V2/GCC_RISCV_FREERTOS//gap_sdk/rtos/freeRTOS/freertos_kernel/tasks.o
                0x000000001c00ae2c                xTaskPriorityDisinherit
 .text.vTaskPriorityDisinheritAfterTimeout
                0x000000001c00ae9c       0x94 /module/examples/other/imflip_handler/BUILD/GAP8_V2/GCC_RISCV_FREERTOS//gap_sdk/rtos/freeRTOS/freertos_kernel/tasks.o
                0x000000001c00ae9c                vTaskPriorityDisinheritAfterTimeout
 .text.uxTaskResetEventItemValue
                0x000000001c00af30       0x1a /module/examples/other/imflip_handler/BUILD/GAP8_V2/GCC_RISCV_FREERTOS//gap_sdk/rtos/freeRTOS/freertos_kernel/tasks.o
                0x000000001c00af30                uxTaskResetEventItemValue
 .text.pvTaskIncrementMutexHeldCount
                0x000000001c00af4a       0x18 /module/examples/other/imflip_handler/BUILD/GAP8_V2/GCC_RISCV_FREERTOS//gap_sdk/rtos/freeRTOS/freertos_kernel/tasks.o
                0x000000001c00af4a                pvTaskIncrementMutexHeldCount
 .text.ulTaskGenericNotifyTake
                0x000000001c00af62       0xf8 /module/examples/other/imflip_handler/BUILD/GAP8_V2/GCC_RISCV_FREERTOS//gap_sdk/rtos/freeRTOS/freertos_kernel/tasks.o
                0x000000001c00af62                ulTaskGenericNotifyTake
 .text.vTaskGenericNotifyGiveFromISR
                0x000000001c00b05a       0xc0 /module/examples/other/imflip_handler/BUILD/GAP8_V2/GCC_RISCV_FREERTOS//gap_sdk/rtos/freeRTOS/freertos_kernel/tasks.o
                0x000000001c00b05a                vTaskGenericNotifyGiveFromISR
 .text.prvTimerTask
                0x000000001c00b11a      0x35e /module/examples/other/imflip_handler/BUILD/GAP8_V2/GCC_RISCV_FREERTOS//gap_sdk/rtos/freeRTOS/freertos_kernel/timers.o
 .text.xTimerCreateTimerTask
                0x000000001c00b478       0xc2 /module/examples/other/imflip_handler/BUILD/GAP8_V2/GCC_RISCV_FREERTOS//gap_sdk/rtos/freeRTOS/freertos_kernel/timers.o
                0x000000001c00b478                xTimerCreateTimerTask
 .text.xTimerPendFunctionCallFromISR
                0x000000001c00b53a       0x28 /module/examples/other/imflip_handler/BUILD/GAP8_V2/GCC_RISCV_FREERTOS//gap_sdk/rtos/freeRTOS/freertos_kernel/timers.o
                0x000000001c00b53a                xTimerPendFunctionCallFromISR
 .text.xEventGroupCreate
                0x000000001c00b562       0x26 /module/examples/other/imflip_handler/BUILD/GAP8_V2/GCC_RISCV_FREERTOS//gap_sdk/rtos/freeRTOS/freertos_kernel/event_groups.o
                0x000000001c00b562                xEventGroupCreate
 .text.xEventGroupWaitBits
                0x000000001c00b588       0xdc /module/examples/other/imflip_handler/BUILD/GAP8_V2/GCC_RISCV_FREERTOS//gap_sdk/rtos/freeRTOS/freertos_kernel/event_groups.o
                0x000000001c00b588                xEventGroupWaitBits
 .text.xEventGroupSetBits
                0x000000001c00b664       0x9a /module/examples/other/imflip_handler/BUILD/GAP8_V2/GCC_RISCV_FREERTOS//gap_sdk/rtos/freeRTOS/freertos_kernel/event_groups.o
                0x000000001c00b664                xEventGroupSetBits
 .text.vEventGroupSetBitsCallback
                0x000000001c00b6fe       0x96 /module/examples/other/imflip_handler/BUILD/GAP8_V2/GCC_RISCV_FREERTOS//gap_sdk/rtos/freeRTOS/freertos_kernel/event_groups.o
                0x000000001c00b6fe                vEventGroupSetBitsCallback
 .text.vApplicationIdleHook
                0x000000001c00b794       0x16 /module/examples/other/imflip_handler/BUILD/GAP8_V2/GCC_RISCV_FREERTOS//gap_sdk/rtos/freeRTOS/demos/gwt/config/gap8/FreeRTOS_util.o
                0x000000001c00b794                vApplicationIdleHook
 .text.vApplicationGetIdleTaskMemory
                0x000000001c00b7aa       0x18 /module/examples/other/imflip_handler/BUILD/GAP8_V2/GCC_RISCV_FREERTOS//gap_sdk/rtos/freeRTOS/demos/gwt/config/gap8/FreeRTOS_util.o
                0x000000001c00b7aa                vApplicationGetIdleTaskMemory
 .text.vApplicationGetTimerTaskMemory
                0x000000001c00b7c2       0x1c /module/examples/other/imflip_handler/BUILD/GAP8_V2/GCC_RISCV_FREERTOS//gap_sdk/rtos/freeRTOS/demos/gwt/config/gap8/FreeRTOS_util.o
                0x000000001c00b7c2                vApplicationGetTimerTaskMemory
                0x000000001c00b7e0                . = ALIGN (0x4)
 *fill*         0x000000001c00b7de        0x2 
                0x000000001c00b7e0                __cluster_text_start = .
 *(.cluster.text)
 *(.cluster.text.*)
                0x000000001c00b7e0                __cluster_text_end = .
                0x000000001c00b7e0                _etext = .
 *(.lit)
 *(.shdata)
                0x000000001c00b7e0                _endtext = .

.ctors          0x000000001c00b7e0        0x0
                0x000000001c00b7e0                . = ALIGN (0x4)
                0x000000001c00b7e0                __CTOR_LIST__ = .
 *crtbegin.o(.ctors)
 *crtbegin?.o(.ctors)
 *(EXCLUDE_FILE(*crtend.o *crtend?.o) .ctors)
 *(SORT(.ctors.*))
 *(.ctors)
                0x000000001c00b7e0                __CTOR_END__ = .

.dtors          0x000000001c00b7e0        0x0
                0x000000001c00b7e0                . = ALIGN (0x4)
                0x000000001c00b7e0                __DTOR_LIST__ = .
 *crtbegin.o(.dtors)
 *crtbegin?.o(.dtors)
 *(EXCLUDE_FILE(*crtend.o *crtend?.o) .dtors)
 *(SORT(.dtors.*))
 *(.dtors)
                0x000000001c00b7e0                __DTOR_END__ = .

.preinit_array  0x000000001c00b7e0        0x0
                [!provide]                        PROVIDE (__preinit_array_start, .)
 *(.preinit_array*)
                [!provide]                        PROVIDE (__preinit_array_end, .)

.init_array     0x000000001c00b7e0        0x0
                [!provide]                        PROVIDE (__init_array_start, .)
 *(SORT(.init_array.*))
 *(.init_array*)
                [!provide]                        PROVIDE (__init_array_end, .)

.fini_array     0x000000001c00b7e0        0x0
                [!provide]                        PROVIDE (__fini_array_start, .)
 *(SORT(.fini_array.*))
 *(.fini_array*)
                [!provide]                        PROVIDE (__fini_array_end, .)

.rodata         0x000000001c00b7e0      0x6e0
                0x000000001c00b7e0                . = ALIGN (0x4)
 *(.rodata)
 .rodata        0x000000001c00b7e0       0x3c /usr/lib/gap_riscv_toolchain/bin/../lib/gcc/riscv32-unknown-elf/7.1.1/rv32imcxgap8/ilp32/libgcc.a(divdf3.o)
 .rodata        0x000000001c00b81c       0x3c /usr/lib/gap_riscv_toolchain/bin/../lib/gcc/riscv32-unknown-elf/7.1.1/rv32imcxgap8/ilp32/libgcc.a(muldf3.o)
 *(.rodata.*)
 .rodata.cam_handler.str1.4
                0x000000001c00b858      0x123 /module/examples/other/imflip_handler/BUILD/GAP8_V2/GCC_RISCV_FREERTOS/hello_world_gap8.o
 *fill*         0x000000001c00b97b        0x1 
 .rodata.start_example.str1.4
                0x000000001c00b97c       0xcc /module/examples/other/imflip_handler/BUILD/GAP8_V2/GCC_RISCV_FREERTOS/hello_world_gap8.o
 .rodata.com_init.str1.4
                0x000000001c00ba48       0x35 /module/examples/other/imflip_handler/BUILD/GAP8_V2/GCC_RISCV_FREERTOS/../../../lib/cpx/src/com.o
 *fill*         0x000000001c00ba7d        0x3 
 .rodata.cpxInit.str1.4
                0x000000001c00ba80       0x2a /module/examples/other/imflip_handler/BUILD/GAP8_V2/GCC_RISCV_FREERTOS/../../../lib/cpx/src/cpx.o
 *fill*         0x000000001c00baaa        0x2 
 .rodata.cpx_rx_task.str1.4
                0x000000001c00baac       0x20 /module/examples/other/imflip_handler/BUILD/GAP8_V2/GCC_RISCV_FREERTOS/../../../lib/cpx/src/cpx.o
 .rodata.__func__.10744
                0x000000001c00bacc        0xd /module/examples/other/imflip_handler/BUILD/GAP8_V2/GCC_RISCV_FREERTOS//gap_sdk/rtos/freeRTOS/vendors/gwt/gap8/src/device/gap8_it.o
 *fill*         0x000000001c00bad9        0x3 
 .rodata.__func__.10748
                0x000000001c00badc       0x10 /module/examples/other/imflip_handler/BUILD/GAP8_V2/GCC_RISCV_FREERTOS//gap_sdk/rtos/freeRTOS/vendors/gwt/gap8/src/device/gap8_it.o
 .rodata._ill_insn_print.str1.4
                0x000000001c00baec       0x3f /module/examples/other/imflip_handler/BUILD/GAP8_V2/GCC_RISCV_FREERTOS//gap_sdk/rtos/freeRTOS/vendors/gwt/gap8/src/device/gap8_it.o
 *fill*         0x000000001c00bb2b        0x1 
 .rodata._isr_default.str1.4
                0x000000001c00bb2c       0x3e /module/examples/other/imflip_handler/BUILD/GAP8_V2/GCC_RISCV_FREERTOS//gap_sdk/rtos/freeRTOS/vendors/gwt/gap8/src/device/gap8_it.o
 *fill*         0x000000001c00bb6a        0x2 
 .rodata.__pi_i2c_open.cst4
                0x000000001c00bb6c        0x4 /module/examples/other/imflip_handler/BUILD/GAP8_V2/GCC_RISCV_FREERTOS//gap_sdk/rtos/freeRTOS/vendors/gwt/gap8/pmsis/drivers/udma/i2c/i2c_internal.o
 .rodata.__func__.10989
                0x000000001c00bb70        0xe /module/examples/other/imflip_handler/BUILD/GAP8_V2/GCC_RISCV_FREERTOS//gap_sdk/rtos/freeRTOS/vendors/gwt/gap8/pmsis/drivers/udma/spi/spi_internal.o
 *fill*         0x000000001c00bb7e        0x2 
 .rodata.__pi_spi_open.str1.4
                0x000000001c00bb80       0x61 /module/examples/other/imflip_handler/BUILD/GAP8_V2/GCC_RISCV_FREERTOS//gap_sdk/rtos/freeRTOS/vendors/gwt/gap8/pmsis/drivers/udma/spi/spi_internal.o
 *fill*         0x000000001c00bbe1        0x3 
 .rodata.__himax_open.str1.4
                0x000000001c00bbe4       0x32 /module/examples/other/imflip_handler/BUILD/GAP8_V2/GCC_RISCV_FREERTOS//gap_sdk/rtos/pmsis/pmsis_bsp/camera/himax/himax.o
 *fill*         0x000000001c00bc16        0x2 
 .rodata.__himax_reg_init
                0x000000001c00bc18      0x11c /module/examples/other/imflip_handler/BUILD/GAP8_V2/GCC_RISCV_FREERTOS//gap_sdk/rtos/pmsis/pmsis_bsp/camera/himax/himax.o
 .rodata.pmsis_event_kernel_init.str1.4
                0x000000001c00bd34       0x2a /module/examples/other/imflip_handler/BUILD/GAP8_V2/GCC_RISCV_FREERTOS//gap_sdk/rtos/freeRTOS/vendors/gwt/pmsis/rtos/event_kernel/event_kernel.o
 *fill*         0x000000001c00bd5e        0x2 
 .rodata.pi_l2_malloc.str1.4
                0x000000001c00bd60        0xf /module/examples/other/imflip_handler/BUILD/GAP8_V2/GCC_RISCV_FREERTOS//gap_sdk/rtos/freeRTOS/vendors/gwt/pmsis/rtos/malloc/l2_malloc.o
 *fill*         0x000000001c00bd6f        0x1 
 .rodata.__os_native_kickoff.str1.4
                0x000000001c00bd70       0x3c /module/examples/other/imflip_handler/BUILD/GAP8_V2/GCC_RISCV_FREERTOS//gap_sdk/rtos/freeRTOS/vendors/gwt/pmsis/backend/pmsis_backend_native_task_api.o
 *fill*         0x000000001c00bdac        0x4 
 .rodata._etoa.cst8
                0x000000001c00bdb0       0x90 /module/examples/other/imflip_handler/BUILD/GAP8_V2/GCC_RISCV_FREERTOS//gap_sdk/rtos/freeRTOS/vendors/gwt/libs/printf/printf.o
 .rodata._etoa.str1.4
                0x000000001c00be40       0x15 /module/examples/other/imflip_handler/BUILD/GAP8_V2/GCC_RISCV_FREERTOS//gap_sdk/rtos/freeRTOS/vendors/gwt/libs/printf/printf.o
 *fill*         0x000000001c00be55        0x3 
 .rodata._ftoa.part.1.cst8
                0x000000001c00be58        0x8 /module/examples/other/imflip_handler/BUILD/GAP8_V2/GCC_RISCV_FREERTOS//gap_sdk/rtos/freeRTOS/vendors/gwt/libs/printf/printf.o
 .rodata.pow10.1787
                0x000000001c00be60       0x50 /module/examples/other/imflip_handler/BUILD/GAP8_V2/GCC_RISCV_FREERTOS//gap_sdk/rtos/freeRTOS/vendors/gwt/libs/printf/printf.o
 .rodata.xTimerCreateTimerTask.str1.4
                0x000000001c00beb0       0x10 /module/examples/other/imflip_handler/BUILD/GAP8_V2/GCC_RISCV_FREERTOS//gap_sdk/rtos/freeRTOS/freertos_kernel/timers.o
 *(.srodata)
 *(.srodata.*)
 *(.eh_frame*)

.rela.dyn       0x000000001c00bec0        0x0
 .rela.text.start_example
                0x000000001c00bec0        0x0 /module/examples/other/imflip_handler/BUILD/GAP8_V2/GCC_RISCV_FREERTOS/hello_world_gap8.o
 .rela.text.cam_handler
                0x000000001c00bec0        0x0 /module/examples/other/imflip_handler/BUILD/GAP8_V2/GCC_RISCV_FREERTOS/hello_world_gap8.o
 .rela.text.input_result
                0x000000001c00bec0        0x0 /module/examples/other/imflip_handler/BUILD/GAP8_V2/GCC_RISCV_FREERTOS/hello_world_gap8.o
 .rela.text.output_result
                0x000000001c00bec0        0x0 /module/examples/other/imflip_handler/BUILD/GAP8_V2/GCC_RISCV_FREERTOS/hello_world_gap8.o
 .rela.text.startup.main
                0x000000001c00bec0        0x0 /module/examples/other/imflip_handler/BUILD/GAP8_V2/GCC_RISCV_FREERTOS/hello_world_gap8.o
 .rela.text.vDataReadyISR
                0x000000001c00bec0        0x0 /module/examples/other/imflip_handler/BUILD/GAP8_V2/GCC_RISCV_FREERTOS/hello_world_gap8.o
 .rela.text.com_task
                0x000000001c00bec0        0x0 /module/examples/other/imflip_handler/BUILD/GAP8_V2/GCC_RISCV_FREERTOS/hello_world_gap8.o
 .rela.text.set_gap8_rtt_pin
                0x000000001c00bec0        0x0 /module/examples/other/imflip_handler/BUILD/GAP8_V2/GCC_RISCV_FREERTOS/hello_world_gap8.o
 .rela.text.com_init
                0x000000001c00bec0        0x0 /module/examples/other/imflip_handler/BUILD/GAP8_V2/GCC_RISCV_FREERTOS/hello_world_gap8.o
 .rela.text.com_read
                0x000000001c00bec0        0x0 /module/examples/other/imflip_handler/BUILD/GAP8_V2/GCC_RISCV_FREERTOS/hello_world_gap8.o
 .rela.text.com_write
                0x000000001c00bec0        0x0 /module/examples/other/imflip_handler/BUILD/GAP8_V2/GCC_RISCV_FREERTOS/hello_world_gap8.o
 .rela.text.cpx_rx_task
                0x000000001c00bec0        0x0 /module/examples/other/imflip_handler/BUILD/GAP8_V2/GCC_RISCV_FREERTOS/hello_world_gap8.o
 .rela.text.cpxEnableFunction
                0x000000001c00bec0        0x0 /module/examples/other/imflip_handler/BUILD/GAP8_V2/GCC_RISCV_FREERTOS/hello_world_gap8.o
 .rela.text.cpxReceivePacketBlocking
                0x000000001c00bec0        0x0 /module/examples/other/imflip_handler/BUILD/GAP8_V2/GCC_RISCV_FREERTOS/hello_world_gap8.o
 .rela.text.cpxSendPacketBlocking
                0x000000001c00bec0        0x0 /module/examples/other/imflip_handler/BUILD/GAP8_V2/GCC_RISCV_FREERTOS/hello_world_gap8.o
 .rela.text.cpxPrintToConsole
                0x000000001c00bec0        0x0 /module/examples/other/imflip_handler/BUILD/GAP8_V2/GCC_RISCV_FREERTOS/hello_world_gap8.o
 .rela.text.cpxInit
                0x000000001c00bec0        0x0 /module/examples/other/imflip_handler/BUILD/GAP8_V2/GCC_RISCV_FREERTOS/hello_world_gap8.o
 .rela.text     0x000000001c00bec0        0x0 /module/examples/other/imflip_handler/BUILD/GAP8_V2/GCC_RISCV_FREERTOS/hello_world_gap8.o
 .rela.text.reset
                0x000000001c00bec0        0x0 /module/examples/other/imflip_handler/BUILD/GAP8_V2/GCC_RISCV_FREERTOS/hello_world_gap8.o
 .rela.vectors_irq
                0x000000001c00bec0        0x0 /module/examples/other/imflip_handler/BUILD/GAP8_V2/GCC_RISCV_FREERTOS/hello_world_gap8.o
 .rela.text.system_init
                0x000000001c00bec0        0x0 /module/examples/other/imflip_handler/BUILD/GAP8_V2/GCC_RISCV_FREERTOS/hello_world_gap8.o
 .rela.text.system_setup_systick
                0x000000001c00bec0        0x0 /module/examples/other/imflip_handler/BUILD/GAP8_V2/GCC_RISCV_FREERTOS/hello_world_gap8.o
 .rela.text.system_core_clock_update
                0x000000001c00bec0        0x0 /module/examples/other/imflip_handler/BUILD/GAP8_V2/GCC_RISCV_FREERTOS/hello_world_gap8.o
 .rela.text.system_usermode_entry
                0x000000001c00bec0        0x0 /module/examples/other/imflip_handler/BUILD/GAP8_V2/GCC_RISCV_FREERTOS/hello_world_gap8.o
 .rela.text.system_exit
                0x000000001c00bec0        0x0 /module/examples/other/imflip_handler/BUILD/GAP8_V2/GCC_RISCV_FREERTOS/hello_world_gap8.o
 .rela.text.pi_log_write.constprop.0
                0x000000001c00bec0        0x0 /module/examples/other/imflip_handler/BUILD/GAP8_V2/GCC_RISCV_FREERTOS/hello_world_gap8.o
 .rela.text._isr_default
                0x000000001c00bec0        0x0 /module/examples/other/imflip_handler/BUILD/GAP8_V2/GCC_RISCV_FREERTOS/hello_world_gap8.o
 .rela.text.uTaskCheckQuantum
                0x000000001c00bec0        0x0 /module/examples/other/imflip_handler/BUILD/GAP8_V2/GCC_RISCV_FREERTOS/hello_world_gap8.o
 .rela.text._ill_insn_print
                0x000000001c00bec0        0x0 /module/examples/other/imflip_handler/BUILD/GAP8_V2/GCC_RISCV_FREERTOS/hello_world_gap8.o
 .rela.text.__uart_putc_cluster_req
                0x000000001c00bec0        0x0 /module/examples/other/imflip_handler/BUILD/GAP8_V2/GCC_RISCV_FREERTOS/hello_world_gap8.o
 .rela.text.printf_uart_init
                0x000000001c00bec0        0x0 /module/examples/other/imflip_handler/BUILD/GAP8_V2/GCC_RISCV_FREERTOS/hello_world_gap8.o
 .rela.text.__io_lock
                0x000000001c00bec0        0x0 /module/examples/other/imflip_handler/BUILD/GAP8_V2/GCC_RISCV_FREERTOS/hello_world_gap8.o
 .rela.text.__io_unlock
                0x000000001c00bec0        0x0 /module/examples/other/imflip_handler/BUILD/GAP8_V2/GCC_RISCV_FREERTOS/hello_world_gap8.o
 .rela.text._putchar
                0x000000001c00bec0        0x0 /module/examples/other/imflip_handler/BUILD/GAP8_V2/GCC_RISCV_FREERTOS/hello_world_gap8.o
 .rela.text.puts
                0x000000001c00bec0        0x0 /module/examples/other/imflip_handler/BUILD/GAP8_V2/GCC_RISCV_FREERTOS/hello_world_gap8.o
 .rela.text.system_exit_printf_flush
                0x000000001c00bec0        0x0 /module/examples/other/imflip_handler/BUILD/GAP8_V2/GCC_RISCV_FREERTOS/hello_world_gap8.o
 .rela.sdata.g_lock
                0x000000001c00bec0        0x0 /module/examples/other/imflip_handler/BUILD/GAP8_V2/GCC_RISCV_FREERTOS/hello_world_gap8.o
 .rela.sdata.g_unlock
                0x000000001c00bec0        0x0 /module/examples/other/imflip_handler/BUILD/GAP8_V2/GCC_RISCV_FREERTOS/hello_world_gap8.o
 .rela.text.__pi_cl_delegate_l2_alloc
                0x000000001c00bec0        0x0 /module/examples/other/imflip_handler/BUILD/GAP8_V2/GCC_RISCV_FREERTOS/hello_world_gap8.o
 .rela.text.__pi_cl_delegate_l2_free
                0x000000001c00bec0        0x0 /module/examples/other/imflip_handler/BUILD/GAP8_V2/GCC_RISCV_FREERTOS/hello_world_gap8.o
 .rela.text.pi_cl_l2_malloc
                0x000000001c00bec0        0x0 /module/examples/other/imflip_handler/BUILD/GAP8_V2/GCC_RISCV_FREERTOS/hello_world_gap8.o
 .rela.text.pi_cl_l2_free
                0x000000001c00bec0        0x0 /module/examples/other/imflip_handler/BUILD/GAP8_V2/GCC_RISCV_FREERTOS/hello_world_gap8.o
 .rela.text.cl_notify_fc_event_handler
                0x000000001c00bec0        0x0 /module/examples/other/imflip_handler/BUILD/GAP8_V2/GCC_RISCV_FREERTOS/hello_world_gap8.o
 .rela.text.pi_cl_send_task_to_fc
                0x000000001c00bec0        0x0 /module/examples/other/imflip_handler/BUILD/GAP8_V2/GCC_RISCV_FREERTOS/hello_world_gap8.o
 .rela.text.__os_native_api_mutex_lock
                0x000000001c00bec0        0x0 /module/examples/other/imflip_handler/BUILD/GAP8_V2/GCC_RISCV_FREERTOS/hello_world_gap8.o
 .rela.text.__os_native_api_mutex_release
                0x000000001c00bec0        0x0 /module/examples/other/imflip_handler/BUILD/GAP8_V2/GCC_RISCV_FREERTOS/hello_world_gap8.o
 .rela.text.pi_cluster_open_async
                0x000000001c00bec0        0x0 /module/examples/other/imflip_handler/BUILD/GAP8_V2/GCC_RISCV_FREERTOS/hello_world_gap8.o
 .rela.text.pi_cluster_close
                0x000000001c00bec0        0x0 /module/examples/other/imflip_handler/BUILD/GAP8_V2/GCC_RISCV_FREERTOS/hello_world_gap8.o
 .rela.text.pi_cluster_open
                0x000000001c00bec0        0x0 /module/examples/other/imflip_handler/BUILD/GAP8_V2/GCC_RISCV_FREERTOS/hello_world_gap8.o
 .rela.text.cl_task_finish
                0x000000001c00bec0        0x0 /module/examples/other/imflip_handler/BUILD/GAP8_V2/GCC_RISCV_FREERTOS/hello_world_gap8.o
 .rela.text.pi_cluster_send_task_to_cl
                0x000000001c00bec0        0x0 /module/examples/other/imflip_handler/BUILD/GAP8_V2/GCC_RISCV_FREERTOS/hello_world_gap8.o
 .rela.text.pi_cluster_send_task_to_cl_async
                0x000000001c00bec0        0x0 /module/examples/other/imflip_handler/BUILD/GAP8_V2/GCC_RISCV_FREERTOS/hello_world_gap8.o
 .rela.text.__pi_cl_delegate_hyper_alloc